Device = Madrid
FW Version = 1.9.4.2017
App Version = 1.3
Serial Number = 00001E00010B00000000
"Linux version 2.6.31-leapfrog (rdowling@rdowling-t400) (gcc version 4.1.1) #1 Tue Mar 29 09:59:15 PDT 2011",0.00
"CPU: ARM926EJ-S [41069265] revision 5 (ARMv5TEJ), cr=00053177",0.00
"CPU: VIVT data cache, VIVT instruction cache",0.00
"Machine: ARM-LF1000",0.00
"Memory policy: ECC disabled, Data cache writeback",0.00
"On node 0 totalpages: 11776",0.00
"free_area_init_node: node 0, pgdat c0416b74, node_mem_map c0459000",0.00
"Normal zone: 92 pages used for memmap",0.00
"Normal zone: 0 pages reserved",0.00
"Normal zone: 11684 pages, LIFO batch:1",0.00
"lf1000_oscvco_set.65 pll 0, not changed already set to 0x00DF2100",0.00
"PLL0=393.218109 MHz   PLL1=144.000 MHz   Built 1 zonelists in Zone order, mobility grouping on.  Total pages: 11684",0.00
"Kernel command line: init=/sbin/init console=ttyS0,115200 loglevel=2 mem=46M mlc_fb=0x82E00000,0x01200000 ram=0x80000000-0x83FFFFFF screen_module=ILI6480G2 root=/dev/mmcblk0p3 rootwait ",0.00
"PID hash table entries: 256 (order: 8, 1024 bytes)",0.00
"Dentry cache hash table entries: 8192 (order: 3, 32768 bytes)",0.00
"Inode-cache hash table entries: 4096 (order: 2, 16384 bytes)",0.00
"Memory: 46MB = 46MB total",0.00
"Memory: 42188KB available (3816K code, 396K data, 112K init, 0K highmem)",0.00
"NR_IRQS:256",0.00
"TIM0=  4.500 MHz   TIM1=  4.500 MHz   TIM2=  4.500 MHz   TIM3=  4.500 MHz   TIM4=  4.500 MHz   ",0.00
"console [ttyS0] enabled",0.00
"Calibrating delay loop (skipped) preset value.. 786.43 BogoMIPS (lpj=3932181)",0.00
"Mount-cache hash table entries: 512",0.00
"CPU: Testing write buffer coherency: ok",0.00
"NET: Registered protocol family 16",0.02
"bio: create slab <bio-0> at 0",0.06
"usbcore: registered new interface driver usbfs",0.07
"usbcore: registered new interface driver hub",0.07
"usbcore: registered new device driver usb",0.07
"NET: Registered protocol family 2",0.09
"IP route cache hash table entries: 1024 (order: 0, 4096 bytes)",0.09
"TCP established hash table entries: 2048 (order: 2, 16384 bytes)",0.09
"TCP bind hash table entries: 2048 (order: 1, 8192 bytes)",0.09
"TCP: Hash tables configured (established 2048 bind 2048)",0.09
"TCP reno registered",0.09
"NET: Registered protocol family 1",0.09
"arch/arm/mach-lf1000/gpio_main.c.check_for_touchscreen:1350 found touchscreen",0.10
"Reading Board ID =  0x0b",0.10
"lf1000-dpc lf1000-dpc: screen: 480x272",0.10
"fuse init (API version 7.12)",0.11
"msgmni has been set to 82",0.11
"alg: No test for stdrng (krng)",0.12
"io scheduler noop registered",0.12
"io scheduler deadline registered (default)",0.12
"lf1000-bl lf1000-bl: Using PWM Channel 2 for backlight",0.12
"lf1000-bl lf1000-bl: PWM rate is 9600000",0.12
"lf1000-fb lf1000-fb: layers=3, screen=480x272",0.12
"lf1000-fb lf1000-fb: got IRQ 0",0.12
"lf1000-fb lf1000-fb: layer=0, xyres=480x272",0.12
"lf1000-fb lf1000-fb: layer=1, xyres=480x272",0.13
"lf1000-fb lf1000-fb: layer=2, xyres=480x272",0.14
"Serial: 8250/16550 driver $Revision: 1.90 $ 1 ports, IRQ sharing disabled",0.16
"serial8250: ttyS0 at MMIO 0x0 (irq = 10) is a 8250",0.16
"brd: module loaded",0.17
"ohci_hcd: USB 1.1 'Open' Host Controller (OHCI) Driver",0.17
"lf1000-ohci lf1000-ohci: LF1000 OHCI",0.17
"lf1000-ohci lf1000-ohci: new USB bus registered, assigned bus number 1",0.17
"lf1000-ohci lf1000-ohci: irq 28, io mem 0xc000d000",0.17
"after hcd->driver->start",0.24
"usb usb1: configuration #1 chosen from 1 choice",0.24
"hub 1-0:1.0: USB hub found",0.24
"hub 1-0:1.0: 2 ports detected",0.24
"usb_add_hcd() returns 0",0.24
"IRQ 31/lf1000-rtc: IRQF_DISABLED is not guaranteed on shared IRQs",0.25
"lf1000-rtc: dev (254:0)",0.25
"lf1000-rtc lf1000-rtc: rtc core: registered lf1000-rtc as rtc0",0.25
"LF1000 Real Time Clock driver.",0.25
"i2c /dev entries driver",0.25
"Software Watchdog Timer: 0.07 initialized. soft_noboot=0 soft_margin=60 sec (nowayout= 0)",0.32
"usbcore: registered new interface driver usbhid",0.37
"usbhid: v2.6:USB HID core driver",0.37
"MTD: Controller Initialized",0.37
"nand_get_flash_type(...): Manu_ID = 49, Dev_ID = 49 ",0.38
"NAND device: Manufacturer ID: 0x49, Chip ID: 0x49 (Unknown NAND 128MiB 1,8V 16-bit)",0.39
"NAND bus width 8 instead 16 bit",0.39
"No NAND device found!!!",0.39
"lf1000-nand lf1000-nand: Failed to find on board NAND",0.39
"Creating 5 MTD partitions on "lf1000-base":",0.39
"x000000000000-0x000000100000 : "Emerald_Boot"",0.39
"mtd: partition "Emerald_Boot" is out of reach -- disabled",0.39
"x000000100000-0x000000200000 : "I18n_Screens"",0.81
"mtd: partition "I18n_Screens" is out of reach -- disabled",0.81
"x000000200000-0x000000a00000 : "Kernel"",0.81
"mtd: partition "Kernel" is out of reach -- disabled",0.81
"x000000a00000-0x000006000000 : "RFS"",0.81
"mtd: partition "RFS" is out of reach -- disabled",0.81
"x000006000000-0x000000000000 : "Bulk"",0.82
"mtd: partition "Bulk" is out of reach -- disabled",0.82
"Probing nor-flash at physical address 0x00000000 (8-bit bankwidth)",0.82
"Found: SST 39LF040",0.82
"nor-flash: Found 1 x8 devices at 0x0 in 8-bit bank",0.82
"number of JEDEC chips: 1",0.82
"cfi_cmdset_0002: Disabling erase-suspend-program due to code brokenness.",0.82
"lf1000_flash_probe().96",0.82
"lf1000_flash_probe().147",0.82
"Creating 3 MTD partitions on "nor-flash":",0.82
"x000000000000-0x00000007e000 : "NOR_Boot"",0.82
"x00000007e000-0x00000007f000 : "MfgData0"",0.82
"x00000007f000-0x000000080000 : "MfgData1"",0.82
"lf1000-power lf1000-power: lf1000_power_probe.956 use LFP100 power control",0.83
"input: Power Button as /class/input/input0",0.83
"lf1000-power lf1000-power: lf1000_power_probe.1005 status is: 1",0.84
"lf1000-power lf1000-power: lf1000_power_probe.1008 have_external is: 1",0.84
"lf1000-power lf1000-power: lf1000_power_probe.1011 initial battery reading is: 6287",0.84
"input: LF1000 Keyboard as /class/input/input1",0.84
"resource BUTTON_A (8) port is undefined (-1)",0.84
"resource BUTTON_A (8) pin is undefined (-1)",0.84
"resource BUTTON_B (9) port is undefined (-1)",0.84
"resource BUTTON_B (9) pin is undefined (-1)",0.84
"resource SHOULDER_LEFT (10) port is undefined (-1)",0.84
"resource SHOULDER_LEFT (10) pin is undefined (-1)",0.84
"resource SHOULDER_RIGHT (11) port is undefined (-1)",0.84
"resource SHOULDER_RIGHT (11) pin is undefined (-1)",0.84
"resource BUTTON_HOME (12) port is undefined (-1)",0.84
"resource BUTTON_HOME (12) pin is undefined (-1)",0.84
"resource BUTTON_HINT (13) port is undefined (-1)",0.84
"resource BUTTON_HINT (13) pin is undefined (-1)",0.84
"resource BUTTON_PAUSE (14) port is undefined (-1)",0.84
"resource BUTTON_PAUSE (14) pin is undefined (-1)",0.84
"resource BUTTON_BRIGHTNESS (15) port is undefined (-1)",0.84
"resource BUTTON_BRIGHTNESS (15) pin is undefined (-1)",0.84
"resource BUTTON_RED (23) port is undefined (-1)",0.84
"resource BUTTON_RED (23) pin is undefined (-1)",0.84
"input: LF1000 Accelerometer as /class/input/input2",0.84
"bma_detect: BMA220 device found",0.85
"Advanced Linux Sound Architecture Driver Version 1.0.20.",0.86
"ALSA device list:",0.87
"No soundcards found.",0.87
"TCP cubic registered",0.87
"NET: Registered protocol family 17",0.87
"lf1000_rtc_readtime(): 2011-01-01 00:42:04",0.88
"lf1000-rtc lf1000-rtc: setting system clock to 2011-01-01 00:42:04 UTC (1293842524)",0.88
"Waiting for root device /dev/mmcblk0p3...",0.88
"mmc0: host does not support reading read-only switch. assuming write-enable.",1.29
"mmc0: new high speed SD card at address b368",1.29
"mmcblk0: mmc0:b368 SD04G 1.87 GiB ",1.30
"mmcblk0: p1 p2 p3 p4",1.30
"mmcblk0: p4 size 3756024 exceeds device capacity, limited to end of disk",1.30
"kjournald starting.  Commit interval 5 seconds",1.40
"EXT3 FS on mmcblk0p3, internal journal",1.40
"EXT3-fs: mounted filesystem with writeback data mode.",1.40
"VFS: Mounted root (ext3 filesystem) on device 179:3.",1.40
"Freeing init memory: 112K",1.40
"End mount -a",1.70
"lf1000-usbgadget lf1000-usbgadget: probe",1.79
"input: LF1000 USB as /class/input/input3",1.81
"End mdev",2.61
"i2c-adapter i2c-0: no ACK in xfer_write",2.65
"i2c: no ACK in xfer_read",2.65
"No device for DAI lf1000-i2s",2.74
"lfp100-codec 0-00cc: i2c-0xCC lfp100_i2c_probe",2.78
"didj-asoc didj-asoc: didj_audio_probe.112",2.83
"asoc: lfp100-codec <-> lf1000-i2s mapping ok",2.84
"Bgn app",3.64
"Bgn AppManager",4.27
"lf1000_pll1_clock_changed.930 TIMER_SYS_TICK=45000",4.32
"End display legal",4.33
"Bgn sounds/startup.wav",4.60
"lf1000-usbgadget lf1000-usbgadget: usb_gadget_register_driver 'g_ether'",5.37
"lf1000-usbgadget lf1000-usbgadget: binding gadget driver 'g_ether'",5.37
"usb0: MAC 80:38:fd:03:65:01",5.39
"usb0: HOST MAC 80:38:fd:83:65:01",5.39
"g_ether gadget: Ethernet Gadget, version: Veterans Day 2009",5.39
"g_ether gadget: g_ether ready",5.39
"End usbether",5.41
"Bgn mounts at 2s",5.64
"input: LF1000 touchscreen interface as /class/input/input4",5.70
"input: LF1000 touchscreen raw as /class/input/input5",5.76
"input input4: lf1000_ts2: probe done ok",5.78
"End touchscreen",5.82
"kjournald starting.  Commit interval 5 seconds[DUPE]",6.16
"EXT3 FS on mmcblk0p4, internal journal",6.41
"EXT3-fs: mounted filesystem with writeback data mode.[DUPE]",6.41
"End mounts",6.51
"End setcal",6.69
"AppManager: Entered main function: ",6.97
"End sounds/startup.wav",7.06
"AppManager: Bgn Init Logging: ",7.33
"AppManager: Bgn Get Splash Json: ",7.35
"AppManager: Start splash video: ",8.37
"AppManager: Bgn InitMutex: ",8.38
"AppManager: End SetupSystem: ",8.40
"AppManager: End Init CLogFile: ",8.42
"AppManager: End Load DidjPatches: ",8.43
"AppManager: Bgn Set Profile Logging: ",8.43
"AppManager: End Set Profile Logging: ",8.47
"AppManager: End Set Power & USB: ",8.48
"AppManager: Bgn Load main.swf: ",8.48
"AppManager: End Load main.swf: ",9.53
"AppManager: UI loaded: ",9.53
"AppManager: Flash Player: Begin Constructing DidjPlayer: ",9.53
"AppManager: FlashPlayer: Begin Create SI Library: ",9.54
"AppManager: FlashPlayer: End Create SI Library: ",9.54
"AppManager: Flash Player: End Constructing DidjPlayer: ",9.55
"AppManager: FlashPlayer: Begin Load Movie: ",9.59
"AppManager: FlashPlayer: Begin Create Player: ",9.60
"AppManager: FlashPlayer: End Create Player: ",10.00
"AppManager: FlashPlayer: Begin Set MIME Types: ",10.00
"AppManager: FlashPlayer: End Set MIME Types: ",10.01
"AppManager: FlashPlayer: Begin Set SWF Data Buffer: ",10.01
"AppManager: FlashPlayer: End Set SWF Data Buffer: ",10.03
"AppManager: FlashPlayer: End Load Movie: ",10.03
"AppManager: UI entered: ",10.03
"AppManager: UI updated: ",12.01
"AppManager: End splash video: ",13.62
"Bgn Rest of networking at 10s",13.66
"Bgn CartManager",14.19
"End dbus-1",14.88
"End networking",15.66
"End avahi-daemon",16.14
"End vbus start",16.26
"End Rest of networking",16.31
"Bgn Version Logging at 15s",18.69
"End Version Logging",19.76
"Bgn power-button",34.53
"AppManager: Start shutdown video: ",37.89
"AppManager: End shutdown video: ",40.09
"End AppManager exit(0)",41.62
"Bgn Shutting down system",41.73
"End dbus-1 stop",41.81
"End vsftpd stop",41.87
"End telnetd stop",41.95
"End vbus stop",42.03
"End networking stop",42.11
"End usbether stop",42.52
"Bgn killall mainapp",42.60
"End killall mainapp",42.69
"Bgn umount -a",42.97
