Jan  1 02:12:45      0 syslog.info syslogd started: BusyBox v1.13.2---1
Jan  1 02:12:45      1 local4.notice Recovery Keep-Alives: boot_image=PLAY boot_source=NOR panic=0 power=WARM request=PLAY shutdown=DIRTY raw=0003E246
Jan  1 02:12:45      2 user.notice kernel: klogd started: BusyBox v1.13.2 (2010-11-05 10:51:29 PDT)
Jan  1 02:12:45      3 user.notice kernel: Linux version 2.6.31-leapfrog (muki@starlight) (gcc version 4.1.1) #3 Fri Jan 29 05:58:35 PST 2021
Jan  1 02:12:45      4 user.warn kernel: CPU: ARM926EJ-S [41069265] revision 5 (ARMv5TEJ), cr=00053177
Jan  1 02:12:45      5 user.warn kernel: CPU: VIVT data cache, VIVT instruction cache
Jan  1 02:12:45      6 user.warn kernel: Machine: ARM-LF1000
Jan  1 02:12:45      7 user.warn kernel: Memory policy: ECC disabled, Data cache writeback
Jan  1 02:12:45      8 user.debug kernel: On node 0 totalpages: 11776
Jan  1 02:12:45      9 user.debug kernel: free_area_init_node: node 0, pgdat c03d5624, node_mem_map c0418000
Jan  1 02:12:45     10 user.debug kernel:   Normal zone: 92 pages used for memmap
Jan  1 02:12:45     11 user.debug kernel:   Normal zone: 0 pages reserved
Jan  1 02:12:45     12 user.debug kernel:   Normal zone: 11684 pages, LIFO batch:1
Jan  1 02:12:45     13 user.info kernel: lf1000-nand lf1000-nand: Using 1-bit ECC
Jan  1 02:12:45     14 user.info kernel: lf1000-nand lf1000-nand:  subpage_sft 0, subpagesize 0
Jan  1 02:12:45     15 user.info kernel: lf1000-nand lf1000-nand:   IDB3 0x90, page_shift 11, pagemask x3ffff
Jan  1 02:12:45     16 user.info kernel:   bbt_erase_shift 17, chip_shift 29, badblkpos 0
Jan  1 02:12:45     17 user.err kernel: lf1000-nand lf1000-nand: I: chip->options & NAND_NO_SUBPAGE_WRITE = 0
Jan  1 02:12:45     18 user.err kernel: lf1000-nand lf1000-nand: I: chip->options & NAND_CI_CELLTYPE_MSK = 0
Jan  1 02:12:45     19 user.err kernel: lf1000-nand lf1000-nand: I: ecc.steps = 8
Jan  1 02:12:45     20 user.err kernel: lf1000-nand lf1000-nand: I: mtd=c28b0400 mtd->subpage_sft = 2
Jan  1 02:12:45     21 user.info kernel: Scanning device for bad blocks
Jan  1 02:12:45     22 user.warn kernel: Bad eraseblock 1642 at 0x00000cd40000
Jan  1 02:12:45     23 user.notice kernel: Creating 5 MTD partitions on "lf1000-base":
Jan  1 02:12:45     24 user.notice kernel: 0x000000000000-0x000000100000 : "Emerald_Boot"
Jan  1 02:12:45     25 user.notice kernel: 0x000000100000-0x000000200000 : "I18n_Screens"
Jan  1 02:12:45     26 user.notice kernel: 0x000000200000-0x000000a00000 : "Kernel"
Jan  1 02:12:45     27 user.notice kernel: 0x000000a00000-0x000006000000 : "RFS"
Jan  1 02:12:45     28 local4.notice Emerald Base: +++ 3.64 84 205 32 Bgn AppManager
Jan  1 02:12:45     29 local4.notice Emerald Base: Locale: could not find /var/screens-/LEGAL.png, defaulting to english
Jan  1 02:12:45     30 auth.notice su: + none root:game
Jan  1 02:12:45     31 user.notice kernel: 0x000006000000-0x000020000000 : "Bulk"
Jan  1 02:12:45     32 user.notice kernel: Probing nor-flash at physical address 0x00000000 (8-bit bankwidth)
Jan  1 02:12:45     33 user.info kernel: Found: SST 39LF040
Jan  1 02:12:45     34 user.info kernel: nor-flash: Found 1 x8 devices at 0x0 in 8-bit bank
Jan  1 02:12:45     35 user.notice kernel: number of JEDEC chips: 1
Jan  1 02:12:45     36 user.notice kernel: cfi_cmdset_0002: Disabling erase-suspend-program due to code brokenness.
Jan  1 02:12:45     37 user.info kernel: lf1000_flash_probe().96
Jan  1 02:12:45     38 user.info kernel: lf1000_flash_probe().147
Jan  1 02:12:45     39 user.notice kernel: Creating 3 MTD partitions on "nor-flash":
Jan  1 02:12:45     40 user.notice kernel: 0x000000000000-0x00000007e000 : "NOR_Boot"
Jan  1 02:12:45     41 user.notice kernel: 0x00000007e000-0x00000007f000 : "MfgData0"
Jan  1 02:12:45     42 user.notice kernel: 0x00000007f000-0x000000080000 : "MfgData1"
Jan  1 02:12:45     43 user.info kernel: lf1000-power lf1000-power: lf1000_power_probe.968 use LF1000 power control
Jan  1 02:12:45     44 user.info kernel: lf1000-power lf1000-power: lf1000_power_probe.1009 status is: 2
Jan  1 02:12:45     45 user.info kernel: lf1000-power lf1000-power: lf1000_power_probe.1012 have_external is: 0
Jan  1 02:12:45     46 user.info kernel: lf1000-power lf1000-power: lf1000_power_probe.1015 initial battery reading is: 5721
Jan  1 02:12:45     47 user.info kernel: input: Power Button as /class/input/input0
Jan  1 02:12:45     48 user.info kernel: input: LF1000 Keyboard as /class/input/input1
Jan  1 02:12:45     49 user.info kernel: resource BUTTON_RED (23) port is undefined (-1)
Jan  1 02:12:45     50 user.info kernel: resource BUTTON_RED (23) pin is undefined (-1)
Jan  1 02:12:45     51 user.info kernel: resource BUTTON_ESC (25) port is undefined (-1)
Jan  1 02:12:45     52 user.info kernel: resource BUTTON_ESC (25) pin is undefined (-1)
Jan  1 02:12:45     53 user.info kernel: Advanced Linux Sound Architecture Driver Version 1.0.20.
Jan  1 02:12:45     54 user.info kernel: ALSA device list:
Jan  1 02:12:45     55 user.info kernel:   No soundcards found.
Jan  1 02:12:45     56 user.info kernel: TCP cubic registered
Jan  1 02:12:45     57 user.info kernel: NET: Registered protocol family 17
Jan  1 02:12:45     58 user.debug kernel: lf1000_rtc_readtime(): 2008-01-01 02:12:42
Jan  1 02:12:45     59 user.info kernel: lf1000-rtc lf1000-rtc: setting system clock to 2008-01-01 02:12:42 UTC (1199153562)
Jan  1 02:12:45     60 user.info kernel: Waiting for root device /dev/mmcblk0p3...
Jan  1 02:12:45     61 user.warn kernel: mmc0: host does not support reading read-only switch. assuming write-enable.
Jan  1 02:12:45     62 user.info kernel: mmc0: new high speed SD card at address 0002
Jan  1 02:12:45     63 user.info kernel: mmcblk0: mmc0:0002 00000 1.86 GiB 
Jan  1 02:12:45     64 local4.notice Emerald Base: Locale: Loading /var/screens/LEGAL.png
Jan  1 02:12:45     65 user.info kernel: lf1000_pll1_clock_changed.930 TIMER_SYS_TICK=45000
Jan  1 02:12:46     66 local4.notice Emerald Base: Use ADC settings from NOR 33 2026
Jan  1 02:12:46     67 local4.notice Emerald Base: Starting Ethernet USB driver ...
Jan  1 02:12:46     68 user.info kernel: lf1000-usbgadget lf1000-usbgadget: usb_gadget_register_driver 'g_ether'
Jan  1 02:12:46     69 user.info kernel: lf1000-usbgadget lf1000-usbgadget: binding gadget driver 'g_ether'
Jan  1 02:12:46     70 user.info kernel: usb0: MAC 80:38:fd:04:f6:57
Jan  1 02:12:46     71 user.info kernel: usb0: HOST MAC 80:38:fd:84:f6:57
Jan  1 02:12:46     72 user.info kernel: g_ether gadget: Ethernet Gadget, version: Veterans Day 2009
Jan  1 02:12:46     73 user.info kernel: g_ether gadget: g_ether ready
Jan  1 02:12:46     74 local4.notice Emerald Base: Starting touch screen driver ...
Jan  1 02:12:47     75 user.info kernel: input: LF1000 touchscreen interface as /class/input/input3
Jan  1 02:12:47     76 user.info kernel: input: LF1000 touchscreen raw as /class/input/input4
Jan  1 02:12:47     77 user.info kernel: input input3: lf1000_ts2: probe done ok
Jan  1 02:12:47     78 local4.notice Emerald Base: setcal: Missing TS sensitivity calibration data file: /flags/set-ts.sh
Jan  1 02:12:47     79 local4.notice Emerald Base: setcal: Creating new one from 'tsp' region in NOR...
Jan  1 02:12:47     80 local4.err Emerald Base: +++ 5.93 189 316 32 Bgn Attaching Bulk
Jan  1 02:12:47     81 user.notice kernel: UBI: attaching mtd4 to ubi0
Jan  1 02:12:47     82 user.notice kernel: UBI: physical eraseblock size:   131072 bytes (128 KiB)
Jan  1 02:12:47     83 user.notice kernel: UBI: logical eraseblock size:    129024 bytes
Jan  1 02:12:47     84 user.notice kernel: UBI: smallest flash I/O unit:    2048
Jan  1 02:12:47     85 user.notice kernel: UBI: sub-page size:              512
Jan  1 02:12:47     86 user.notice kernel: UBI: VID header offset:          512 (aligned 512)
Jan  1 02:12:47     87 user.notice kernel: UBI: data offset:                2048
Jan  1 02:12:48     88 local4.notice Emerald Base: setcal: /flags/set-ts.sh generated from missing or corrupted NOR 'tsp' data; using defaults for 3inch
Jan  1 02:12:48     89 local4.notice Emerald Base: setcal:validate fails 7 arg count: ''
Jan  1 02:12:48     90 local4.notice Emerald Base: setcal: No USERCAL in /flags/pointercal; creating one with MfgData! -35185 -286 29068916 -472 -31630 24362307 65536
Jan  1 02:12:49     91 user.notice kernel: UBI: max. sequence number:       3414
Jan  1 02:12:49     92 user.notice kernel: UBI: attached mtd4 to ubi0
Jan  1 02:12:49     93 user.notice kernel: UBI: MTD device name:            "Bulk"
Jan  1 02:12:49     94 user.notice kernel: UBI: MTD device size:            416 MiB
Jan  1 02:12:49     95 user.notice kernel: UBI: number of good PEBs:        3327
Jan  1 02:12:49     96 user.notice kernel: UBI: number of bad PEBs:         1
Jan  1 02:12:49     97 user.notice kernel: UBI: max. allowed volumes:       128
Jan  1 02:12:49     98 user.notice kernel: UBI: wear-leveling threshold:    4096
Jan  1 02:12:49     99 user.notice kernel: UBI: number of internal volumes: 1
Jan  1 02:12:49    100 user.notice kernel: UBI: number of user volumes:     1
Jan  1 02:12:49    101 user.notice kernel: UBI: available PEBs:             0
Jan  1 02:12:49    102 user.notice kernel: UBI: total number of reserved PEBs: 3327
Jan  1 02:12:51    103 user.notice kernel: UBIFS: mounted UBI device 0, volume 0, name "ubi_bulk"
Jan  1 02:12:53    104 local4.notice Emerald App: [0x6] Start ButtonPowerUSB Task ... !
Jan  1 02:12:53    105 local4.alert Emerald App: [0x6] ButtonPowerUSBTask: Platform Emerald -- tslib support disabled
Jan  1 02:12:53    106 local4.notice Emerald App: [0x0] GetPlatformID: 2
Jan  1 02:12:53    107 local4.crit Emerald App: [0x5] InitModule: Screen = 320 x 240
Jan  1 02:12:53    108 local4.crit Emerald App: [0x5] InitModule: Screen = 320 x 240, pitch = 1280
Jan  1 02:12:53    109 local4.crit Emerald App: [0x5] InitModule: Mapped 82e00000 to 0x82e00000, size 01200000
Jan  1 02:12:53    110 local4.crit Emerald App: [0x5] InitModule: Screen = 320 x 240, pitch = 1280
Jan  1 02:12:53    111 local4.crit Emerald App: [0x5] InitModule: Mapped 82e00000 to 0x4068b000, size 01200000
Jan  1 02:12:53    112 local4.crit Emerald App: [0x5] InitModule: Screen = 320 x 240, pitch = 4096
Jan  1 02:12:53    113 local4.crit Emerald App: [0x5] InitModule: Mapped a2e00000 to 0xa2e00000, size 01200000
Jan  1 02:12:53    114 local4.notice Emerald App: [0x0] CVideoPlayback::Start /LF/Base/L3B/Video/Logo.ogg
Jan  1 02:12:54    115 local4.crit Emerald App: [0x1] Found codec: DidjCS43L22, legacy=1
Jan  1 02:12:54    116 local4.notice Emerald App: [0x1] EnableSpeaker: speaker=1, soft-clipper=1
Jan  1 02:12:54    117 local4.crit Emerald App: [0x1] set_hwparams: buffer time=128000, size=4096
Jan  1 02:12:54    118 local4.crit Emerald App: [0x1] set_hwparams: period time=32000, size=1024
Jan  1 02:12:54    119 local4.crit Emerald App: [0xd] VideoTask Started...
Jan  1 02:12:54    120 local4.notice Emerald App: [0x280] CAppManager::CAppManager ; LightningBase/Src/AppManager.cpp; 313; 20200
Jan  1 02:12:54    121 local4.crit Emerald App: [0x280] Platform = Emerald
Jan  1 02:12:54    122 local4.notice Emerald App: [0x280] Shutdown Timer set for 12000 [ms] timeout
Jan  1 02:12:54    123 local4.notice Emerald App: [0x280] USB Device Watchdog set for 12 [sec] timeout
Jan  1 02:12:54    124 local4.notice Emerald App: [0x280] AppManager signal handler installed 
Jan  1 02:12:54    125 local4.notice Emerald App: [0x6] AddListener: added listener 0xb5f78, number 1
Jan  1 02:12:54    126 local4.notice Emerald App: [0x280] Run: removing guest data at power on
Jan  1 02:12:54    127 local4.notice Emerald App: [0x280] mCurrentTransition = kLoginApp !
Jan  1 02:12:54    128 local4.notice Emerald App: [0x280] PushApp Start: L3X/main.swf; LightningBase/Src/AppManager.cpp; 720; 19876
Jan  1 02:12:54    129 local4.notice Emerald App: [0x280] LoadNewApp path = /LF/Base/L3X/main.swf
Jan  1 02:12:54    130 local4.notice Emerald App: [0x280] LoadNewApp: before; /LF/Base/L3X/main.swf; 1217; 19876
Jan  1 02:12:55    131 local4.notice Emerald App: [0x280] LoadNewApp: after ; /LF/Base/L3X/main.swf; 1289; 17164
Jan  1 02:12:55    132 local4.notice Emerald App: [0x280] PushApp Done: L3X/main.swf; LightningBase/Src/AppManager.cpp; 722; 17160
Jan  1 02:12:55    133 local4.notice Emerald App: [0x280] mCurrentTransition = kPushApp !
Jan  1 02:12:55    134 local4.notice Emerald App: [0x6] AddListener: added listener 0x1d750, number 2
Jan  1 02:12:55    135 local4.notice Emerald App: [0x6] AddListener: added listener 0x1d794, number 3
Jan  1 02:18:08      0 syslog.info syslogd started: BusyBox v1.13.2---1
Jan  1 02:18:08      1 local4.notice Recovery Keep-Alives: boot_image=PLAY boot_source=NOR panic=0 power=WARM request=PLAY shutdown=DIRTY raw=0003E246
Jan  1 02:18:08      2 user.notice kernel: klogd started: BusyBox v1.13.2 (2010-11-05 10:51:29 PDT)
Jan  1 02:18:08      3 user.notice kernel: Linux version 2.6.31-leapfrog (muki@starlight) (gcc version 4.1.1) #3 Fri Jan 29 05:58:35 PST 2021
Jan  1 02:18:08      4 user.warn kernel: CPU: ARM926EJ-S [41069265] revision 5 (ARMv5TEJ), cr=00053177
Jan  1 02:18:08      5 user.warn kernel: CPU: VIVT data cache, VIVT instruction cache
Jan  1 02:18:08      6 user.warn kernel: Machine: ARM-LF1000
Jan  1 02:18:08      7 user.warn kernel: Memory policy: ECC disabled, Data cache writeback
Jan  1 02:18:08      8 user.debug kernel: On node 0 totalpages: 11776
Jan  1 02:18:08      9 user.debug kernel: free_area_init_node: node 0, pgdat c03d5624, node_mem_map c0418000
Jan  1 02:18:08     10 user.debug kernel:   Normal zone: 92 pages used for memmap
Jan  1 02:18:08     11 user.debug kernel:   Normal zone: 0 pages reserved
Jan  1 02:18:08     12 user.debug kernel:   Normal zone: 11684 pages, LIFO batch:1
Jan  1 02:18:08     13 user.info kernel: msgmni has been set to 82
Jan  1 02:18:08     14 user.info kernel: alg: No test for stdrng (krng)
Jan  1 02:18:08     15 user.info kernel: io scheduler noop registered
Jan  1 02:18:08     16 user.info kernel: io scheduler deadline registered (default)
Jan  1 02:18:08     17 user.info kernel: lf1000-bl lf1000-bl: Using PWM Channel 1 for backlight
Jan  1 02:18:08     18 user.info kernel: lf1000-bl lf1000-bl: PWM rate is 9600000
Jan  1 02:18:08     19 user.info kernel: lf1000-fb lf1000-fb: layers=3, screen=320x240
Jan  1 02:18:08     20 user.info kernel: lf1000-fb lf1000-fb: got IRQ 0
Jan  1 02:18:08     21 user.info kernel: lf1000-fb lf1000-fb: layer=0, xyres=320x240
Jan  1 02:18:08     22 user.info kernel: lf1000-fb lf1000-fb: layer=1, xyres=320x240
Jan  1 02:18:08     23 user.info kernel: lf1000-fb lf1000-fb: layer=2, xyres=320x240
Jan  1 02:18:08     24 local4.notice Emerald Base: Locale: could not find /var/screens-/LEGAL.png, defaulting to english
Jan  1 02:18:08     25 user.info kernel: Serial: 8250/16550 driver $Revision: 1.90 $ 1 ports, IRQ sharing disabled
Jan  1 02:18:08     26 user.info kernel: serial8250: ttyS0 at MMIO 0x0 (irq = 10) is a 8250
Jan  1 02:18:08     27 user.info kernel: brd: module loaded
Jan  1 02:18:08     28 user.info kernel: ohci_hcd: USB 1.1 'Open' Host Controller (OHCI) Driver
Jan  1 02:18:08     29 user.info kernel: lf1000-ohci lf1000-ohci: LF1000 OHCI
Jan  1 02:18:08     30 user.info kernel: lf1000-ohci lf1000-ohci: new USB bus registered, assigned bus number 1
Jan  1 02:18:08     31 user.info kernel: lf1000-ohci lf1000-ohci: irq 28, io mem 0xc000d000
Jan  1 02:18:08     32 user.warn kernel: after hcd->driver->start
Jan  1 02:18:08     33 user.info kernel: usb usb1: configuration #1 chosen from 1 choice
Jan  1 02:18:08     34 user.info kernel: hub 1-0:1.0: USB hub found
Jan  1 02:18:08     35 user.info kernel: hub 1-0:1.0: 2 ports detected
Jan  1 02:18:08     36 user.warn kernel: usb_add_hcd() returns 0
Jan  1 02:18:08     37 user.warn kernel: IRQ 31/lf1000-rtc: IRQF_DISABLED is not guaranteed on shared IRQs
Jan  1 02:18:08     38 user.debug kernel: lf1000-rtc: dev (254:0)
Jan  1 02:18:08     39 user.info kernel: lf1000-rtc lf1000-rtc: rtc core: registered lf1000-rtc as rtc0
Jan  1 02:18:08     40 user.info kernel: LF1000 Real Time Clock driver.
Jan  1 02:18:08     41 user.info kernel: i2c /dev entries driver
Jan  1 02:18:08     42 user.err kernel: i2c-adapter i2c-0: no ACK in xfer_write
Jan  1 02:18:08     43 user.info kernel: i2c: no ACK in xfer_read
Jan  1 02:18:08     44 user.err kernel: lfp100_read_reg_raw.118 reg=0, i2c_transfer=-14
Jan  1 02:18:08     45 user.err kernel: lfp100_chip_probe.582 No LFP100
Jan  1 02:18:08     46 user.info kernel: Software Watchdog Timer: 0.07 initialized. soft_noboot=0 soft_margin=60 sec (nowayout= 0)
Jan  1 02:18:08     47 user.info kernel: usbcore: registered new interface driver usbhid
Jan  1 02:18:08     48 user.info kernel: usbhid: v2.6:USB HID core driver
Jan  1 02:18:08     49 user.info kernel: MTD: Controller Initialized
Jan  1 02:18:08     50 user.info kernel: nand_get_flash_type(...): Manu_ID = 2c, Dev_ID = dc 
Jan  1 02:18:08     51 user.info kernel: NAND device: Manufacturer ID: 0x2c, Chip ID: 0xdc (Micron NAND 512MiB 3,3V 8-bit)
Jan  1 02:18:08     52 user.crit kernel: lf1000-nand lf1000-nand: MT29F... read from base: 0x2c, 0xdc, 0x90, 0x95, 0x54
Jan  1 02:18:08     53 user.info kernel: lf1000-nand lf1000-nand: Using 1-bit ECC
Jan  1 02:18:08     54 user.info kernel: lf1000-nand lf1000-nand:  subpage_sft 0, subpagesize 0
Jan  1 02:18:08     55 user.info kernel: lf1000-nand lf1000-nand:   IDB3 0x90, page_shift 11, pagemask x3ffff
Jan  1 02:18:08     56 user.info kernel:   bbt_erase_shift 17, chip_shift 29, badblkpos 0
Jan  1 02:18:08     57 user.notice kernel: Creating 3 MTD partitions on "nor-flash":
Jan  1 02:18:08     58 user.notice kernel: 0x000000000000-0x00000007e000 : "NOR_Boot"
Jan  1 02:18:08     59 user.notice kernel: 0x00000007e000-0x00000007f000 : "MfgData0"
Jan  1 02:18:08     60 user.notice kernel: 0x00000007f000-0x000000080000 : "MfgData1"
Jan  1 02:18:08     61 user.info kernel: lf1000-power lf1000-power: lf1000_power_probe.968 use LF1000 power control
Jan  1 02:18:08     62 user.info kernel: lf1000-power lf1000-power: lf1000_power_probe.1009 status is: 2
Jan  1 02:18:08     63 user.info kernel: lf1000-power lf1000-power: lf1000_power_probe.1012 have_external is: 0
Jan  1 02:18:08     64 user.info kernel: lf1000-power lf1000-power: lf1000_power_probe.1015 initial battery reading is: 5635
Jan  1 02:18:08     65 user.info kernel: input: Power Button as /class/input/input0
Jan  1 02:18:08     66 user.info kernel: input: LF1000 Keyboard as /class/input/input1
Jan  1 02:18:08     67 user.info kernel: resource BUTTON_RED (23) port is undefined (-1)
Jan  1 02:18:08     68 user.info kernel: resource BUTTON_RED (23) pin is undefined (-1)
Jan  1 02:18:08     69 user.info kernel: resource BUTTON_ESC (25) port is undefined (-1)
Jan  1 02:18:08     70 user.info kernel: resource BUTTON_ESC (25) pin is undefined (-1)
Jan  1 02:18:08     71 user.info kernel: Advanced Linux Sound Architecture Driver Version 1.0.20.
Jan  1 02:18:08     72 local4.notice Emerald Base: +++ 3.56 83 204 32 Bgn AppManager
Jan  1 02:18:08     73 user.info kernel: ALSA device list:
Jan  1 02:18:08     74 user.info kernel:   No soundcards found.
Jan  1 02:18:08     75 user.info kernel: TCP cubic registered
Jan  1 02:18:08     76 user.info kernel: NET: Registered protocol family 17
Jan  1 02:18:08     77 user.debug kernel: lf1000_rtc_readtime(): 2008-01-01 02:18:05
Jan  1 02:18:08     78 user.info kernel: lf1000-rtc lf1000-rtc: setting system clock to 2008-01-01 02:18:05 UTC (1199153885)
Jan  1 02:18:08     79 user.info kernel: Waiting for root device /dev/mmcblk0p3...
Jan  1 02:18:08     80 user.warn kernel: mmc0: host does not support reading read-only switch. assuming write-enable.
Jan  1 02:18:08     81 user.info kernel: mmc0: new high speed SD card at address 0002
Jan  1 02:18:08     82 user.info kernel: mmcblk0: mmc0:0002 00000 1.86 GiB 
Jan  1 02:18:08     83 user.info kernel:  mmcblk0: p1 p2 p3
Jan  1 02:18:08     84 local4.notice Emerald Base: Locale: Loading /var/screens/LEGAL.png
Jan  1 02:18:08     85 user.info kernel: kjournald starting.  Commit interval 5 seconds
Jan  1 02:18:08     86 user.alert kernel: lf1000-power lf1000-power: Report NIMH (5650 mv)
Jan  1 02:18:08     87 user.info kernel: EXT3 FS on mmcblk0p3, internal journal
Jan  1 02:18:08     88 user.info kernel: EXT3-fs: mounted filesystem with writeback data mode.
Jan  1 02:18:08     89 user.warn kernel: VFS: Mounted root (ext3 filesystem) on device 179:3.
Jan  1 02:18:08     90 user.info kernel: Freeing init memory: 120K
Jan  1 02:18:08     91 user.alert kernel: lf1000-power lf1000-power: Report Battery (5635 mv)
Jan  1 02:18:08     92 user.info kernel: lf1000-usbgadget lf1000-usbgadget: probe
Jan  1 02:18:08     93 user.info kernel: input: LF1000 USB as /class/input/input2
Jan  1 02:18:08     94 user.warn kernel: No device for DAI lf1000-i2s
Jan  1 02:18:08     95 user.info kernel: CS43L22 0-0094: found CS43L22 rev 3 at i2c-94
Jan  1 02:18:08     96 user.info kernel: didj-asoc didj-asoc: didj_audio_probe
Jan  1 02:18:08     97 user.info kernel: asoc: CS43L22 <-> lf1000-i2s mapping ok
Jan  1 02:18:08     98 auth.notice su: + none root:game
Jan  1 02:18:08     99 user.info kernel: lf1000_pll1_clock_changed.930 TIMER_SYS_TICK=45000
Jan  1 02:18:09    100 local4.notice Emerald Base: Use ADC settings from NOR 33 2026
Jan  1 02:18:09    101 local4.notice Emerald Base: Starting Ethernet USB driver ...
Jan  1 02:18:09    102 user.info kernel: lf1000-usbgadget lf1000-usbgadget: usb_gadget_register_driver 'g_ether'
Jan  1 02:18:09    103 user.info kernel: lf1000-usbgadget lf1000-usbgadget: binding gadget driver 'g_ether'
Jan  1 02:18:09    104 user.info kernel: usb0: MAC 80:38:fd:04:f6:57
Jan  1 02:18:09    105 user.info kernel: usb0: HOST MAC 80:38:fd:84:f6:57
Jan  1 02:18:09    106 user.info kernel: g_ether gadget: Ethernet Gadget, version: Veterans Day 2009
Jan  1 02:18:09    107 user.info kernel: g_ether gadget: g_ether ready
Jan  1 02:18:09    108 local4.notice Emerald Base: Starting touch screen driver ...
Jan  1 02:18:10    109 user.info kernel: input: LF1000 touchscreen interface as /class/input/input3
Jan  1 02:18:10    110 user.info kernel: input: LF1000 touchscreen raw as /class/input/input4
Jan  1 02:18:10    111 user.info kernel: input input3: lf1000_ts2: probe done ok
Jan  1 02:18:10    112 local4.notice Emerald Base: setcal: Reading TS sensitivity calibration data from /flags/set-ts.sh
Jan  1 02:18:10    113 local4.notice Emerald Base: setcal: /flags/set-ts.sh generated from missing or corrupted NOR 'tsp' data; using defaults for 3inch
Jan  1 02:18:10    114 local4.err Emerald Base: +++ 5.92 206 308 32 Bgn Attaching Bulk
Jan  1 02:18:10    115 user.notice kernel: UBI: attaching mtd4 to ubi0
Jan  1 02:18:10    116 user.notice kernel: UBI: physical eraseblock size:   131072 bytes (128 KiB)
Jan  1 02:18:10    117 user.notice kernel: UBI: logical eraseblock size:    129024 bytes
Jan  1 02:18:10    118 user.notice kernel: UBI: smallest flash I/O unit:    2048
Jan  1 02:18:10    119 user.notice kernel: UBI: sub-page size:              512
Jan  1 02:18:10    120 user.notice kernel: UBI: VID header offset:          512 (aligned 512)
Jan  1 02:18:10    121 user.notice kernel: UBI: data offset:                2048
Jan  1 02:18:11    122 local4.notice Emerald Base: setcal: Using USERCAL in /flags/pointercal -35185 -286 29068916 -472 -31630 24362307 65536
Jan  1 02:18:11    123 local4.alert Emerald App: [0x6] ButtonPowerUSBTask: Platform Emerald -- tslib support disabled
Jan  1 02:18:11    124 local4.alert Emerald App: [0x6] ButtonPowerUSBTask: tslib: Falling back on LF1000 touchscreen interface
Jan  1 02:18:11    125 local4.crit Emerald App: [0x6] CEventModule::ButtonPowerUSBTask: cannot open LF1000 Accelerometer
Jan  1 02:18:11    126 local4.notice Emerald App: [0x6] Start ButtonPowerUSB Task ... !
Jan  1 02:18:11    127 local4.notice Emerald App: [0x6] Start Cartridge task ...!
Jan  1 02:18:11    128 local4.crit Emerald App: [0x281] CSystemData::GetLocaleCode unable to read from settings.cfg, using mfg_data
Jan  1 02:18:11    129 local4.crit Emerald App: [0x281] CSystemData::GetLocaleCode unable to read from mfg_data, using en-us
Jan  1 02:18:11    130 local4.notice Emerald App: [0x0] GetPlatformID: 2
Jan  1 02:18:11    131 local4.crit Emerald App: [0x5] InitModule: Screen = 320 x 240
Jan  1 02:18:11    132 local4.crit Emerald App: [0x5] InitModule: Screen = 320 x 240, pitch = 1280
Jan  1 02:18:11    133 local4.crit Emerald App: [0x5] InitModule: Mapped 82e00000 to 0x82e00000, size 01200000
Jan  1 02:18:11    134 local4.crit Emerald App: [0x5] InitModule: Screen = 320 x 240, pitch = 1280
Jan  1 02:18:11    135 local4.crit Emerald App: [0x5] InitModule: Mapped 82e00000 to 0x4068b000, size 01200000
Jan  1 02:18:11    136 local4.crit Emerald App: [0x5] InitModule: Screen = 320 x 240, pitch = 4096
Jan  1 02:18:11    137 local4.crit Emerald App: [0x5] InitModule: Mapped a2e00000 to 0xa2e00000, size 01200000
Jan  1 02:18:12    138 user.notice kernel: UBI: max. sequence number:       3420
Jan  1 02:18:12    139 user.notice kernel: UBI: attached mtd4 to ubi0
Jan  1 02:18:12    140 user.notice kernel: UBI: MTD device name:            "Bulk"
Jan  1 02:18:12    141 user.notice kernel: UBI: MTD device size:            416 MiB
Jan  1 02:18:12    142 user.notice kernel: UBI: number of good PEBs:        3327
Jan  1 02:18:12    143 user.notice kernel: UBI: number of bad PEBs:         1
Jan  1 02:18:12    144 user.notice kernel: UBI: max. allowed volumes:       128
Jan  1 02:18:12    145 user.notice kernel: UBI: wear-leveling threshold:    4096
Jan  1 02:18:12    146 user.notice kernel: UBI: number of internal volumes: 1
Jan  1 02:18:12    147 user.notice kernel: UBI: number of user volumes:     1
Jan  1 02:18:12    148 user.notice kernel: UBI: available PEBs:             0
Jan  1 02:18:12    149 user.notice kernel: UBI: total number of reserved PEBs: 3327
Jan  1 02:18:12    150 local4.notice Emerald App: [0x0] CVideoPlayback::Start /LF/Base/L3B/Video/Logo.ogg
Jan  1 02:18:12    151 local4.err Emerald Base: +++ 7.48 255 415 32 Bgn Mounting /LF/Bulk ubi0
Jan  1 02:18:12    152 user.notice kernel: UBIFS: mounted UBI device 0, volume 0, name "ubi_bulk"
Jan  1 02:18:12    153 user.notice kernel: UBIFS: file system size:   423069696 bytes (413154 KiB, 403 MiB, 3279 LEBs)
Jan  1 02:18:12    154 user.notice kernel: UBIFS: journal size:       9033728 bytes (8822 KiB, 8 MiB, 71 LEBs)
Jan  1 02:18:12    155 user.notice kernel: UBIFS: media format:       w4/r0 (latest is w4/r0)
Jan  1 02:18:12    156 user.notice kernel: UBIFS: default compressor: lzo
Jan  1 02:18:12    157 user.notice kernel: UBIFS: reserved for root:  0 bytes (0 KiB)
Jan  1 02:18:12    158 local4.err Emerald Base: +++ 7.69 262 429 32 End Mounting /LF/Bulk ubi0
Jan  1 02:18:12    159 local4.crit Emerald App: [0x1] Found codec: DidjCS43L22, legacy=1
Jan  1 02:18:12    160 local4.notice Emerald App: [0x1] EnableSpeaker: speaker=1, soft-clipper=1
Jan  1 02:18:12    161 local4.crit Emerald App: [0x1] set_hwparams: buffer time=128000, size=4096
Jan  1 02:18:12    162 local4.crit Emerald App: [0x1] set_hwparams: period time=32000, size=1024
Jan  1 02:18:12    163 local4.crit Emerald App: [0xd] VideoTask Started...
Jan  1 02:18:12    164 local4.notice Emerald App: [0x280] CAppManager::CAppManager ; LightningBase/Src/AppManager.cpp; 313; 20164
Jan  1 02:18:12    165 local4.crit Emerald App: [0x280] Platform = Emerald
Jan  1 02:18:12    166 local4.notice Emerald App: [0x280] Shutdown Timer set for 12000 [ms] timeout
Jan  1 02:18:12    167 local4.notice Emerald App: [0x280] USB Device Watchdog set for 12 [sec] timeout
Jan  1 02:18:12    168 local4.notice Emerald App: [0x280] AppManager signal handler installed 
Jan  1 02:18:12    169 local4.notice Emerald App: [0x6] AddListener: added listener 0xb5f38, number 1
Jan  1 02:18:12    170 local4.notice Emerald App: [0x280] mCurrentTransition = kLoginApp !
Jan  1 02:18:12    171 local4.notice Emerald App: [0x280] PushApp Start: L3X/main.swf; LightningBase/Src/AppManager.cpp; 720; 19984
Jan  1 02:18:12    172 local4.notice Emerald App: [0x280] LoadNewApp path = /LF/Base/L3X/main.swf
Jan  1 02:18:13    173 local4.notice Emerald App: [0x280] LoadNewApp: before; /LF/Base/L3X/main.swf; 1217; 19952
Jan  1 02:18:13    174 local4.notice Emerald App: [0x280] LoadNewApp: after ; /LF/Base/L3X/main.swf; 1289; 17248
Jan  1 02:18:13    175 local4.notice Emerald App: [0x280] PushApp Done: L3X/main.swf; LightningBase/Src/AppManager.cpp; 722; 17248
Jan  1 02:18:13    176 local4.notice Emerald App: [0x280] mCurrentTransition = kPushApp !
Jan  1 02:18:14    177 local4.notice Emerald App: [0x6] AddListener: added listener 0x1d710, number 2
Jan  1 02:18:14    178 local4.notice Emerald App: [0x6] AddListener: added listener 0x1d754, number 3
Jan  1 02:18:15    179 local4.crit Emerald App: [0x1] CAudioMixer::RemovePlayerInternal 0xb6480
Jan  1 02:18:15    180 local4.crit Emerald App: [0xd] VideoTask Stopping...
Jan  1 02:18:16    181 local4.notice Emerald App: [0x0] EnumDeviceCallback: /sys/class/usb_device/usbdev1.1: 1D6B0001
Jan  1 02:18:16    182 local4.notice Emerald App: [0x200] SystemPlugin::SetTouchscreenSampleRate( 50 ): true
Jan  1 02:18:16    183 local4.notice Emerald App: [0x200] AppManagerPlugin::isBaseAppRelaunch, FALSE
Jan  1 02:18:16    184 local4.notice Emerald App: [0x200] SystemPlugin::IsLFPlatform(): true
Jan  1 02:18:16    185 local4.notice Emerald App: [0x200] SystemPlugin::SetDidjLegacyFlag( 0 )
Jan  1 02:18:16    186 local4.notice Emerald App: [0x200] AppManagerPlugin::isBaseAppRelaunch, FALSE
Jan  1 02:18:16    187 local4.crit Emerald App: [0x281] CJSonFile::Load() failed to open (filehandle was NULL) mRsrcPath = /LF/Base/L3B_en/Data/SignIn_us.json
Jan  1 01:03:04      0 syslog.info syslogd started: BusyBox v1.13.2---1
Jan  1 01:03:04      1 local4.notice Recovery Keep-Alives: boot_image=PLAY boot_source=NOR panic=0 power=WARM request=PLAY shutdown=DIRTY raw=0003E246
Jan  1 01:03:04      2 user.notice kernel: klogd started: BusyBox v1.13.2 (2010-11-05 10:51:29 PDT)
Jan  1 01:03:04      3 user.notice kernel: Linux version 2.6.31-leapfrog (muki@starlight) (gcc version 4.1.1) #3 Fri Jan 29 05:58:35 PST 2021
Jan  1 01:03:04      4 user.warn kernel: CPU: ARM926EJ-S [41069265] revision 5 (ARMv5TEJ), cr=00053177
Jan  1 01:03:04      5 user.warn kernel: CPU: VIVT data cache, VIVT instruction cache
Jan  1 01:03:04      6 user.warn kernel: Machine: ARM-LF1000
Jan  1 01:03:04      7 user.warn kernel: Memory policy: ECC disabled, Data cache writeback
Jan  1 01:03:04      8 user.debug kernel: On node 0 totalpages: 11776
Jan  1 01:03:04      9 user.debug kernel: free_area_init_node: node 0, pgdat c03d5624, node_mem_map c0418000
Jan  1 01:03:04     10 user.debug kernel:   Normal zone: 92 pages used for memmap
Jan  1 01:03:04     11 user.debug kernel:   Normal zone: 0 pages reserved
Jan  1 01:03:04     12 user.debug kernel:   Normal zone: 11684 pages, LIFO batch:1
Jan  1 01:03:04     13 local4.notice Emerald Base: +++ 3.56 73 213 33 Bgn AppManager
Jan  1 01:03:04     14 auth.notice su: + none root:game
Jan  1 01:03:04     15 user.info kernel: lf1000_pll1_clock_changed.930 TIMER_SYS_TICK=45000
Jan  1 01:03:04     16 local4.notice Emerald Base: Use ADC settings from NOR 33 2026
Jan  1 01:03:05     17 local4.notice Emerald Base: Starting Ethernet USB driver ...
Jan  1 01:03:05     18 user.info kernel: lf1000-usbgadget lf1000-usbgadget: usb_gadget_register_driver 'g_ether'
Jan  1 01:03:05     19 user.info kernel: lf1000-usbgadget lf1000-usbgadget: binding gadget driver 'g_ether'
Jan  1 01:03:05     20 user.info kernel: usb0: MAC 80:38:fd:04:f6:57
Jan  1 01:03:05     21 user.info kernel: usb0: HOST MAC 80:38:fd:84:f6:57
Jan  1 01:03:05     22 user.info kernel: g_ether gadget: Ethernet Gadget, version: Veterans Day 2009
Jan  1 01:03:05     23 user.info kernel: g_ether gadget: g_ether ready
Jan  1 01:03:05     24 local4.notice Emerald Base: Starting touch screen driver ...
Jan  1 01:03:05     25 user.info kernel: input: LF1000 touchscreen interface as /class/input/input3
Jan  1 01:03:05     26 user.info kernel: input: LF1000 touchscreen raw as /class/input/input4
Jan  1 01:03:05     27 user.info kernel: input input3: lf1000_ts2: probe done ok
Jan  1 01:03:05     28 local4.notice Emerald Base: setcal: Reading TS sensitivity calibration data from /flags/set-ts.sh
Jan  1 01:03:06     29 local4.notice Emerald Base: setcal: /flags/set-ts.sh generated from missing or corrupted NOR 'tsp' data; using defaults for 3inch
Jan  1 01:03:06     30 local4.err Emerald Base: +++ 5.66 165 320 33 Bgn Attaching Bulk
Jan  1 01:03:06     31 user.notice kernel: UBI: attaching mtd4 to ubi0
Jan  1 01:03:06     32 user.notice kernel: UBI: physical eraseblock size:   131072 bytes (128 KiB)
Jan  1 01:03:06     33 user.notice kernel: UBI: logical eraseblock size:    129024 bytes
Jan  1 01:03:06     34 user.notice kernel: UBI: smallest flash I/O unit:    2048
Jan  1 01:03:06     35 user.notice kernel: UBI: sub-page size:              512
Jan  1 01:03:06     36 user.notice kernel: UBI: VID header offset:          512 (aligned 512)
Jan  1 01:03:06     37 user.notice kernel: UBI: data offset:                2048
Jan  1 01:03:06     38 local4.notice Emerald Base: setcal: Using USERCAL in /flags/pointercal -35185 -286 29068916 -472 -31630 24362307 65536
Jan  1 01:03:07     39 local4.alert Emerald App: [0x6] ButtonPowerUSBTask: Platform Emerald -- tslib support disabled
Jan  1 01:03:07     40 local4.alert Emerald App: [0x6] ButtonPowerUSBTask: tslib: Falling back on LF1000 touchscreen interface
Jan  1 01:03:07     41 local4.crit Emerald App: [0x6] CEventModule::ButtonPowerUSBTask: cannot open LF1000 Accelerometer
Jan  1 01:03:07     42 local4.notice Emerald App: [0x6] Start ButtonPowerUSB Task ... !
Jan  1 01:03:07     43 local4.notice Emerald App: [0x6] Start Cartridge task ...!
Jan  1 01:03:07     44 local4.crit Emerald App: [0x281] CSystemData::GetLocaleCode unable to read from settings.cfg, using mfg_data
Jan  1 01:03:07     45 local4.crit Emerald App: [0x281] CSystemData::GetLocaleCode unable to read from mfg_data, using en-us
Jan  1 01:03:07     46 local4.notice Emerald App: [0x0] GetPlatformID: 2
Jan  1 01:03:07     47 user.notice kernel: UBI: max. sequence number:       3443
Jan  1 01:03:07     48 user.notice kernel: UBI: attached mtd4 to ubi0
Jan  1 01:03:07     49 user.notice kernel: UBI: MTD device name:            "Bulk"
Jan  1 01:03:07     50 user.notice kernel: UBI: MTD device size:            416 MiB
Jan  1 01:03:07     51 user.notice kernel: UBI: number of good PEBs:        3327
Jan  1 01:03:07     52 user.notice kernel: UBI: number of bad PEBs:         1
Jan  1 01:03:07     53 user.notice kernel: UBI: max. allowed volumes:       128
Jan  1 01:03:07     54 user.notice kernel: UBI: wear-leveling threshold:    4096
Jan  1 01:03:07     55 user.notice kernel: UBI: number of internal volumes: 1
Jan  1 01:03:07     56 user.notice kernel: UBI: number of user volumes:     1
Jan  1 01:03:07     57 user.notice kernel: UBI: available PEBs:             0
Jan  1 01:03:07     58 user.notice kernel: UBI: total number of reserved PEBs: 3327
Jan  1 01:03:07     59 local4.crit Emerald App: [0x5] InitModule: Screen = 320 x 240
Jan  1 01:03:07     60 local4.crit Emerald App: [0x5] InitModule: Screen = 320 x 240, pitch = 1280
Jan  1 01:03:08     61 local4.crit Emerald App: [0x5] InitModule: Mapped 82e00000 to 0x82e00000, size 01200000
Jan  1 01:03:08     62 local4.crit Emerald App: [0x5] InitModule: Screen = 320 x 240, pitch = 1280
Jan  1 01:03:08     63 local4.crit Emerald App: [0x5] InitModule: Mapped 82e00000 to 0x4068b000, size 01200000
Jan  1 01:03:08     64 local4.crit Emerald App: [0x5] InitModule: Screen = 320 x 240, pitch = 4096
Jan  1 01:03:08     65 local4.crit Emerald App: [0x5] InitModule: Mapped a2e00000 to 0xa2e00000, size 01200000
Jan  1 01:03:08     66 local4.err Emerald Base: +++ 7.44 220 426 33 Bgn Mounting /LF/Bulk ubi0
Jan  1 01:03:08     67 user.notice kernel: UBIFS: mounted UBI device 0, volume 0, name "ubi_bulk"
Jan  1 01:03:08     68 user.notice kernel: UBIFS: file system size:   423069696 bytes (413154 KiB, 403 MiB, 3279 LEBs)
Jan  1 01:03:08     69 user.notice kernel: UBIFS: journal size:       9033728 bytes (8822 KiB, 8 MiB, 71 LEBs)
Jan  1 01:03:08     70 user.notice kernel: UBIFS: media format:       w4/r0 (latest is w4/r0)
Jan  1 01:03:08     71 user.notice kernel: UBIFS: default compressor: lzo
Jan  1 01:03:08     72 user.notice kernel: UBIFS: reserved for root:  0 bytes (0 KiB)
Jan  1 01:03:08     73 local4.err Emerald Base: +++ 7.69 223 448 33 End Mounting /LF/Bulk ubi0
Jan  1 01:03:08     74 local4.notice Emerald App: [0x0] CVideoPlayback::Start /LF/Base/L3B/Video/Logo.ogg
Jan  1 01:03:09     75 local4.crit Emerald App: [0x1] Found codec: DidjCS43L22, legacy=1
Jan  1 01:03:09     76 local4.notice Emerald App: [0x1] EnableSpeaker: speaker=1, soft-clipper=1
Jan  1 01:03:09     77 local4.crit Emerald App: [0x1] set_hwparams: buffer time=128000, size=4096
Jan  1 01:03:09     78 local4.crit Emerald App: [0x1] set_hwparams: period time=32000, size=1024
Jan  1 01:03:09     79 local4.crit Emerald App: [0xd] VideoTask Started...
Jan  1 01:03:09     80 local4.notice Emerald App: [0x280] CAppManager::CAppManager ; LightningBase/Src/AppManager.cpp; 313; 20140
Jan  1 01:03:09     81 local4.crit Emerald App: [0x280] Platform = Emerald
Jan  1 01:03:09     82 local4.notice Emerald App: [0x280] Shutdown Timer set for 12000 [ms] timeout
Jan  1 01:03:09     83 local4.notice Emerald App: [0x280] USB Device Watchdog set for 12 [sec] timeout
Jan  1 01:03:09     84 local4.notice Emerald App: [0x280] AppManager signal handler installed 
Jan  1 01:03:09     85 local4.notice Emerald App: [0x6] AddListener: added listener 0xb5f38, number 1
Jan  1 01:03:09     86 local4.notice Emerald App: [0x280] mCurrentTransition = kLoginApp !
Jan  1 01:03:09     87 local4.notice Emerald App: [0x280] PushApp Start: L3X/main.swf; LightningBase/Src/AppManager.cpp; 720; 19956
Jan  1 01:03:09     88 local4.notice Emerald App: [0x280] LoadNewApp path = /LF/Base/L3X/main.swf
Jan  1 01:03:09     89 local4.notice Emerald App: [0x280] LoadNewApp: before; /LF/Base/L3X/main.swf; 1217; 19956
Jan  1 01:03:10     90 local4.notice Emerald App: [0x280] LoadNewApp: after ; /LF/Base/L3X/main.swf; 1289; 17252
Jan  1 01:03:10     91 local4.notice Emerald App: [0x280] PushApp Done: L3X/main.swf; LightningBase/Src/AppManager.cpp; 722; 17248
Jan  1 01:03:10     92 local4.notice Emerald App: [0x280] mCurrentTransition = kPushApp !
Jan  1 01:03:10     93 local4.notice Emerald App: [0x6] AddListener: added listener 0x1d728, number 2
Jan  1 01:03:10     94 local4.notice Emerald App: [0x6] AddListener: added listener 0x1d76c, number 3
Jan  1 01:03:11     95 local4.crit Emerald App: [0x1] CAudioMixer::RemovePlayerInternal 0xb6828
Jan  1 01:03:11     96 local4.crit Emerald App: [0xd] VideoTask Stopping...
Jan  1 01:03:12     97 local4.notice Emerald App: [0x0] EnumDeviceCallback: /sys/class/usb_device/usbdev1.1: 1D6B0001
Jan  1 01:03:12     98 local4.notice Emerald App: [0x200] SystemPlugin::SetTouchscreenSampleRate( 50 ): true
Jan  1 01:03:12     99 local4.notice Emerald App: [0x200] AppManagerPlugin::isBaseAppRelaunch, FALSE
Jan  1 01:03:12    100 local4.notice Emerald App: [0x200] SystemPlugin::IsLFPlatform(): true
Jan  1 01:03:12    101 local4.notice Emerald App: [0x200] SystemPlugin::SetDidjLegacyFlag( 0 )
Jan  1 01:03:12    102 local4.notice Emerald App: [0x200] AppManagerPlugin::isBaseAppRelaunch, FALSE
Jan  1 01:03:13    103 local4.crit Emerald App: [0x281] CJSonFile::Load() failed to open (filehandle was NULL) mRsrcPath = /LF/Base/L3B_en/Data/SignIn_us.json
Jan  1 01:08:36      0 syslog.info syslogd started: BusyBox v1.13.2---1
Jan  1 01:08:36      1 local4.notice Recovery Keep-Alives: boot_image=PLAY boot_source=NOR panic=0 power=COLD request=BATTERY shutdown=DIRTY raw=0003E25D
Jan  1 01:08:37      2 user.notice kernel: klogd started: BusyBox v1.13.2 (2010-11-05 10:51:29 PDT)
Jan  1 01:08:37      3 user.notice kernel: Linux version 2.6.31-leapfrog (muki@starlight) (gcc version 4.1.1) #3 Fri Jan 29 05:58:35 PST 2021
Jan  1 01:08:37      4 user.warn kernel: CPU: ARM926EJ-S [41069265] revision 5 (ARMv5TEJ), cr=00053177
Jan  1 01:08:37      5 user.warn kernel: CPU: VIVT data cache, VIVT instruction cache
Jan  1 01:08:37      6 user.warn kernel: Machine: ARM-LF1000
Jan  1 01:08:37      7 user.warn kernel: Memory policy: ECC disabled, Data cache writeback
Jan  1 01:08:37      8 user.debug kernel: On node 0 totalpages: 11776
Jan  1 01:08:37      9 user.debug kernel: free_area_init_node: node 0, pgdat c03d5624, node_mem_map c0418000
Jan  1 01:08:37     10 user.debug kernel:   Normal zone: 92 pages used for memmap
Jan  1 01:08:37     11 user.debug kernel:   Normal zone: 0 pages reserved
Jan  1 01:08:37     12 user.debug kernel:   Normal zone: 11684 pages, LIFO batch:1
Jan  1 01:08:37     13 user.info kernel: lf1000_oscvco_set.65 pll 0, not changed already set to 0x00DF2100
Jan  1 01:08:37     14 local4.notice Emerald Base: Locale: Loading /var/screens/KESSEC.png
Jan  1 01:08:37     15 user.info kernel: lf1000_pll1_clock_changed.930 TIMER_SYS_TICK=45000
Jan  1 01:08:37     16 local4.notice Emerald Base: Use ADC settings from NOR 33 2026
Jan  1 01:08:37     17 local4.notice Emerald Base: Starting Ethernet USB driver ...
Jan  1 01:08:37     18 user.info kernel: lf1000-usbgadget lf1000-usbgadget: usb_gadget_register_driver 'g_ether'
Jan  1 01:08:37     19 user.info kernel: lf1000-usbgadget lf1000-usbgadget: binding gadget driver 'g_ether'
Jan  1 01:08:37     20 user.info kernel: usb0: MAC 80:38:fd:04:f6:57
Jan  1 01:08:37     21 user.info kernel: usb0: HOST MAC 80:38:fd:84:f6:57
Jan  1 01:08:37     22 user.info kernel: g_ether gadget: Ethernet Gadget, version: Veterans Day 2009
Jan  1 01:08:37     23 user.info kernel: g_ether gadget: g_ether ready
Jan  1 01:08:37     24 local4.notice Emerald Base: Starting touch screen driver ...
Jan  1 01:08:37     25 user.info kernel: input: LF1000 touchscreen interface as /class/input/input3
Jan  1 01:08:38     26 user.info kernel: input: LF1000 touchscreen raw as /class/input/input4
Jan  1 01:08:38     27 user.info kernel: input input3: lf1000_ts2: probe done ok
Jan  1 01:08:38     28 local4.notice Emerald Base: setcal: Reading TS sensitivity calibration data from /flags/set-ts.sh
Jan  1 01:08:38     29 local4.notice Emerald Base: setcal: /flags/set-ts.sh generated from missing or corrupted NOR 'tsp' data; using defaults for 3inch
Jan  1 01:08:38     30 local4.notice Emerald Base: setcal: Using USERCAL in /flags/pointercal -35185 -286 29068916 -472 -31630 24362307 65536
Jan  1 01:08:39     31 local4.err Emerald Base: +++ 5.29 132 273 84 Bgn Attaching Bulk
Jan  1 01:08:39     32 user.notice kernel: UBI: attaching mtd4 to ubi0
Jan  1 01:08:39     33 user.notice kernel: UBI: physical eraseblock size:   131072 bytes (128 KiB)
Jan  1 01:08:39     34 user.notice kernel: UBI: logical eraseblock size:    129024 bytes
Jan  1 01:08:39     35 user.notice kernel: UBI: smallest flash I/O unit:    2048
Jan  1 01:08:39     36 user.notice kernel: UBI: sub-page size:              512
Jan  1 01:08:39     37 user.notice kernel: UBI: VID header offset:          512 (aligned 512)
Jan  1 01:08:39     38 user.notice kernel: UBI: data offset:                2048
Jan  1 01:08:39     39 user.notice kernel: UBI: max. sequence number:       3470
Jan  1 01:08:40     40 user.notice kernel: UBI: attached mtd4 to ubi0
Jan  1 01:08:40     41 user.notice kernel: UBI: MTD device name:            "Bulk"
Jan  1 01:08:40     42 user.notice kernel: UBI: MTD device size:            416 MiB
Jan  1 01:08:40     43 user.notice kernel: UBI: number of good PEBs:        3327
Jan  1 01:08:40     44 user.notice kernel: UBI: number of bad PEBs:         1
Jan  1 01:08:40     45 user.notice kernel: UBI: max. allowed volumes:       128
Jan  1 01:08:40     46 user.notice kernel: UBI: wear-leveling threshold:    4096
Jan  1 01:08:40     47 user.notice kernel: UBI: number of internal volumes: 1
Jan  1 01:08:40     48 user.notice kernel: UBI: number of user volumes:     1
Jan  1 01:08:40     49 user.notice kernel: UBI: available PEBs:             0
Jan  1 01:08:40     50 user.notice kernel: UBI: total number of reserved PEBs: 3327
Jan  1 01:08:40     51 local4.err Emerald Base: +++ 6.25 141 339 84 Bgn Mounting /LF/Bulk ubi0
Jan  1 01:08:40     52 user.notice kernel: UBIFS: mounted UBI device 0, volume 0, name "ubi_bulk"
Jan  1 01:08:40     53 user.notice kernel: UBIFS: file system size:   423069696 bytes (413154 KiB, 403 MiB, 3279 LEBs)
Jan  1 01:08:40     54 user.notice kernel: UBIFS: journal size:       9033728 bytes (8822 KiB, 8 MiB, 71 LEBs)
Jan  1 01:08:40     55 user.notice kernel: UBIFS: media format:       w4/r0 (latest is w4/r0)
Jan  1 01:08:40     56 user.notice kernel: UBIFS: default compressor: lzo
Jan  1 01:08:40     57 user.notice kernel: UBIFS: reserved for root:  0 bytes (0 KiB)
Jan  1 01:08:40     58 local4.err Emerald Base: +++ 6.39 142 352 84 End Mounting /LF/Bulk ubi0
Jan  1 01:08:47     59 local4.notice Emerald Base: Starting /etc/init.d/networking ...
Jan  1 01:08:47     60 local4.notice Emerald Base: /etc/init.d/networking: /flags/developer: forcing static IP
Jan  1 01:08:47     61 daemon.info avahi-daemon[523]: Found user 'avahi' (UID 1102) and group 'avahi' (GID 1102).
Jan  1 01:08:47     62 daemon.info avahi-daemon[523]: Successfully dropped root privileges.
Jan  1 01:08:47     63 daemon.info avahi-daemon[523]: avahi-daemon 0.6.24 starting up.
Jan  1 01:08:47     64 daemon.warn avahi-daemon[523]: WARNING: No NSS support for mDNS detected, consider installing nss-mdns!
Jan  1 01:08:47     65 daemon.warn avahi-daemon[523]: Failed to open /etc/resolv.conf: No such file or directory
Jan  1 01:08:47     66 daemon.info avahi-daemon[523]: Loading service file /etc/avahi/services/ftp.service.
Jan  1 01:08:47     67 daemon.info avahi-daemon[523]: Loading service file /etc/avahi/services/sftp-ssh.service.
Jan  1 01:08:47     68 daemon.info avahi-daemon[523]: Loading service file /etc/avahi/services/ssh.service.
Jan  1 01:08:47     69 daemon.info avahi-daemon[523]: Joining mDNS multicast group on interface usb0.IPv4 with address 10.0.0.2.
Jan  1 01:08:47     70 daemon.info avahi-daemon[523]: New relevant interface usb0.IPv4 for mDNS.
Jan  1 01:08:47     71 daemon.info avahi-daemon[523]: Network interface enumeration completed.
Jan  1 01:08:47     72 daemon.info avahi-daemon[523]: Registering new address record for 10.0.0.2 on usb0.IPv4.
Jan  1 01:08:47     73 daemon.info avahi-daemon[523]: Registering HINFO record with values 'ARMV5TEJL'/'LINUX'.
Jan  1 01:08:47     74 local4.notice Emerald Base: Starting vbus-monitor ...
Jan  1 01:08:48     75 local4.notice vbus-actions: VBUS went low; stop DFTP
Jan  1 01:08:48     76 local4.notice Emerald Base: Stopping DFTP ...
Jan  1 01:08:48     77 daemon.info avahi-daemon[523]: Server startup complete. Host name is Explorer-0614170001021004F657.local. Local service cookie is 4249026081.
Jan  1 01:08:49     78 daemon.info avahi-daemon[523]: Service "Explorer-0614170001021004F657" (/etc/avahi/services/ssh.service) successfully established.
Jan  1 01:08:49     79 daemon.info avahi-daemon[523]: Service "SFTP File Transfer on Explorer-0614170001021004F657" (/etc/avahi/services/sftp-ssh.service) successfully established.
Jan  1 01:08:49     80 daemon.info avahi-daemon[523]: Service "FTP Transfer on Explorer-0614170001021004F657" (/etc/avahi/services/ftp.service) successfully established.
Jan  1 01:08:52     81 local4.notice Emerald Base: hostname:         'Explorer-0614170001021004F657'
Jan  1 01:08:52     82 local4.notice Emerald Base: Board ID:         '2'
Jan  1 01:08:55     83 local4.notice Emerald Base: NOR BootVersion:  '2.0.20.0001'
Jan  1 01:08:56     84 local4.notice Emerald Base: NOR SerialNumber: '0614170001021004F657'
Jan  1 01:08:57     85 local4.notice Emerald Base: NAND BootVersion: '1.0.8.6905'
Jan  1 01:08:57     86 local4.notice Emerald Base: Firmware Release Version: 1.3.4-2044
Jan  1 01:08:58     87 local4.notice Emerald Base: Base bin Version: "1.3.4.6030"
Jan  1 01:08:58     88 local4.notice Emerald Base: Base lib Version: "1.3.4.6482"
Jan  1 01:08:58     89 local4.notice Emerald Base: Base L3X Version: "1.3.4.6573"
Jan  1 01:08:58     90 local4.notice Emerald Base: Base Brio Version: "1.3.4.9218"
Jan  1 01:09:01     91 auth.info sshd[589]: Server listening on 0.0.0.0 port 22.
Jan  1 01:09:01     92 local4.notice Emerald Base: starting telnetd, vsftpd, and sshd
Jan  1 01:12:47     93 user.info kernel: lf1000-power lf1000-power: Power button pressed
Jan  1 01:12:47     94 user.info kernel: lf1000-power lf1000-power: Power button released
Jan  1 01:12:49     95 user.info kernel: lf1000-power lf1000-power: Power button pressed
Jan  1 01:12:51     96 user.info kernel: lf1000-power lf1000-power: Power button released
Jan  1 01:12:58     97 user.info kernel: lf1000-power lf1000-power: Power button pressed
Jan  1 01:12:58     98 user.info kernel: lf1000-power lf1000-power: Power button released
Jan  1 01:13:04     99 daemon.warn avahi-daemon[523]: Disconnected from D-Bus, exiting.
Jan  1 01:13:04    100 daemon.info avahi-daemon[523]: Got SIGQUIT, quitting.
Jan  1 01:13:04    101 daemon.info avahi-daemon[523]: Leaving mDNS multicast group on interface usb0.IPv4 with address 10.0.0.2.
Jan  1 01:13:04    102 local4.notice Emerald Base: Stopping vbus-monitor ...
Jan  1 01:13:04    103 local4.notice Emerald Base: Stopping /etc/init.d/networking ...
Jan  1 01:13:04    104 local4.notice Emerald Base: Stopping Ethernet USB driver ...
Jan  1 01:13:04    105 user.info kernel: lf1000-usbgadget lf1000-usbgadget: usb_gadget_unregister_driver 'g_ether'
Jan  1 01:13:04    106 user.info kernel: lf1000-usbgadget lf1000-usbgadget: remove
Jan  1 01:13:05    107 local4.notice Emerald Base: Stopping lfd ...
Jan  1 01:13:05    108 local4.notice Emerald Base: Stopping system logging ... !
Jan  1 01:13:05    109 user.notice kernel: klogd: exiting
Jan  1 01:13:05    110 syslog.info syslogd exiting
Jan  1 01:15:30      0 syslog.info syslogd started: BusyBox v1.13.2---1
Jan  1 01:15:31      1 local4.notice Recovery Keep-Alives: boot_image=PLAY boot_source=NOR panic=0 power=WARM request=PLAY shutdown=DIRTY raw=0003E246
Jan  1 01:15:31      2 user.notice kernel: klogd started: BusyBox v1.13.2 (2010-11-05 10:51:29 PDT)
Jan  1 01:15:31      3 user.notice kernel: Linux version 2.6.31-leapfrog (muki@starlight) (gcc version 4.1.1) #3 Fri Jan 29 05:58:35 PST 2021
Jan  1 01:15:31      4 user.warn kernel: CPU: ARM926EJ-S [41069265] revision 5 (ARMv5TEJ), cr=00053177
Jan  1 01:15:31      5 user.warn kernel: CPU: VIVT data cache, VIVT instruction cache
Jan  1 01:15:31      6 user.warn kernel: Machine: ARM-LF1000
Jan  1 01:15:31      7 user.warn kernel: Memory policy: ECC disabled, Data cache writeback
Jan  1 01:15:31      8 user.debug kernel: On node 0 totalpages: 11776
Jan  1 01:15:31      9 user.debug kernel: free_area_init_node: node 0, pgdat c03d5624, node_mem_map c0418000
Jan  1 01:15:31     10 user.debug kernel:   Normal zone: 92 pages used for memmap
Jan  1 01:15:31     11 user.debug kernel:   Normal zone: 0 pages reserved
Jan  1 01:15:31     12 user.debug kernel:   Normal zone: 11684 pages, LIFO batch:1
Jan  1 01:15:31     13 local4.notice Emerald Base: Locale: Loading /var/screens/KESSEC.png
Jan  1 01:15:31     14 user.info kernel: Inode-cache hash table entries: 4096 (order: 2, 16384 bytes)
Jan  1 01:15:31     15 user.info kernel: Memory: 46MB = 46MB total
Jan  1 01:15:31     16 user.notice kernel: Memory: 42448KB available (3540K code, 410K data, 120K init, 0K highmem)
Jan  1 01:15:31     17 user.info kernel: NR_IRQS:256
Jan  1 01:15:31     18 user.warn kernel: TIM0=  4.500 MHz   TIM1=  4.500 MHz   TIM2=  4.500 MHz   TIM3=  4.500 MHz   TIM4=  4.500 MHz   
Jan  1 01:15:31     19 user.warn kernel: Console: colour dummy device 80x30
Jan  1 01:15:31     20 user.info kernel: console [ttyS0] enabled
Jan  1 01:15:31     21 user.info kernel: Calibrating delay loop (skipped) preset value.. 786.43 BogoMIPS (lpj=3932181)
Jan  1 01:15:31     22 user.warn kernel: Mount-cache hash table entries: 512
Jan  1 01:15:31     23 user.info kernel: CPU: Testing write buffer coherency: ok
Jan  1 01:15:31     24 user.info kernel: NET: Registered protocol family 16
Jan  1 01:15:31     25 user.warn kernel: bio: create slab <bio-0> at 0
Jan  1 01:15:31     26 user.info kernel: usbcore: registered new interface driver usbfs
Jan  1 01:15:31     27 user.info kernel: usbcore: registered new interface driver hub
Jan  1 01:15:31     28 user.info kernel: usbcore: registered new device driver usb
Jan  1 01:15:31     29 user.info kernel: NET: Registered protocol family 2
Jan  1 01:15:31     30 user.info kernel: IP route cache hash table entries: 1024 (order: 0, 4096 bytes)
Jan  1 01:15:31     31 user.info kernel: TCP established hash table entries: 2048 (order: 2, 16384 bytes)
Jan  1 01:15:31     32 user.info kernel: TCP bind hash table entries: 2048 (order: 1, 8192 bytes)
Jan  1 01:15:31     33 user.info kernel: TCP: Hash tables configured (established 2048 bind 2048)
Jan  1 01:15:31     34 user.info kernel: TCP reno registered
Jan  1 01:15:31     35 user.info kernel: NET: Registered protocol family 1
Jan  1 01:15:31     36 user.info kernel: arch/arm/mach-lf1000/gpio_main.c.check_for_touchscreen:1350 found touchscreen
Jan  1 01:15:31     37 user.info kernel: Reading Board ID =  0x02
Jan  1 01:15:31     38 user.info kernel: lf1000-dpc lf1000-dpc: screen: 320x240
Jan  1 01:15:31     39 user.info kernel: msgmni has been set to 82
Jan  1 01:15:31     40 user.info kernel: alg: No test for stdrng (krng)
Jan  1 01:15:31     41 user.info kernel: io scheduler noop registered
Jan  1 01:15:31     42 user.info kernel: io scheduler deadline registered (default)
Jan  1 01:15:31     43 user.info kernel: lf1000-bl lf1000-bl: Using PWM Channel 1 for backlight
Jan  1 01:15:31     44 user.info kernel: lf1000-bl lf1000-bl: PWM rate is 9600000
Jan  1 01:15:31     45 user.info kernel: lf1000-fb lf1000-fb: layers=3, screen=320x240
Jan  1 01:15:31     46 user.info kernel: lf1000-fb lf1000-fb: got IRQ 0
Jan  1 01:15:31     47 user.info kernel: Serial: 8250/16550 driver $Revision: 1.90 $ 1 ports, IRQ sharing disabled
Jan  1 01:15:31     48 user.info kernel: serial8250: ttyS0 at MMIO 0x0 (irq = 10) is a 8250
Jan  1 01:15:31     49 user.info kernel: brd: module loaded
Jan  1 01:15:31     50 user.info kernel: ohci_hcd: USB 1.1 'Open' Host Controller (OHCI) Driver
Jan  1 01:15:31     51 user.info kernel: lf1000-ohci lf1000-ohci: LF1000 OHCI
Jan  1 01:15:31     52 user.info kernel: lf1000-ohci lf1000-ohci: new USB bus registered, assigned bus number 1
Jan  1 01:15:31     53 user.info kernel: lf1000-ohci lf1000-ohci: irq 28, io mem 0xc000d000
Jan  1 01:15:31     54 user.warn kernel: after hcd->driver->start
Jan  1 01:15:31     55 user.info kernel: usb usb1: configuration #1 chosen from 1 choice
Jan  1 01:15:31     56 user.info kernel: hub 1-0:1.0: USB hub found
Jan  1 01:15:31     57 user.info kernel: hub 1-0:1.0: 2 ports detected
Jan  1 01:15:31     58 user.info kernel: Software Watchdog Timer: 0.07 initialized. soft_noboot=0 soft_margin=60 sec (nowayout= 0)
Jan  1 01:15:31     59 user.info kernel: usbcore: registered new interface driver usbhid
Jan  1 01:15:31     60 user.info kernel: usbhid: v2.6:USB HID core driver
Jan  1 01:15:31     61 user.info kernel: MTD: Controller Initialized
Jan  1 01:15:31     62 user.info kernel: nand_get_flash_type(...): Manu_ID = 2c, Dev_ID = dc 
Jan  1 01:15:31     63 user.info kernel: NAND device: Manufacturer ID: 0x2c, Chip ID: 0xdc (Micron NAND 512MiB 3,3V 8-bit)
Jan  1 01:15:31     64 user.crit kernel: lf1000-nand lf1000-nand: MT29F... read from base: 0x2c, 0xdc, 0x90, 0x95, 0x54
Jan  1 01:15:31     65 user.info kernel: lf1000-nand lf1000-nand: Using 1-bit ECC
Jan  1 01:15:31     66 user.info kernel: lf1000-nand lf1000-nand:  subpage_sft 0, subpagesize 0
Jan  1 01:15:31     67 user.info kernel: lf1000-nand lf1000-nand:   IDB3 0x90, page_shift 11, pagemask x3ffff
Jan  1 01:15:31     68 user.info kernel:   bbt_erase_shift 17, chip_shift 29, badblkpos 0
Jan  1 01:15:31     69 user.err kernel: lf1000-nand lf1000-nand: I: chip->options & NAND_NO_SUBPAGE_WRITE = 0
Jan  1 01:15:31     70 user.err kernel: lf1000-nand lf1000-nand: I: chip->options & NAND_CI_CELLTYPE_MSK = 0
Jan  1 01:15:31     71 user.err kernel: lf1000-nand lf1000-nand: I: ecc.steps = 8
Jan  1 01:15:31     72 user.err kernel: lf1000-nand lf1000-nand: I: mtd=c28b0400 mtd->subpage_sft = 2
Jan  1 01:15:31     73 user.info kernel: Scanning device for bad blocks
Jan  1 01:15:31     74 user.warn kernel: Bad eraseblock 1642 at 0x00000cd40000
Jan  1 01:15:31     75 user.notice kernel: Creating 5 MTD partitions on "lf1000-base":
Jan  1 01:15:31     76 user.notice kernel: 0x000000000000-0x000000100000 : "Emerald_Boot"
Jan  1 01:15:31     77 user.notice kernel: 0x000000100000-0x000000200000 : "I18n_Screens"
Jan  1 01:15:31     78 user.notice kernel: 0x000000200000-0x000000a00000 : "Kernel"
Jan  1 01:15:31     79 user.notice kernel: 0x000000a00000-0x000006000000 : "RFS"
Jan  1 01:15:31     80 user.notice kernel: 0x000006000000-0x000020000000 : "Bulk"
Jan  1 01:15:31     81 user.notice kernel: Probing nor-flash at physical address 0x00000000 (8-bit bankwidth)
Jan  1 01:15:31     82 user.info kernel: Found: SST 39LF040
Jan  1 01:15:31     83 user.info kernel: nor-flash: Found 1 x8 devices at 0x0 in 8-bit bank
Jan  1 01:15:31     84 user.notice kernel: number of JEDEC chips: 1
Jan  1 01:15:31     85 user.notice kernel: cfi_cmdset_0002: Disabling erase-suspend-program due to code brokenness.
Jan  1 01:15:31     86 user.info kernel: lf1000_flash_probe().96
Jan  1 01:15:31     87 user.info kernel: lf1000_flash_probe().147
Jan  1 01:15:31     88 user.notice kernel: Creating 3 MTD partitions on "nor-flash":
Jan  1 01:15:31     89 user.notice kernel: 0x000000000000-0x00000007e000 : "NOR_Boot"
Jan  1 01:15:31     90 user.notice kernel: 0x00000007e000-0x00000007f000 : "MfgData0"
Jan  1 01:15:31     91 user.notice kernel: 0x00000007f000-0x000000080000 : "MfgData1"
Jan  1 01:15:31     92 user.info kernel: lf1000-power lf1000-power: lf1000_power_probe.968 use LF1000 power control
Jan  1 01:15:31     93 user.info kernel: lf1000-power lf1000-power: lf1000_power_probe.1009 status is: 2
Jan  1 01:15:31     94 user.info kernel: lf1000-power lf1000-power: lf1000_power_probe.1012 have_external is: 0
Jan  1 01:15:31     95 user.info kernel: lf1000-power lf1000-power: lf1000_power_probe.1015 initial battery reading is: 5595
Jan  1 01:15:31     96 user.info kernel: input: Power Button as /class/input/input0
Jan  1 01:15:31     97 user.info kernel: input: LF1000 Keyboard as /class/input/input1
Jan  1 01:15:31     98 user.info kernel: resource BUTTON_RED (23) port is undefined (-1)
Jan  1 01:15:31     99 user.info kernel: resource BUTTON_RED (23) pin is undefined (-1)
Jan  1 01:15:31    100 user.info kernel: resource BUTTON_ESC (25) port is undefined (-1)
Jan  1 01:15:31    101 user.info kernel: resource BUTTON_ESC (25) pin is undefined (-1)
Jan  1 01:15:31    102 user.info kernel: Advanced Linux Sound Architecture Driver Version 1.0.20.
Jan  1 01:15:31    103 user.info kernel: ALSA device list:
Jan  1 01:15:31    104 user.info kernel:   No soundcards found.
Jan  1 01:15:31    105 user.info kernel: TCP cubic registered
Jan  1 01:15:31    106 user.info kernel: NET: Registered protocol family 17
Jan  1 01:15:31    107 user.debug kernel: lf1000_rtc_readtime(): 2008-01-01 01:15:28
Jan  1 01:15:31    108 user.info kernel: lf1000-rtc lf1000-rtc: setting system clock to 2008-01-01 01:15:28 UTC (1199150128)
Jan  1 01:15:31    109 user.info kernel: Waiting for root device /dev/mmcblk0p3...
Jan  1 01:15:31    110 user.warn kernel: mmc0: host does not support reading read-only switch. assuming write-enable.
Jan  1 01:15:31    111 user.info kernel: mmc0: new high speed SD card at address 0002
Jan  1 01:15:31    112 user.info kernel: lf1000_pll1_clock_changed.930 TIMER_SYS_TICK=45000
Jan  1 01:15:31    113 local4.notice Emerald Base: Use ADC settings from NOR 33 2026
Jan  1 01:15:31    114 local4.notice Emerald Base: Starting Ethernet USB driver ...
Jan  1 01:15:32    115 user.info kernel: lf1000-usbgadget lf1000-usbgadget: usb_gadget_register_driver 'g_ether'
Jan  1 01:15:32    116 user.info kernel: lf1000-usbgadget lf1000-usbgadget: binding gadget driver 'g_ether'
Jan  1 01:15:32    117 user.info kernel: usb0: MAC 80:38:fd:04:f6:57
Jan  1 01:15:32    118 user.info kernel: usb0: HOST MAC 80:38:fd:84:f6:57
Jan  1 01:15:32    119 user.info kernel: g_ether gadget: Ethernet Gadget, version: Veterans Day 2009
Jan  1 01:15:32    120 user.info kernel: g_ether gadget: g_ether ready
Jan  1 01:15:32    121 local4.notice Emerald Base: Starting touch screen driver ...
Jan  1 01:15:32    122 user.info kernel: input: LF1000 touchscreen interface as /class/input/input3
Jan  1 01:15:32    123 user.info kernel: input: LF1000 touchscreen raw as /class/input/input4
Jan  1 01:15:32    124 user.info kernel: input input3: lf1000_ts2: probe done ok
Jan  1 01:15:32    125 local4.notice Emerald Base: setcal: Reading TS sensitivity calibration data from /flags/set-ts.sh
Jan  1 01:15:32    126 local4.notice Emerald Base: setcal: /flags/set-ts.sh generated from missing or corrupted NOR 'tsp' data; using defaults for 3inch
Jan  1 01:15:32    127 local4.notice Emerald Base: setcal: Using USERCAL in /flags/pointercal -35185 -286 29068916 -472 -31630 24362307 65536
Jan  1 01:15:33    128 local4.err Emerald Base: +++ 5.40 131 269 76 Bgn Attaching Bulk
Jan  1 01:15:33    129 user.notice kernel: UBI: attaching mtd4 to ubi0
Jan  1 01:15:33    130 user.notice kernel: UBI: physical eraseblock size:   131072 bytes (128 KiB)
Jan  1 01:15:33    131 user.notice kernel: UBI: logical eraseblock size:    129024 bytes
Jan  1 01:15:33    132 user.notice kernel: UBI: smallest flash I/O unit:    2048
Jan  1 01:15:33    133 user.notice kernel: UBI: sub-page size:              512
Jan  1 01:15:33    134 user.notice kernel: UBI: VID header offset:          512 (aligned 512)
Jan  1 01:15:33    135 user.notice kernel: UBI: data offset:                2048
Jan  1 01:15:34    136 user.notice kernel: UBI: max. sequence number:       3472
Jan  1 01:15:34    137 user.notice kernel: UBI: attached mtd4 to ubi0
Jan  1 01:15:34    138 user.notice kernel: UBI: MTD device name:            "Bulk"
Jan  1 01:15:34    139 user.notice kernel: UBI: MTD device size:            416 MiB
Jan  1 01:15:34    140 user.notice kernel: UBI: number of good PEBs:        3327
Jan  1 01:15:34    141 user.notice kernel: UBI: number of bad PEBs:         1
Jan  1 01:15:34    142 user.notice kernel: UBI: max. allowed volumes:       128
Jan  1 01:15:34    143 user.notice kernel: UBI: wear-leveling threshold:    4096
Jan  1 01:15:34    144 user.notice kernel: UBI: number of internal volumes: 1
Jan  1 01:15:34    145 user.notice kernel: UBI: number of user volumes:     1
Jan  1 01:15:34    146 user.notice kernel: UBI: available PEBs:             0
Jan  1 01:15:34    147 user.notice kernel: UBI: total number of reserved PEBs: 3327
Jan  1 01:15:34    148 local4.err Emerald Base: +++ 6.41 138 342 76 Bgn Mounting /LF/Bulk ubi0
Jan  1 01:15:34    149 user.notice kernel: UBIFS: mounted UBI device 0, volume 0, name "ubi_bulk"
Jan  1 01:15:34    150 user.notice kernel: UBIFS: file system size:   423069696 bytes (413154 KiB, 403 MiB, 3279 LEBs)
Jan  1 01:15:34    151 user.notice kernel: UBIFS: journal size:       9033728 bytes (8822 KiB, 8 MiB, 71 LEBs)
Jan  1 01:15:34    152 user.notice kernel: UBIFS: media format:       w4/r0 (latest is w4/r0)
Jan  1 01:15:34    153 user.notice kernel: UBIFS: default compressor: lzo
Jan  1 01:15:34    154 user.notice kernel: UBIFS: reserved for root:  0 bytes (0 KiB)
Jan  1 01:15:34    155 local4.err Emerald Base: +++ 6.54 139 354 76 End Mounting /LF/Bulk ubi0
Jan  1 01:15:41    156 local4.notice Emerald Base: Starting /etc/init.d/networking ...
Jan  1 01:15:41    157 local4.notice Emerald Base: /etc/init.d/networking: /flags/developer: forcing static IP
Jan  1 01:15:41    158 daemon.info avahi-daemon[524]: Found user 'avahi' (UID 1102) and group 'avahi' (GID 1102).
Jan  1 01:15:41    159 daemon.info avahi-daemon[524]: Successfully dropped root privileges.
Jan  1 01:15:41    160 daemon.info avahi-daemon[524]: avahi-daemon 0.6.24 starting up.
Jan  1 01:15:41    161 daemon.warn avahi-daemon[524]: WARNING: No NSS support for mDNS detected, consider installing nss-mdns!
Jan  1 01:15:41    162 daemon.warn avahi-daemon[524]: Failed to open /etc/resolv.conf: No such file or directory
Jan  1 01:15:41    163 daemon.info avahi-daemon[524]: Loading service file /etc/avahi/services/ftp.service.
Jan  1 01:15:41    164 daemon.info avahi-daemon[524]: Loading service file /etc/avahi/services/sftp-ssh.service.
Jan  1 01:15:41    165 daemon.info avahi-daemon[524]: Loading service file /etc/avahi/services/ssh.service.
Jan  1 01:15:41    166 daemon.info avahi-daemon[524]: Joining mDNS multicast group on interface usb0.IPv4 with address 10.0.0.2.
Jan  1 01:15:41    167 daemon.info avahi-daemon[524]: New relevant interface usb0.IPv4 for mDNS.
Jan  1 01:15:41    168 daemon.info avahi-daemon[524]: Network interface enumeration completed.
Jan  1 01:15:41    169 daemon.info avahi-daemon[524]: Registering new address record for 10.0.0.2 on usb0.IPv4.
Jan  1 01:15:41    170 daemon.info avahi-daemon[524]: Registering HINFO record with values 'ARMV5TEJL'/'LINUX'.
Jan  1 01:15:42    171 local4.notice Emerald Base: Starting vbus-monitor ...
Jan  1 01:15:42    172 local4.notice vbus-actions: VBUS went low; stop DFTP
Jan  1 01:15:42    173 local4.notice Emerald Base: Stopping DFTP ...
Jan  1 01:15:42    174 auth.info sshd[552]: Server listening on 0.0.0.0 port 22.
Jan  1 01:15:42    175 local4.notice Emerald Base: starting telnetd, vsftpd, and sshd
Jan  1 01:15:42    176 daemon.info avahi-daemon[524]: Server startup complete. Host name is LB-Explorer-0614170001021004F657.local. Local service cookie is 4236115488.
Jan  1 01:15:43    177 daemon.info avahi-daemon[524]: Service "LB-Explorer-0614170001021004F657" (/etc/avahi/services/ssh.service) successfully established.
Jan  1 01:15:43    178 daemon.info avahi-daemon[524]: Service "SFTP File Transfer on LB-Explorer-0614170001021004F657" (/etc/avahi/services/sftp-ssh.service) successfully established.
Jan  1 01:15:43    179 daemon.info avahi-daemon[524]: Service "FTP Transfer on LB-Explorer-0614170001021004F657" (/etc/avahi/services/ftp.service) successfully established.
Jan  1 01:15:46    180 local4.notice LeapBunny Base: Version:        '
Jan  1 01:15:46    181 local4.notice Emerald Base: hostname:         'LB-Explorer-0614170001021004F657'
Jan  1 01:15:46    182 local4.notice Emerald Base: Board ID:         '2'
Jan  1 01:15:46    183 local4.notice Emerald Base: NOR BootVersion:  '2.0.20.0001'
Jan  1 01:15:46    184 local4.notice Emerald Base: NOR SerialNumber: '0614170001021004F657'
Jan  1 01:15:46    185 local4.notice Emerald Base: NAND BootVersion: '1.0.8.6905'
Jan  1 01:15:46    186 local4.notice Emerald Base: Firmware Release Version: 1.3.4-2044
Jan  1 01:15:47    187 local4.notice Emerald Base: Base bin Version: "1.3.4.6030"
Jan  1 01:15:47    188 local4.notice Emerald Base: Base lib Version: "1.3.4.6482"
Jan  1 01:15:47    189 local4.notice Emerald Base: Base L3X Version: "1.3.4.6573"
Jan  1 01:15:47    190 local4.notice Emerald Base: Base Brio Version: "1.3.4.9218"
Jan  1 01:17:11    191 daemon.warn avahi-daemon[524]: Disconnected from D-Bus, exiting.
Jan  1 01:17:11    192 daemon.info avahi-daemon[524]: Got SIGQUIT, quitting.
Jan  1 01:17:11    193 daemon.info avahi-daemon[524]: Leaving mDNS multicast group on interface usb0.IPv4 with address 10.0.0.2.
Jan  1 01:17:11    194 local4.notice Emerald Base: Stopping vbus-monitor ...
Jan  1 01:17:11    195 local4.notice Emerald Base: Stopping /etc/init.d/networking ...
Jan  1 01:17:11    196 local4.notice Emerald Base: Stopping Ethernet USB driver ...
Jan  1 01:17:11    197 user.info kernel: lf1000-usbgadget lf1000-usbgadget: usb_gadget_unregister_driver 'g_ether'
Jan  1 01:17:11    198 user.info kernel: lf1000-usbgadget lf1000-usbgadget: remove
Jan  1 01:17:11    199 local4.notice Emerald Base: Stopping lfd ...
Jan  1 01:17:11    200 local4.notice Emerald Base: Stopping system logging ... !
Jan  1 01:17:11    201 user.notice kernel: klogd: exiting
Jan  1 01:17:11    202 syslog.info syslogd exiting
Jan  1 01:18:02      0 syslog.info syslogd started: BusyBox v1.13.2---1
Jan  1 01:18:02      1 local4.notice Recovery Keep-Alives: boot_image=PLAY boot_source=NOR panic=0 power=WARM request=PLAY shutdown=DIRTY raw=0003E246
Jan  1 01:18:02      2 user.notice kernel: klogd started: BusyBox v1.13.2 (2010-11-05 10:51:29 PDT)
Jan  1 01:18:02      3 user.notice kernel: Linux version 2.6.31-leapfrog (muki@starlight) (gcc version 4.1.1) #3 Fri Jan 29 05:58:35 PST 2021
Jan  1 01:18:03      4 user.warn kernel: CPU: ARM926EJ-S [41069265] revision 5 (ARMv5TEJ), cr=00053177
Jan  1 01:18:03      5 user.warn kernel: CPU: VIVT data cache, VIVT instruction cache
Jan  1 01:18:03      6 user.warn kernel: Machine: ARM-LF1000
Jan  1 01:18:03      7 user.warn kernel: Memory policy: ECC disabled, Data cache writeback
Jan  1 01:18:03      8 user.debug kernel: On node 0 totalpages: 11776
Jan  1 01:18:03      9 user.debug kernel: free_area_init_node: node 0, pgdat c03d5624, node_mem_map c0418000
Jan  1 01:18:03     10 user.debug kernel:   Normal zone: 92 pages used for memmap
Jan  1 01:18:03     11 user.debug kernel:   Normal zone: 0 pages reserved
Jan  1 01:18:03     12 user.debug kernel:   Normal zone: 11684 pages, LIFO batch:1
Jan  1 01:18:03     13 user.info kernel: msgmni has been set to 82
Jan  1 01:18:03     14 local4.notice Emerald Base: Locale: Loading /var/screens/KESSEC.png
Jan  1 01:18:03     15 user.info kernel: lf1000_pll1_clock_changed.930 TIMER_SYS_TICK=45000
Jan  1 01:18:03     16 local4.notice Emerald Base: Use ADC settings from NOR 33 2026
Jan  1 01:18:03     17 local4.notice Emerald Base: Starting Ethernet USB driver ...
Jan  1 01:18:03     18 user.info kernel: lf1000-usbgadget lf1000-usbgadget: usb_gadget_register_driver 'g_ether'
Jan  1 01:18:03     19 user.info kernel: lf1000-usbgadget lf1000-usbgadget: binding gadget driver 'g_ether'
Jan  1 01:18:03     20 user.info kernel: usb0: MAC 80:38:fd:04:f6:57
Jan  1 01:18:03     21 user.info kernel: usb0: HOST MAC 80:38:fd:84:f6:57
Jan  1 01:18:03     22 user.info kernel: g_ether gadget: Ethernet Gadget, version: Veterans Day 2009
Jan  1 01:18:03     23 user.info kernel: g_ether gadget: g_ether ready
Jan  1 01:18:03     24 local4.notice Emerald Base: Starting touch screen driver ...
Jan  1 01:18:03     25 user.info kernel: input: LF1000 touchscreen interface as /class/input/input3
Jan  1 01:18:03     26 user.info kernel: input: LF1000 touchscreen raw as /class/input/input4
Jan  1 01:18:03     27 user.info kernel: input input3: lf1000_ts2: probe done ok
Jan  1 01:18:04     28 local4.notice Emerald Base: setcal: Reading TS sensitivity calibration data from /flags/set-ts.sh
Jan  1 01:18:04     29 local4.notice Emerald Base: setcal: /flags/set-ts.sh generated from missing or corrupted NOR 'tsp' data; using defaults for 3inch
Jan  1 01:18:04     30 local4.notice Emerald Base: setcal: Using USERCAL in /flags/pointercal -35185 -286 29068916 -472 -31630 24362307 65536
Jan  1 01:18:05     31 local4.err Emerald Base: +++ 5.30 123 274 104 Bgn Attaching Bulk
Jan  1 01:18:05     32 user.notice kernel: UBI: attaching mtd4 to ubi0
Jan  1 01:18:05     33 user.notice kernel: UBI: physical eraseblock size:   131072 bytes (128 KiB)
Jan  1 01:18:05     34 user.notice kernel: UBI: logical eraseblock size:    129024 bytes
Jan  1 01:18:05     35 user.notice kernel: UBI: smallest flash I/O unit:    2048
Jan  1 01:18:05     36 user.notice kernel: UBI: sub-page size:              512
Jan  1 01:18:05     37 user.notice kernel: UBI: VID header offset:          512 (aligned 512)
Jan  1 01:18:05     38 user.notice kernel: UBI: data offset:                2048
Jan  1 01:18:06     39 user.notice kernel: UBI: max. sequence number:       3474
Jan  1 01:18:06     40 user.notice kernel: UBI: attached mtd4 to ubi0
Jan  1 01:18:06     41 user.notice kernel: UBI: MTD device name:            "Bulk"
Jan  1 01:18:06     42 user.notice kernel: UBI: MTD device size:            416 MiB
Jan  1 01:18:06     43 user.notice kernel: UBI: number of good PEBs:        3327
Jan  1 01:18:06     44 user.notice kernel: UBI: number of bad PEBs:         1
Jan  1 01:18:06     45 user.notice kernel: UBI: max. allowed volumes:       128
Jan  1 01:18:06     46 user.notice kernel: UBI: wear-leveling threshold:    4096
Jan  1 01:18:06     47 user.notice kernel: UBI: number of internal volumes: 1
Jan  1 01:18:06     48 user.notice kernel: UBI: number of user volumes:     1
Jan  1 01:18:06     49 user.notice kernel: UBI: available PEBs:             0
Jan  1 01:18:06     50 user.notice kernel: UBI: total number of reserved PEBs: 3327
Jan  1 01:18:06     51 local4.err Emerald Base: +++ 6.28 127 347 104 Bgn Mounting /LF/Bulk ubi0
Jan  1 01:18:06     52 user.notice kernel: UBIFS: mounted UBI device 0, volume 0, name "ubi_bulk"
Jan  1 01:18:06     53 user.notice kernel: UBIFS: file system size:   423069696 bytes (413154 KiB, 403 MiB, 3279 LEBs)
Jan  1 01:18:06     54 user.notice kernel: UBIFS: journal size:       9033728 bytes (8822 KiB, 8 MiB, 71 LEBs)
Jan  1 01:18:06     55 user.notice kernel: UBIFS: media format:       w4/r0 (latest is w4/r0)
Jan  1 01:18:06     56 user.notice kernel: UBIFS: default compressor: lzo
Jan  1 01:18:06     57 user.notice kernel: UBIFS: reserved for root:  0 bytes (0 KiB)
Jan  1 01:18:06     58 local4.err Emerald Base: +++ 6.41 128 359 104 End Mounting /LF/Bulk ubi0
Jan  1 01:18:13     59 local4.notice Emerald Base: Starting /etc/init.d/networking ...
Jan  1 01:18:13     60 local4.notice Emerald Base: /etc/init.d/networking: /flags/developer: forcing static IP
Jan  1 01:18:13     61 daemon.info avahi-daemon[522]: Found user 'avahi' (UID 1102) and group 'avahi' (GID 1102).
Jan  1 01:18:13     62 daemon.info avahi-daemon[522]: Successfully dropped root privileges.
Jan  1 01:18:13     63 daemon.info avahi-daemon[522]: avahi-daemon 0.6.24 starting up.
Jan  1 01:18:13     64 daemon.warn avahi-daemon[522]: WARNING: No NSS support for mDNS detected, consider installing nss-mdns!
Jan  1 01:18:13     65 daemon.warn avahi-daemon[522]: Failed to open /etc/resolv.conf: No such file or directory
Jan  1 01:18:13     66 daemon.info avahi-daemon[522]: Loading service file /etc/avahi/services/ftp.service.
Jan  1 01:18:13     67 daemon.info avahi-daemon[522]: Loading service file /etc/avahi/services/sftp-ssh.service.
Jan  1 01:18:13     68 daemon.info avahi-daemon[522]: Loading service file /etc/avahi/services/ssh.service.
Jan  1 01:18:13     69 daemon.info avahi-daemon[522]: Joining mDNS multicast group on interface usb0.IPv4 with address 10.0.0.2.
Jan  1 01:18:13     70 daemon.info avahi-daemon[522]: New relevant interface usb0.IPv4 for mDNS.
Jan  1 01:18:13     71 daemon.info avahi-daemon[522]: Network interface enumeration completed.
Jan  1 01:18:13     72 daemon.info avahi-daemon[522]: Registering new address record for 10.0.0.2 on usb0.IPv4.
Jan  1 01:18:13     73 daemon.info avahi-daemon[522]: Registering HINFO record with values 'ARMV5TEJL'/'LINUX'.
Jan  1 01:18:13     74 local4.notice Emerald Base: Starting vbus-monitor ...
Jan  1 01:18:14     75 local4.notice vbus-actions: VBUS went low; stop DFTP
Jan  1 01:18:14     76 local4.notice Emerald Base: Stopping DFTP ...
Jan  1 01:18:14     77 auth.info sshd[550]: Server listening on 0.0.0.0 port 22.
Jan  1 01:18:14     78 local4.notice Emerald Base: starting telnetd, vsftpd, and sshd
Jan  1 01:18:14     79 daemon.info avahi-daemon[522]: Server startup complete. Host name is LB-Explorer-0614170001021004F657.local. Local service cookie is 2448657221.
Jan  1 01:18:15     80 daemon.info avahi-daemon[522]: Service "LB-Explorer-0614170001021004F657" (/etc/avahi/services/ssh.service) successfully established.
Jan  1 01:18:15     81 daemon.info avahi-daemon[522]: Service "SFTP File Transfer on LB-Explorer-0614170001021004F657" (/etc/avahi/services/sftp-ssh.service) successfully established.
Jan  1 01:18:15     82 daemon.info avahi-daemon[522]: Service "FTP Transfer on LB-Explorer-0614170001021004F657" (/etc/avahi/services/ftp.service) successfully established.
Jan  1 01:18:18     83 local4.notice LeapBunny Base: Version:        '
Jan  1 01:18:18     84 local4.notice Emerald Base: hostname:         'LB-Explorer-0614170001021004F657'
Jan  1 01:18:18     85 local4.notice Emerald Base: Board ID:         '2'
Jan  1 01:18:18     86 local4.notice Emerald Base: NOR BootVersion:  '2.0.20.0001'
Jan  1 01:18:18     87 local4.notice Emerald Base: NOR SerialNumber: '0614170001021004F657'
Jan  1 01:18:18     88 local4.notice Emerald Base: NAND BootVersion: '1.0.8.6905'
Jan  1 01:18:18     89 local4.notice Emerald Base: Firmware Release Version: 1.3.4-2044
Jan  1 01:18:18     90 local4.notice Emerald Base: Base bin Version: "1.3.4.6030"
Jan  1 01:18:18     91 local4.notice Emerald Base: Base lib Version: "1.3.4.6482"
Jan  1 01:18:19     92 local4.notice Emerald Base: Base L3X Version: "1.3.4.6573"
Jan  1 01:18:19     93 local4.notice Emerald Base: Base Brio Version: "1.3.4.9218"
Jan  1 01:19:06     94 daemon.warn avahi-daemon[522]: Disconnected from D-Bus, exiting.
Jan  1 01:19:06     95 daemon.info avahi-daemon[522]: Got SIGQUIT, quitting.
Jan  1 01:19:06     96 daemon.info avahi-daemon[522]: Leaving mDNS multicast group on interface usb0.IPv4 with address 10.0.0.2.
Jan  1 01:19:06     97 local4.notice Emerald Base: Stopping vbus-monitor ...
Jan  1 01:19:06     98 local4.notice Emerald Base: Stopping /etc/init.d/networking ...
Jan  1 01:19:06     99 local4.notice Emerald Base: Stopping Ethernet USB driver ...
Jan  1 01:19:06    100 user.info kernel: lf1000-usbgadget lf1000-usbgadget: usb_gadget_unregister_driver 'g_ether'
Jan  1 01:19:06    101 user.info kernel: lf1000-usbgadget lf1000-usbgadget: remove
Jan  1 01:19:06    102 local4.notice Emerald Base: Stopping lfd ...
Jan  1 01:19:07    103 local4.notice Emerald Base: Stopping system logging ... !
Jan  1 01:19:07    104 user.notice kernel: klogd: exiting
Jan  1 01:19:07    105 syslog.info syslogd exiting
Jan  1 01:25:42      0 syslog.info syslogd started: BusyBox v1.13.2---1
Jan  1 01:25:43      1 local4.notice Recovery Keep-Alives: boot_image=PLAY boot_source=NOR panic=0 power=COLD request=BATTERY shutdown=DIRTY raw=0003E25D
Jan  1 01:25:43      2 user.notice kernel: klogd started: BusyBox v1.13.2 (2010-11-05 10:51:29 PDT)
Jan  1 01:25:43      3 user.notice kernel: Linux version 2.6.31-leapfrog (muki@starlight) (gcc version 4.1.1) #3 Fri Jan 29 05:58:35 PST 2021
Jan  1 01:25:43      4 user.warn kernel: CPU: ARM926EJ-S [41069265] revision 5 (ARMv5TEJ), cr=00053177
Jan  1 01:25:43      5 user.warn kernel: CPU: VIVT data cache, VIVT instruction cache
Jan  1 01:25:43      6 user.warn kernel: Machine: ARM-LF1000
Jan  1 01:25:43      7 user.warn kernel: Memory policy: ECC disabled, Data cache writeback
Jan  1 01:25:43      8 user.debug kernel: On node 0 totalpages: 11776
Jan  1 01:25:43      9 user.debug kernel: free_area_init_node: node 0, pgdat c03d5624, node_mem_map c0418000
Jan  1 01:25:43     10 user.debug kernel:   Normal zone: 92 pages used for memmap
Jan  1 01:25:43     11 user.debug kernel:   Normal zone: 0 pages reserved
Jan  1 01:25:43     12 user.debug kernel:   Normal zone: 11684 pages, LIFO batch:1
Jan  1 01:25:43     13 local4.notice Emerald Base: Locale: Loading /var/screens/KESSEC.png
Jan  1 01:25:43     14 user.info kernel: Memory: 46MB = 46MB total
Jan  1 01:25:43     15 user.notice kernel: Memory: 42448KB available (3540K code, 410K data, 120K init, 0K highmem)
Jan  1 01:25:43     16 user.info kernel: NR_IRQS:256
Jan  1 01:25:43     17 user.warn kernel: TIM0=  4.500 MHz   TIM1=  4.500 MHz   TIM2=  4.500 MHz   TIM3=  4.500 MHz   TIM4=  4.500 MHz   
Jan  1 01:25:43     18 user.warn kernel: Console: colour dummy device 80x30
Jan  1 01:25:43     19 user.info kernel: console [ttyS0] enabled
Jan  1 01:25:43     20 user.info kernel: Calibrating delay loop (skipped) preset value.. 786.43 BogoMIPS (lpj=3932181)
Jan  1 01:25:43     21 user.warn kernel: Mount-cache hash table entries: 512
Jan  1 01:25:43     22 user.info kernel: CPU: Testing write buffer coherency: ok
Jan  1 01:25:43     23 user.info kernel: NET: Registered protocol family 16
Jan  1 01:25:43     24 user.warn kernel: bio: create slab <bio-0> at 0
Jan  1 01:25:43     25 user.info kernel: usbcore: registered new interface driver usbfs
Jan  1 01:25:43     26 user.info kernel: usbcore: registered new interface driver hub
Jan  1 01:25:43     27 user.info kernel: usbcore: registered new device driver usb
Jan  1 01:25:43     28 user.info kernel: NET: Registered protocol family 2
Jan  1 01:25:43     29 user.info kernel: IP route cache hash table entries: 1024 (order: 0, 4096 bytes)
Jan  1 01:25:43     30 user.info kernel: TCP established hash table entries: 2048 (order: 2, 16384 bytes)
Jan  1 01:25:43     31 user.info kernel: TCP bind hash table entries: 2048 (order: 1, 8192 bytes)
Jan  1 01:25:43     32 user.info kernel: TCP: Hash tables configured (established 2048 bind 2048)
Jan  1 01:25:43     33 user.info kernel: TCP reno registered
Jan  1 01:25:43     34 user.info kernel: NET: Registered protocol family 1
Jan  1 01:25:43     35 user.info kernel: arch/arm/mach-lf1000/gpio_main.c.check_for_touchscreen:1350 found touchscreen
Jan  1 01:25:43     36 user.info kernel: Reading Board ID =  0x02
Jan  1 01:25:43     37 user.info kernel: lf1000-dpc lf1000-dpc: screen: 320x240
Jan  1 01:25:43     38 user.info kernel: msgmni has been set to 82
Jan  1 01:25:43     39 user.info kernel: alg: No test for stdrng (krng)
Jan  1 01:25:43     40 user.info kernel: io scheduler noop registered
Jan  1 01:25:43     41 user.info kernel: io scheduler deadline registered (default)
Jan  1 01:25:43     42 user.info kernel: lf1000-bl lf1000-bl: Using PWM Channel 1 for backlight
Jan  1 01:25:43     43 user.info kernel: lf1000-bl lf1000-bl: PWM rate is 9600000
Jan  1 01:25:43     44 user.info kernel: lf1000-fb lf1000-fb: layers=3, screen=320x240
Jan  1 01:25:43     45 user.info kernel: lf1000-fb lf1000-fb: got IRQ 0
Jan  1 01:25:43     46 user.info kernel: i2c /dev entries driver
Jan  1 01:25:43     47 user.err kernel: i2c-adapter i2c-0: no ACK in xfer_write
Jan  1 01:25:43     48 user.info kernel: i2c: no ACK in xfer_read
Jan  1 01:25:43     49 user.err kernel: lfp100_read_reg_raw.118 reg=0, i2c_transfer=-14
Jan  1 01:25:43     50 user.err kernel: lfp100_chip_probe.582 No LFP100
Jan  1 01:25:43     51 user.info kernel: Software Watchdog Timer: 0.07 initialized. soft_noboot=0 soft_margin=60 sec (nowayout= 0)
Jan  1 01:25:43     52 user.info kernel: usbcore: registered new interface driver usbhid
Jan  1 01:25:43     53 user.info kernel: usbhid: v2.6:USB HID core driver
Jan  1 01:25:43     54 user.info kernel: MTD: Controller Initialized
Jan  1 01:25:43     55 user.info kernel: nand_get_flash_type(...): Manu_ID = 2c, Dev_ID = dc 
Jan  1 01:25:43     56 user.info kernel: NAND device: Manufacturer ID: 0x2c, Chip ID: 0xdc (Micron NAND 512MiB 3,3V 8-bit)
Jan  1 01:25:43     57 user.crit kernel: lf1000-nand lf1000-nand: MT29F... read from base: 0x2c, 0xdc, 0x90, 0x95, 0x54
Jan  1 01:25:43     58 user.info kernel: lf1000-nand lf1000-nand: Using 1-bit ECC
Jan  1 01:25:43     59 user.info kernel: lf1000-nand lf1000-nand:  subpage_sft 0, subpagesize 0
Jan  1 01:25:43     60 user.info kernel: lf1000-nand lf1000-nand:   IDB3 0x90, page_shift 11, pagemask x3ffff
Jan  1 01:25:43     61 user.info kernel:   bbt_erase_shift 17, chip_shift 29, badblkpos 0
Jan  1 01:25:43     62 user.err kernel: lf1000-nand lf1000-nand: I: chip->options & NAND_NO_SUBPAGE_WRITE = 0
Jan  1 01:25:43     63 user.err kernel: lf1000-nand lf1000-nand: I: chip->options & NAND_CI_CELLTYPE_MSK = 0
Jan  1 01:25:43     64 user.err kernel: lf1000-nand lf1000-nand: I: ecc.steps = 8
Jan  1 01:25:43     65 user.err kernel: lf1000-nand lf1000-nand: I: mtd=c28b0400 mtd->subpage_sft = 2
Jan  1 01:25:43     66 user.info kernel: Scanning device for bad blocks
Jan  1 01:25:43     67 user.warn kernel: Bad eraseblock 1642 at 0x00000cd40000
Jan  1 01:25:43     68 user.notice kernel: Creating 5 MTD partitions on "lf1000-base":
Jan  1 01:25:43     69 user.notice kernel: 0x000000000000-0x000000100000 : "Emerald_Boot"
Jan  1 01:25:43     70 user.notice kernel: 0x000000100000-0x000000200000 : "I18n_Screens"
Jan  1 01:25:43     71 user.notice kernel: 0x000000200000-0x000000a00000 : "Kernel"
Jan  1 01:25:43     72 user.notice kernel: 0x000000a00000-0x000006000000 : "RFS"
Jan  1 01:25:43     73 user.notice kernel: 0x000006000000-0x000020000000 : "Bulk"
Jan  1 01:25:43     74 user.notice kernel: Probing nor-flash at physical address 0x00000000 (8-bit bankwidth)
Jan  1 01:25:43     75 user.info kernel: Found: SST 39LF040
Jan  1 01:25:43     76 user.info kernel: nor-flash: Found 1 x8 devices at 0x0 in 8-bit bank
Jan  1 01:25:43     77 user.notice kernel: number of JEDEC chips: 1
Jan  1 01:25:43     78 user.notice kernel: cfi_cmdset_0002: Disabling erase-suspend-program due to code brokenness.
Jan  1 01:25:43     79 user.info kernel: lf1000_flash_probe().96
Jan  1 01:25:43     80 user.info kernel: lf1000_flash_probe().147
Jan  1 01:25:43     81 user.notice kernel: Creating 3 MTD partitions on "nor-flash":
Jan  1 01:25:43     82 user.notice kernel: 0x000000000000-0x00000007e000 : "NOR_Boot"
Jan  1 01:25:43     83 user.notice kernel: 0x00000007e000-0x00000007f000 : "MfgData0"
Jan  1 01:25:43     84 user.notice kernel: 0x00000007f000-0x000000080000 : "MfgData1"
Jan  1 01:25:43     85 user.info kernel: lf1000-power lf1000-power: lf1000_power_probe.968 use LF1000 power control
Jan  1 01:25:43     86 user.info kernel: lf1000-power lf1000-power: lf1000_power_probe.1009 status is: 2
Jan  1 01:25:43     87 user.info kernel: lf1000-power lf1000-power: lf1000_power_probe.1012 have_external is: 0
Jan  1 01:25:43     88 user.info kernel: lf1000-power lf1000-power: lf1000_power_probe.1015 initial battery reading is: 5501
Jan  1 01:25:43     89 user.info kernel: input: Power Button as /class/input/input0
Jan  1 01:25:43     90 user.info kernel: input: LF1000 Keyboard as /class/input/input1
Jan  1 01:25:43     91 user.info kernel: resource BUTTON_RED (23) port is undefined (-1)
Jan  1 01:25:43     92 user.info kernel: resource BUTTON_RED (23) pin is undefined (-1)
Jan  1 01:25:43     93 user.info kernel: resource BUTTON_ESC (25) port is undefined (-1)
Jan  1 01:25:43     94 user.info kernel: resource BUTTON_ESC (25) pin is undefined (-1)
Jan  1 01:25:43     95 user.info kernel: Advanced Linux Sound Architecture Driver Version 1.0.20.
Jan  1 01:25:43     96 user.info kernel: ALSA device list:
Jan  1 01:25:43     97 user.info kernel:   No soundcards found.
Jan  1 01:25:43     98 user.info kernel: TCP cubic registered
Jan  1 01:25:43     99 user.info kernel: NET: Registered protocol family 17
Jan  1 01:25:43    100 user.debug kernel: lf1000_rtc_readtime(): 2008-01-01 01:25:40
Jan  1 01:25:43    101 user.info kernel: lf1000-rtc lf1000-rtc: setting system clock to 2008-01-01 01:25:40 UTC (1199150740)
Jan  1 01:25:43    102 user.info kernel: Waiting for root device /dev/mmcblk0p3...
Jan  1 01:25:43    103 user.warn kernel: mmc0: host does not support reading read-only switch. assuming write-enable.
Jan  1 01:25:43    104 user.info kernel: mmc0: new high speed SD card at address 0002
Jan  1 01:25:43    105 user.info kernel: mmcblk0: mmc0:0002 00000 1.86 GiB 
Jan  1 01:25:43    106 user.info kernel:  mmcblk0: p1 p2 p3 p4
Jan  1 01:25:43    107 user.info kernel: kjournald starting.  Commit interval 5 seconds
Jan  1 01:25:43    108 user.alert kernel: lf1000-power lf1000-power: Report NIMH (5501 mv)
Jan  1 01:25:43    109 user.info kernel: EXT3 FS on mmcblk0p3, internal journal
Jan  1 01:25:43    110 user.info kernel: EXT3-fs: mounted filesystem with writeback data mode.
Jan  1 01:25:43    111 user.warn kernel: VFS: Mounted root (ext3 filesystem) on device 179:3.
Jan  1 01:25:43    112 user.info kernel: Freeing init memory: 120K
Jan  1 01:25:43    113 user.alert kernel: lf1000-power lf1000-power: Report Battery (5493 mv)
Jan  1 01:25:43    114 user.info kernel: lf1000-usbgadget lf1000-usbgadget: probe
Jan  1 01:25:43    115 user.info kernel: input: LF1000 USB as /class/input/input2
Jan  1 01:25:43    116 user.warn kernel: No device for DAI lf1000-i2s
Jan  1 01:25:43    117 user.info kernel: CS43L22 0-0094: found CS43L22 rev 3 at i2c-94
Jan  1 01:25:43    118 user.info kernel: didj-asoc didj-asoc: didj_audio_probe
Jan  1 01:25:43    119 user.info kernel: asoc: CS43L22 <-> lf1000-i2s mapping ok
Jan  1 01:25:43    120 user.info kernel: lf1000_pll1_clock_changed.930 TIMER_SYS_TICK=45000
Jan  1 01:25:43    121 local4.notice Emerald Base: Use ADC settings from NOR 33 2026
Jan  1 01:25:43    122 local4.notice Emerald Base: Starting Ethernet USB driver ...
Jan  1 01:25:44    123 user.info kernel: lf1000-usbgadget lf1000-usbgadget: usb_gadget_register_driver 'g_ether'
Jan  1 01:25:44    124 user.info kernel: lf1000-usbgadget lf1000-usbgadget: binding gadget driver 'g_ether'
Jan  1 01:25:44    125 user.info kernel: usb0: MAC 80:38:fd:04:f6:57
Jan  1 01:25:44    126 user.info kernel: usb0: HOST MAC 80:38:fd:84:f6:57
Jan  1 01:25:44    127 user.info kernel: g_ether gadget: Ethernet Gadget, version: Veterans Day 2009
Jan  1 01:25:44    128 user.info kernel: g_ether gadget: g_ether ready
Jan  1 01:25:44    129 local4.notice Emerald Base: Starting touch screen driver ...
Jan  1 01:25:44    130 user.info kernel: input: LF1000 touchscreen interface as /class/input/input3
Jan  1 01:25:44    131 user.info kernel: input: LF1000 touchscreen raw as /class/input/input4
Jan  1 01:25:44    132 user.info kernel: input input3: lf1000_ts2: probe done ok
Jan  1 01:25:44    133 local4.notice Emerald Base: setcal: Reading TS sensitivity calibration data from /flags/set-ts.sh
Jan  1 01:25:44    134 local4.notice Emerald Base: setcal: /flags/set-ts.sh generated from missing or corrupted NOR 'tsp' data; using defaults for 3inch
Jan  1 01:25:44    135 local4.notice Emerald Base: setcal: Using USERCAL in /flags/pointercal -35185 -286 29068916 -472 -31630 24362307 65536
Jan  1 01:25:45    136 local4.err Emerald Base: +++ 5.40 133 280 73 Bgn Attaching Bulk
Jan  1 01:25:45    137 user.notice kernel: UBI: attaching mtd4 to ubi0
Jan  1 01:25:45    138 user.notice kernel: UBI: physical eraseblock size:   131072 bytes (128 KiB)
Jan  1 01:25:45    139 user.notice kernel: UBI: logical eraseblock size:    129024 bytes
Jan  1 01:25:45    140 user.notice kernel: UBI: smallest flash I/O unit:    2048
Jan  1 01:25:45    141 user.notice kernel: UBI: sub-page size:              512
Jan  1 01:25:45    142 user.notice kernel: UBI: VID header offset:          512 (aligned 512)
Jan  1 01:25:45    143 user.notice kernel: UBI: data offset:                2048
Jan  1 01:25:46    144 user.notice kernel: UBI: max. sequence number:       3480
Jan  1 01:25:46    145 user.notice kernel: UBI: attached mtd4 to ubi0
Jan  1 01:25:46    146 user.notice kernel: UBI: MTD device name:            "Bulk"
Jan  1 01:25:46    147 user.notice kernel: UBI: MTD device size:            416 MiB
Jan  1 01:25:46    148 user.notice kernel: UBI: number of good PEBs:        3327
Jan  1 01:25:46    149 user.notice kernel: UBI: number of bad PEBs:         1
Jan  1 01:25:46    150 user.notice kernel: UBI: max. allowed volumes:       128
Jan  1 01:25:46    151 user.notice kernel: UBI: wear-leveling threshold:    4096
Jan  1 01:25:46    152 user.notice kernel: UBI: number of internal volumes: 1
Jan  1 01:25:46    153 user.notice kernel: UBI: number of user volumes:     1
Jan  1 01:25:46    154 user.notice kernel: UBI: available PEBs:             0
Jan  1 01:25:46    155 user.notice kernel: UBI: total number of reserved PEBs: 3327
Jan  1 01:25:46    156 local4.err Emerald Base: +++ 6.39 142 350 73 Bgn Mounting /LF/Bulk ubi0
Jan  1 01:25:46    157 user.notice kernel: UBIFS: mounted UBI device 0, volume 0, name "ubi_bulk"
Jan  1 01:25:46    158 user.notice kernel: UBIFS: file system size:   423069696 bytes (413154 KiB, 403 MiB, 3279 LEBs)
Jan  1 01:25:46    159 user.notice kernel: UBIFS: journal size:       9033728 bytes (8822 KiB, 8 MiB, 71 LEBs)
Jan  1 01:25:46    160 user.notice kernel: UBIFS: media format:       w4/r0 (latest is w4/r0)
Jan  1 01:25:46    161 user.notice kernel: UBIFS: default compressor: lzo
Jan  1 01:25:46    162 user.notice kernel: UBIFS: reserved for root:  0 bytes (0 KiB)
Jan  1 01:25:46    163 local4.err Emerald Base: +++ 6.52 143 362 73 End Mounting /LF/Bulk ubi0
Jan  1 01:25:53    164 local4.notice Emerald Base: Starting /etc/init.d/networking ...
Jan  1 01:25:53    165 local4.notice Emerald Base: /etc/init.d/networking: /flags/developer: forcing static IP
Jan  1 01:25:53    166 daemon.info avahi-daemon[522]: Found user 'avahi' (UID 1102) and group 'avahi' (GID 1102).
Jan  1 01:25:53    167 daemon.info avahi-daemon[522]: Successfully dropped root privileges.
Jan  1 01:25:53    168 daemon.info avahi-daemon[522]: avahi-daemon 0.6.24 starting up.
Jan  1 01:25:53    169 daemon.warn avahi-daemon[522]: WARNING: No NSS support for mDNS detected, consider installing nss-mdns!
Jan  1 01:25:53    170 daemon.warn avahi-daemon[522]: Failed to open /etc/resolv.conf: No such file or directory
Jan  1 01:25:53    171 daemon.info avahi-daemon[522]: Loading service file /etc/avahi/services/ftp.service.
Jan  1 01:25:53    172 daemon.info avahi-daemon[522]: Loading service file /etc/avahi/services/sftp-ssh.service.
Jan  1 01:25:53    173 daemon.info avahi-daemon[522]: Loading service file /etc/avahi/services/ssh.service.
Jan  1 01:25:53    174 daemon.info avahi-daemon[522]: Joining mDNS multicast group on interface usb0.IPv4 with address 10.0.0.2.
Jan  1 01:25:53    175 daemon.info avahi-daemon[522]: New relevant interface usb0.IPv4 for mDNS.
Jan  1 01:25:53    176 daemon.info avahi-daemon[522]: Network interface enumeration completed.
Jan  1 01:25:53    177 daemon.info avahi-daemon[522]: Registering new address record for 10.0.0.2 on usb0.IPv4.
Jan  1 01:25:53    178 daemon.info avahi-daemon[522]: Registering HINFO record with values 'ARMV5TEJL'/'LINUX'.
Jan  1 01:25:53    179 local4.notice Emerald Base: Starting vbus-monitor ...
Jan  1 01:25:54    180 local4.notice vbus-actions: VBUS went low; stop DFTP
Jan  1 01:25:54    181 local4.notice Emerald Base: Stopping DFTP ...
Jan  1 01:25:54    182 auth.info sshd[550]: Server listening on 0.0.0.0 port 22.
Jan  1 01:25:54    183 local4.notice Emerald Base: starting telnetd, vsftpd, and sshd
Jan  1 01:25:54    184 daemon.info avahi-daemon[522]: Server startup complete. Host name is LB-Explorer-0614170001021004F657.local. Local service cookie is 1800850482.
Jan  1 01:25:55    185 daemon.info avahi-daemon[522]: Service "LB-Explorer-0614170001021004F657" (/etc/avahi/services/ssh.service) successfully established.
Jan  1 01:25:55    186 daemon.info avahi-daemon[522]: Service "SFTP File Transfer on LB-Explorer-0614170001021004F657" (/etc/avahi/services/sftp-ssh.service) successfully established.
Jan  1 01:25:55    187 daemon.info avahi-daemon[522]: Service "FTP Transfer on LB-Explorer-0614170001021004F657" (/etc/avahi/services/ftp.service) successfully established.
Jan  1 01:25:58    188 local4.notice LeapBunny Base: Version:        '
Jan  1 01:25:58    189 local4.notice Emerald Base: hostname:         'LB-Explorer-0614170001021004F657'
Jan  1 01:25:58    190 local4.notice Emerald Base: Board ID:         '2'
Jan  1 01:25:58    191 local4.notice Emerald Base: NOR BootVersion:  '2.0.20.0001'
Jan  1 01:25:58    192 local4.notice Emerald Base: NOR SerialNumber: '0614170001021004F657'
Jan  1 01:25:58    193 local4.notice Emerald Base: NAND BootVersion: '1.0.8.6905'
Jan  1 01:25:59    194 local4.notice Emerald Base: Firmware Release Version: 1.3.4-2044
Jan  1 01:25:59    195 local4.notice Emerald Base: Base bin Version: "1.3.4.6030"
Jan  1 01:25:59    196 local4.notice Emerald Base: Base lib Version: "1.3.4.6482"
Jan  1 01:25:59    197 local4.notice Emerald Base: Base L3X Version: "1.3.4.6573"
Jan  1 01:25:59    198 local4.notice Emerald Base: Base Brio Version: "1.3.4.9218"
Jan  1 01:26:09    199 user.info kernel: lf1000-power lf1000-power: Power button pressed
                                                                                          Jan  1 04:36:50      0 syslog.info syslogd started: BusyBox v1.13.2---1
Jan  1 04:36:50      1 local4.notice Recovery Keep-Alives: boot_image=PLAY boot_source=NOR panic=0 power=COLD request=BATTERY shutdown=DIRTY raw=0003E25D
Jan  1 04:36:50      2 user.notice kernel: klogd started: BusyBox v1.13.2 (2010-11-05 10:51:29 PDT)
Jan  1 04:36:50      3 user.notice kernel: Linux version 2.6.31-leapfrog (muki@starlight) (gcc version 4.1.1) #3 Fri Jan 29 05:58:35 PST 2021
Jan  1 04:36:50      4 user.warn kernel: CPU: ARM926EJ-S [41069265] revision 5 (ARMv5TEJ), cr=00053177
Jan  1 04:36:50      5 user.warn kernel: CPU: VIVT data cache, VIVT instruction cache
Jan  1 04:36:50      6 user.warn kernel: Machine: ARM-LF1000
Jan  1 04:36:50      7 user.warn kernel: Memory policy: ECC disabled, Data cache writeback
Jan  1 04:36:50      8 user.debug kernel: On node 0 totalpages: 11776
Jan  1 04:36:50      9 user.debug kernel: free_area_init_node: node 0, pgdat c03d5624, node_mem_map c0418000
Jan  1 04:36:50     10 user.debug kernel:   Normal zone: 92 pages used for memmap
Jan  1 04:36:50     11 user.debug kernel:   Normal zone: 0 pages reserved
Jan  1 04:36:50     12 user.debug kernel:   Normal zone: 11684 pages, LIFO batch:1
Jan  1 04:36:50     13 user.info kernel: lf1000_oscvco_set.65 pll 0, not changed already set to 0x00DF2100
Jan  1 04:36:50     14 user.warn kernel: PLL0=393.218109 MHz   PLL1=144.000 MHz   Built 1 zonelists in Zone order, mobility grouping on.  Total pages: 11684
Jan  1 04:36:50     15 user.notice kernel: Kernel command line: init=/sbin/init console=ttyS0,115200 loglevel=2 mem=46M mlc_fb=0x82E00000,0x01200000 ram=0x80000000-0x83FFFFFF screen_module=ILI9322 root=/dev/mmcblk0p3 rootwait 
Jan  1 04:36:50     16 user.warn kernel: PID hash table entries: 256 (order: 8, 1024 bytes)
Jan  1 04:36:50     17 user.info kernel: Dentry cache hash table entries: 8192 (order: 3, 32768 bytes)
Jan  1 04:36:50     18 user.info kernel: Inode-cache hash table entries: 4096 (order: 2, 16384 bytes)
Jan  1 04:36:50     19 user.info kernel: arch/arm/mach-lf1000/gpio_main.c.check_for_touchscreen:1350 found touchscreen
Jan  1 04:36:50     20 user.info kernel: Reading Board ID =  0x02
Jan  1 04:36:50     21 user.info kernel: lf1000-dpc lf1000-dpc: screen: 320x240
Jan  1 04:36:50     22 user.info kernel: msgmni has been set to 82
Jan  1 04:36:50     23 user.info kernel: alg: No test for stdrng (krng)
Jan  1 04:36:50     24 user.info kernel: io scheduler noop registered
Jan  1 04:36:50     25 user.info kernel: io scheduler deadline registered (default)
Jan  1 04:36:50     26 user.info kernel: lf1000-bl lf1000-bl: Using PWM Channel 1 for backlight
Jan  1 04:36:50     27 user.info kernel: lf1000-bl lf1000-bl: PWM rate is 9600000
