Jan  1 04:10:55     22 user.notice kernel: Memory: 43064KB available (3028K code, 323K data, 104K init, 0K highmem)
Jan  1 04:10:55     23 user.info kernel: NR_IRQS:42
Jan  1 04:10:55     24 user.warn kernel: TIM0=  4.593 MHz   TIM1=  4.593 MHz   TIM2=  4.593 MHz   TIM3=  4.593 MHz   TIM4=  4.593 MHz   
Jan  1 04:10:55     25 user.info kernel: console [ttyS0] enabled
Jan  1 04:10:55     26 user.info kernel: Calibrating delay loop (skipped) preset value.. 786.43 BogoMIPS (lpj=3932181)
Jan  1 04:10:55     27 user.warn kernel: Mount-cache hash table entries: 512
Jan  1 04:10:55     28 user.info kernel: CPU: Testing write buffer coherency: ok
Jan  1 04:10:55     29 user.info kernel: NET: Registered protocol family 16
Jan  1 04:10:55     30 user.warn kernel: bio: create slab <bio-0> at 0
Jan  1 04:10:55     31 user.info kernel: usbcore: registered new interface driver usbfs
Jan  1 04:10:55     32 user.info kernel: usbcore: registered new interface driver hub
Jan  1 04:10:55     33 user.info kernel: usbcore: registered new device driver usb
Jan  1 04:10:55     34 user.info kernel: NET: Registered protocol family 2
Jan  1 04:10:55     35 user.info kernel: IP route cache hash table entries: 1024 (order: 0, 4096 bytes)
Jan  1 04:10:55     36 user.info kernel: TCP established hash table entries: 2048 (order: 2, 16384 bytes)
Jan  1 04:10:55     37 user.info kernel: TCP bind hash table entries: 2048 (order: 1, 8192 bytes)
Jan  1 04:10:55     38 user.info kernel: TCP: Hash tables configured (established 2048 bind 2048)
Jan  1 04:10:55     39 user.info kernel: TCP reno registered
Jan  1 04:10:55     40 user.info kernel: lf1000-ohci lf1000-ohci: new USB bus registered, assigned bus number 1
Jan  1 04:10:55     41 user.info kernel: lf1000-ohci lf1000-ohci: irq 28, io mem 0xc000d000
Jan  1 04:10:55     42 user.warn kernel: ohci->regs: xc30be000
Jan  1 04:10:55     43 user.warn kernel: &ohci->regs->control: xc30be004
Jan  1 04:10:55     44 user.warn kernel: ioread32(&ohci->regs->control): 0x0
Jan  1 04:10:55     45 user.warn kernel: after hcd->driver->start
Jan  1 04:10:55     46 user.info kernel: usb usb1: configuration #1 chosen from 1 choice
Jan  1 04:10:55     47 user.info kernel: hub 1-0:1.0: USB hub found
Jan  1 04:10:55     48 user.info kernel: hub 1-0:1.0: 2 ports detected
Jan  1 04:10:55     49 user.warn kernel: usb_add_hcd() returns 0
Jan  1 04:10:55     50 user.warn kernel: after usb_add_hcd()^M
Jan  1 04:10:55     51 user.warn kernel: usb_hcd_lf1000_probe returns^M
Jan  1 04:10:55     52 user.warn kernel: IRQ 31/lf1000-rtc: IRQF_DISABLED is not guaranteed on shared IRQs
Jan  1 04:10:55     53 user.debug kernel: lf1000-rtc: dev (254:0)
Jan  1 04:10:55     54 user.info kernel: lf1000-rtc lf1000-rtc: rtc core: registered lf1000-rtc as rtc0
Jan  1 04:10:55     55 user.info kernel: LF1000 Real Time Clock driver.
Jan  1 04:10:55     56 user.info kernel: i2c /dev entries driver
Jan  1 04:10:55     57 user.info kernel: Software Watchdog Timer: 0.07 initialized. soft_noboot=0 soft_margin=60 sec (nowayout= 0)
Jan  1 04:10:55     58 user.info kernel: usbcore: registered new interface driver usbhid
Jan  1 04:10:55     59 user.info kernel: usbhid: v2.6:USB HID core driver
Jan  1 04:10:55     60 user.info kernel: setAudioRate: expected rate 32000Hz, actual: 32000Hz
Jan  1 04:10:55     61 user.notice kernel: *** MLC mlc_fb_addr=82e00000 size=01200000 fb[0]=82e00000 ***
Jan  1 04:10:55     62 user.info kernel: lf1000-dpc driver
Jan  1 04:10:55     63 user.warn kernel: dpc: PWM clock rate is 9800000
Jan  1 04:10:55     64 user.debug kernel: idct: start=C000F800, end=C000FFC4
Jan  1 04:10:55     65 user.debug kernel: idct: mem=c30e8800
Jan  1 04:10:55     66 user.info kernel: input: LF1000 USB as /class/input/input0
Jan  1 04:10:55     67 user.info kernel: Cartridge hot swap supported 
Jan  1 04:10:55     68 user.info kernel: nand_get_flash_type(...): Manu_ID = 2c, Dev_ID = dc 
Jan  1 04:10:55     69 user.info kernel: NAND device: Manufacturer ID: 0x2c, Chip ID: 0xdc (Micron NAND 512MiB 3,3V 8-bit)
Jan  1 04:10:55     70 user.err kernel: I: chip->options & NAND_NO_SUBPAGE_WRITE = 0
Jan  1 04:10:55     71 user.err kernel: I: chip->options & NAND_CI_CELLTYPE_MSK = 0
Jan  1 04:10:55     72 user.err kernel: I: ecc.steps = 8
Jan  1 04:10:55     73 user.err kernel: I: mtd=c286c400 mtd->subpage_sft = 2
Jan  1 04:10:55     74 user.info kernel: Scanning device for bad blocks
Jan  1 04:10:55     75 user.warn kernel: Bad eraseblock 1642 at 0x00000cd40000
Jan  1 04:10:55     76 user.info kernel: lf1000-mtd: totally igorning cartridge in boot
Jan  1 04:10:55     77 user.notice kernel: Creating 5 MTD partitions on "lf1000-base":
Jan  1 04:10:55     78 user.notice kernel: 0x000000000000-0x000000100000 : "Emerald_Boot"
Jan  1 04:10:55     79 local4.notice Emerald Base: +++ 2.07 22 174 11 Bgn AppManager
Jan  1 04:10:55     80 user.notice kernel: 0x000000100000-0x000000200000 : "I18n_Screens"
Jan  1 04:10:55     81 user.notice kernel: 0x000000200000-0x000000a00000 : "Kernel"
Jan  1 04:10:55     82 user.notice kernel: 0x000000a00000-0x000006000000 : "RFS"
Jan  1 04:10:55     83 user.notice kernel: 0x000006000000-0x000020000000 : "Bulk"
Jan  1 04:10:55     84 user.notice kernel: Probing nor-flash at physical address 0x00000000 (8-bit bankwidth)
Jan  1 04:10:55     85 user.info kernel: Found: SST 39LF040
Jan  1 04:10:55     86 user.info kernel: nor-flash: Found 1 x8 devices at 0x0 in 8-bit bank
Jan  1 04:10:55     87 user.notice kernel: number of JEDEC chips: 1
Jan  1 04:10:55     88 user.notice kernel: cfi_cmdset_0002: Disabling erase-suspend-program due to code brokenness.
Jan  1 04:10:55     89 user.info kernel: lf1000_flash_probe().96
Jan  1 04:10:55     90 user.info kernel: lf1000_flash_probe().147
Jan  1 04:10:55     91 user.notice kernel: Creating 3 MTD partitions on "nor-flash":
Jan  1 04:10:55     92 user.notice kernel: 0x000000000000-0x00000007e000 : "NOR_Boot"
Jan  1 04:10:55     93 user.notice kernel: 0x00000007e000-0x00000007f000 : "MfgData0"
Jan  1 04:10:55     94 user.notice kernel: 0x00000007f000-0x000000080000 : "MfgData1"
Jan  1 04:10:55     95 user.notice kernel: UBI: attaching mtd3 to ubi0
Jan  1 04:10:55     96 user.notice kernel: UBI: physical eraseblock size:   131072 bytes (128 KiB)
Jan  1 04:10:55     97 user.notice kernel: UBI: logical eraseblock size:    129024 bytes
Jan  1 04:10:55     98 user.notice kernel: UBI: smallest flash I/O unit:    2048
Jan  1 04:10:55     99 user.notice kernel: UBI: sub-page size:              512
Jan  1 04:10:55    100 user.notice kernel: UBI: VID header offset:          512 (aligned 512)
Jan  1 04:10:55    101 user.notice kernel: UBI: data offset:                2048
Jan  1 04:10:55    102 user.notice kernel: UBI: attached mtd3 to ubi0
Jan  1 04:10:55    103 user.notice kernel: UBI: MTD device name:            "RFS"
Jan  1 04:10:55    104 user.notice kernel: UBI: MTD device size:            86 MiB
Jan  1 04:10:55    105 user.notice kernel: UBI: number of good PEBs:        688
Jan  1 04:10:55    106 auth.notice su: + none root:game
Jan  1 04:10:55    107 user.notice kernel: UBI: number of bad PEBs:         0
Jan  1 04:10:55    108 user.notice kernel: UBI: max. allowed volumes:       128
Jan  1 04:10:55    109 user.notice kernel: UBI: wear-leveling threshold:    4096
Jan  1 04:10:55    110 user.notice kernel: UBI: number of internal volumes: 1
Jan  1 04:10:55    111 user.notice kernel: UBI: number of user volumes:     1
Jan  1 04:10:55    112 user.notice kernel: UBI: available PEBs:             0
Jan  1 04:10:55    113 user.notice kernel: UBI: total number of reserved PEBs: 688
Jan  1 04:10:55    114 user.notice kernel: UBI: number of PEBs reserved for bad PEB handling: 6
Jan  1 04:10:55    115 user.notice kernel: UBI: max/mean erase counter: 25/7
Jan  1 04:10:55    116 user.notice kernel: UBI: image sequence number: 0
Jan  1 04:10:55    117 user.notice kernel: UBI: background thread "ubi_bgt0d" started, PID 711
Jan  1 04:10:55    118 user.alert kernel: lf1000_power_probe.647
Jan  1 04:10:55    119 user.info kernel: input: Power Button as /class/input/input1
Jan  1 04:10:55    120 user.alert kernel: lf1000_power_probe.717 initial battery reading is :5776
Jan  1 04:10:55    121 user.info kernel: input: LF1000 Keyboard as /class/input/input2
Jan  1 04:10:55    122 user.info kernel: TCP cubic registered
Jan  1 04:10:55    123 user.info kernel: NET: Registered protocol family 17
Jan  1 04:10:55    124 user.debug kernel: lf1000_rtc_readtime(): 2008-01-01 04:10:54
Jan  1 04:10:55    125 user.info kernel: lf1000-rtc lf1000-rtc: setting system clock to 2008-01-01 04:10:54 UTC (1199160654)
Jan  1 04:10:55    126 user.notice kernel: UBIFS: mounted UBI device 0, volume 0, name "ubi_rfs"
Jan  1 04:10:55    127 user.notice kernel: UBIFS: file system size:   86059008 bytes (84042 KiB, 82 MiB, 667 LEBs)
Jan  1 04:10:55    128 user.notice kernel: UBIFS: journal size:       9033728 bytes (8822 KiB, 8 MiB, 71 LEBs)
Jan  1 04:10:55    129 user.notice kernel: UBIFS: media format:       w4/r0 (latest is w4/r0)
Jan  1 04:10:55    130 user.notice kernel: UBIFS: default compressor: lzo
Jan  1 04:10:55    131 user.notice kernel: UBIFS: reserved for root:  0 bytes (0 KiB)
Jan  1 04:10:55    132 user.warn kernel: VFS: Mounted root (ubifs filesystem) on device 0:13.
Jan  1 04:10:55    133 user.info kernel: Freeing init memory: 104K
Jan  1 04:10:55    134 user.info kernel: drivers/lf1000/i2s/main.c.audio_open() dev->isOpen=1
Jan  1 04:10:55    135 user.info kernel: setAudioRate: expected rate 32000Hz, actual: 32000Hz
Jan  1 04:10:55    136 user.info kernel: getAudioRate: sample rate: 32000Hz, divisor: 48, CLKGEN0: 0x000002F0
Jan  1 04:10:55    137 local4.notice Emerald Base: Use ADC settings from NOR 33 2026
Jan  1 04:10:56    138 local4.notice Emerald Base: Starting Ethernet USB driver ...
Jan  1 04:10:56    139 user.info kernel: usb0: MAC 80:38:fd:04:f6:57
Jan  1 04:10:56    140 user.info kernel: usb0: HOST MAC 80:38:fd:84:f6:57
Jan  1 04:10:56    141 user.info kernel: g_ether gadget: Ethernet Gadget, version: Veterans Day 2009
Jan  1 04:10:56    142 user.info kernel: g_ether gadget: g_ether ready
Jan  1 04:10:56    143 local4.notice Emerald Base: Starting touch screen driver ...
Jan  1 04:10:56    144 user.info kernel: input: LF1000 touchscreen interface as /class/input/input3
Jan  1 04:10:57    145 local4.notice Emerald Base: setcal: Using USERCAL in /flags/pointercal -33242 -632 28392732 -633 -28679 23140057 65536
Jan  1 04:10:57    146 user.info kernel: drivers/input/touchscreen/lf1000_ts.c.set_a0:470 a[0]=28392732
Jan  1 04:10:57    147 user.info kernel: drivers/input/touchscreen/lf1000_ts.c.set_a1:491 a[1]=-33242
Jan  1 04:10:57    148 user.info kernel: drivers/input/touchscreen/lf1000_ts.c.set_a2:513 a[2]=-632
Jan  1 04:10:57    149 user.info kernel: drivers/input/touchscreen/lf1000_ts.c.set_a3:535 a[3]=23140057
Jan  1 04:10:57    150 user.info kernel: drivers/input/touchscreen/lf1000_ts.c.set_a4:556 a[4]=-633
Jan  1 04:10:57    151 user.info kernel: drivers/input/touchscreen/lf1000_ts.c.set_a5:577 a[5]=-28679
Jan  1 04:10:57    152 user.info kernel: drivers/input/touchscreen/lf1000_ts.c.set_a6:598 a[6]=65536
Jan  1 04:10:57    153 local4.notice Emerald Base: +++ 3.98 101 284 11 Bgn Attaching Bulk
Jan  1 04:10:57    154 user.notice kernel: UBI: attaching mtd4 to ubi1
Jan  1 04:10:57    155 user.notice kernel: UBI: physical eraseblock size:   131072 bytes (128 KiB)
Jan  1 04:10:57    156 user.notice kernel: UBI: logical eraseblock size:    129024 bytes
Jan  1 04:10:57    157 user.notice kernel: UBI: smallest flash I/O unit:    2048
Jan  1 04:10:57    158 user.notice kernel: UBI: sub-page size:              512
Jan  1 04:10:57    159 user.notice kernel: UBI: VID header offset:          512 (aligned 512)
Jan  1 04:10:57    160 user.notice kernel: UBI: data offset:                2048
Jan  1 04:10:57    161 user.info kernel: drivers/lf1000/i2s/main.c.audio_release() dev->isOpen=0
Jan  1 04:10:58    162 user.alert kernel: power_button_irq.468 Power button pressed
Jan  1 04:10:58    163 local4.notice Emerald App: [0x6] Start ButtonPowerUSB Task ... !
Jan  1 04:10:58    164 local4.notice Emerald App: [0x6] Start Cartridge task ...!
Jan  1 04:10:58    165 user.notice kernel: UBI: attached mtd4 to ubi1
Jan  1 04:10:58    166 user.notice kernel: UBI: MTD device name:            "Bulk"
Jan  1 04:10:58    167 user.notice kernel: UBI: MTD device size:            416 MiB
Jan  1 04:10:58    168 user.notice kernel: UBI: number of good PEBs:        3327
Jan  1 04:10:58    169 user.notice kernel: UBI: number of bad PEBs:         1
Jan  1 04:10:58    170 user.notice kernel: UBI: max. allowed volumes:       128
Jan  1 04:10:58    171 user.notice kernel: UBI: wear-leveling threshold:    4096
Jan  1 04:10:58    172 user.notice kernel: UBI: number of internal volumes: 1
Jan  1 04:10:58    173 user.notice kernel: UBI: number of user volumes:     1
Jan  1 04:10:58    174 user.notice kernel: UBI: available PEBs:             0
Jan  1 04:10:58    175 user.notice kernel: UBI: total number of reserved PEBs: 3327
Jan  1 04:10:58    176 local4.notice Emerald Base: +++ 5.31 139 379 11 Bgn Mounting /LF/Bulk
Jan  1 04:10:58    177 local4.notice Emerald App: [0x8] CreateTimer tTimerHndl=0x15d58 callback=0x40540088 SIGRT34
Jan  1 04:10:58    178 user.alert kernel: power_button_monitor_task.429 Power button released
Jan  1 04:10:58    179 user.notice kernel: UBIFS: mounted UBI device 1, volume 0, name "ubi_bulk"
Jan  1 04:10:58    180 user.notice kernel: UBIFS: file system size:   423069696 bytes (413154 KiB, 403 MiB, 3279 LEBs)
Jan  1 04:10:58    181 user.notice kernel: UBIFS: journal size:       9033728 bytes (8822 KiB, 8 MiB, 71 LEBs)
Jan  1 04:10:58    182 user.notice kernel: UBIFS: media format:       w4/r0 (latest is w4/r0)
Jan  1 04:10:58    183 user.notice kernel: UBIFS: default compressor: lzo
Jan  1 04:10:58    184 user.notice kernel: UBIFS: reserved for root:  0 bytes (0 KiB)
Jan  1 04:10:58    185 local4.notice Emerald App: [0x5] DisplayModule::InitModule: /dev/mlc base = 82E00000, size = 01200000
Jan  1 04:10:58    186 local4.notice Emerald App: [0x5] DisplayModule::InitModule: mapped base 82E00000, size 01200000 to 0x82e00000
Jan  1 04:10:58    187 local4.notice Emerald App: [0x5] DisplayModule::InitModule: mapped base A2E00000, size 01200000 to 0x4056d000
Jan  1 04:10:58    188 local4.notice Emerald App: [0x280] CAppManager::CAppManager ; LightningBase/Src/AppManager.cpp; 305; 30984
Jan  1 04:10:58    189 local4.crit Emerald App: [0x280] PowerShutdown detected during init
Jan  1 04:10:58    190 local4.notice Emerald App: [0x280] AppManager signal handler installed 
Jan  1 04:10:58    191 local4.notice Emerald App: [0x6] AddListener: added listener 0x16b60, number 1
Jan  1 04:10:59    192 local4.notice Emerald App: [0x1] EnableSpeaker: 1
Jan  1 04:10:59    193 user.info kernel: drivers/lf1000/i2s/main.c.audio_open() dev->isOpen=1
Jan  1 04:10:59    194 user.info kernel: setAudioRate: expected rate 32000Hz, actual: 32000Hz
Jan  1 04:10:59    195 user.info kernel: getAudioRate: sample rate: 32000Hz, divisor: 48, CLKGEN0: 0x000002F0
Jan  1 04:10:59    196 local4.notice Emerald App: [0x280] mCurrentTransition = kEmptyApp !
Jan  1 04:10:59    197 local4.alert Emerald App: [0x280] WARNING: The system is shutting down but AppManager is still updating. 	The game is probably handling the shutdown.
Jan  1 04:10:59    198 local4.crit Emerald App: [0x280] mPowerShutdownOccurred
Jan  1 04:10:59    199 local4.notice Emerald App: [0x280] mCurrentTransition = kReplaceAllWithApp !
Jan  1 04:10:59    200 local4.notice Emerald App: [0x0] Displaying the shutdown screen now.
Jan  1 04:10:59    201 local4.notice Emerald App: [0x0] (had to make our own screen context)
Jan  1 04:10:59    202 local4.notice Emerald App: [0x5] DisplayModule::CreateHandle: 0x82e00000
Jan  1 04:10:59    203 local4.alert Emerald App: [0x280] ::Run return mRestart:0
Jan  1 04:10:59    204 local4.notice Emerald App: [0x280] CAppManager::~CAppManager()
Jan  1 04:10:59    205 local4.notice Emerald App: [0x6] RemoveListener: removed listener 0x16b60, number 0
Jan  1 04:10:59    206 local4.notice Emerald App: [0x280] CAppManager::ExitPopUnloadApp()
Jan  1 04:10:59    207 user.info kernel: drivers/input/touchscreen/lf1000_ts.c.set_sample_rate_in_hz:624 sample_rate_in_jiffies=1
Jan  1 04:10:59    208 user.info kernel: drivers/input/touchscreen/lf1000_ts.c.set_debounce_in_samples_down:314 debounce_in_samples_down=4
Jan  1 04:10:59    209 user.info kernel: drivers/input/touchscreen/lf1000_ts.c.set_debounce_in_samples_up:350 debounce_in_samples_up=1
Jan  1 04:10:59    210 user.info kernel: drivers/lf1000/i2s/main.c.audio_release() dev->isOpen=0
Jan  1 04:10:59    211 local4.notice Emerald App: [0x6] RemoveListener: could not remove listener 0x18fa8, number 0
Jan  1 04:10:59    212 local4.notice Emerald App: [0x6] RemoveListener: could not remove listener 0x16b60, number 0
Jan  1 04:10:59    213 local4.notice Emerald App: [0x0] Calling Shutdown().
Jan  1 04:10:59    214 local4.notice Emerald App: [0x5] DisplayModule::InitModule: /dev/mlc base = 82E00000, size = 01200000
Jan  1 04:10:59    215 local4.notice Emerald App: [0x5] DisplayModule::InitModule: mapped base 82E00000, size 01200000 to 0x82e00000
Jan  1 04:10:59    216 local4.notice Emerald App: [0x5] DisplayModule::InitModule: mapped base A2E00000, size 01200000 to 0x4056d000
Jan  1 04:10:59    217 local4.notice Emerald App: [0x5] DisplayModule::CreateHandle: 0x4166d000
Jan  1 04:10:59    218 local4.notice Emerald App: [0x1] EnableSpeaker: 1
Jan  1 04:10:59    219 user.info kernel: drivers/lf1000/i2s/main.c.audio_open() dev->isOpen=1
Jan  1 04:10:59    220 user.info kernel: setAudioRate: expected rate 32000Hz, actual: 32000Hz
Jan  1 04:10:59    221 user.info kernel: getAudioRate: sample rate: 32000Hz, divisor: 48, CLKGEN0: 0x000002F0
Jan  1 04:10:59    222 local4.crit Emerald App: [0xd] VideoTask Started...
Jan  1 04:11:01    223 local4.crit Emerald App: [0xd] VideoTask Stopping...
Jan  1 04:11:01    224 local4.notice Emerald App: [0x6] RemoveListener: could not remove listener 0xbb158, number 0
Jan  1 04:11:01    225 user.info kernel: drivers/lf1000/i2s/main.c.audio_release() dev->isOpen=0
Jan  1 04:11:01    226 local4.notice Emerald App: [0x5] DisplayModule::DestroyHandle: 0x4166d000
Jan  1 04:11:01    227 local4.alert Emerald App: [0xe] PowerMPI::Shutdown poweroff
Jan  1 04:11:01    228 local2.notice sudo:     game : TTY=unknown ; PWD=/LF ; USER=root ; COMMAND=/sbin/poweroff
Jan  1 04:11:01    229 local4.notice /usr/bin/app: AppManager exit(0) count=1 uptime=7
Jan  1 04:11:01    230 local4.notice Emerald Base: Shutdown requested, exit AppManager launch loop
Jan  1 04:11:01    231 local4.notice Emerald Base: Stopping vbus-monitor ...
Jan  1 04:11:01    232 local4.notice Emerald Base: Stopping /etc/init.d/networking ...
Jan  1 04:11:01    233 local4.notice Emerald Base: Stopping Ethernet USB driver ...
Jan  1 04:11:02    234 local4.notice Emerald Base: Stopping system logging ... !
Jan  1 04:11:02    235 user.notice kernel: klogd: exiting
Jan  1 04:11:02    236 syslog.info syslogd exiting
Jan  1 04:35:36      0 syslog.info syslogd started: BusyBox v1.13.2---1
Jan  1 04:35:36      1 local4.notice Recovery Keep-Alives: boot_image=PLAY boot_source=NOR panic=0 power=COLD request=BATTERY shutdown=DIRTY raw=0003E25D
Jan  1 04:35:36      2 user.notice kernel: klogd started: BusyBox v1.13.2 (2010-03-16 15:24:13 PDT)
Jan  1 04:35:36      3 user.notice kernel: Linux version 2.6.31-leapfrog (lfu@lightning-release) (gcc version 4.1.1) #37 Fri Mar 26 16:44:07 PDT 2010
Jan  1 04:35:36      4 user.warn kernel: CPU: ARM926EJ-S [41069265] revision 5 (ARMv5TEJ), cr=00053177
Jan  1 04:35:36      5 user.warn kernel: CPU: VIVT data cache, VIVT instruction cache
Jan  1 04:35:36      6 user.warn kernel: Machine: ARM-LF1000
Jan  1 04:35:36      7 user.warn kernel: Memory policy: ECC disabled, Data cache writeback
Jan  1 04:35:36      8 user.debug kernel: On node 0 totalpages: 11776
Jan  1 04:35:36      9 user.debug kernel: free_area_init_node: node 0, pgdat c03492dc, node_mem_map c037e000
Jan  1 04:35:36     10 user.debug kernel:   Normal zone: 92 pages used for memmap
Jan  1 04:35:36     11 user.debug kernel:   Normal zone: 0 pages reserved
Jan  1 04:35:36     12 user.debug kernel:   Normal zone: 11684 pages, LIFO batch:1
Jan  1 04:35:36     13 user.info kernel: lf1000_oscvco_set.60 pll 0, not changed already set to 0x00DF2100
Jan  1 04:35:36     14 user.warn kernel: PLL0=393.218109 MHz   
Jan  1 04:35:36     15 user.info kernel: lf1000_oscvco_set.50  changing pll 1, old=0x000C4002, new=0x0024C402
Jan  1 04:35:36     16 user.warn kernel: PLL1=147.000 MHz   Built 1 zonelists in Zone order, mobility grouping on.  Total pages: 11684
Jan  1 04:35:36     17 user.notice kernel: Kernel command line: init=/sbin/init console=ttyS0,115200 loglevel=2 mem=46M mlc_fb=0x82E00000,0x01200000 ram=0x80000000-0x83FFFFFF screen_module=ILI9322 root=ubi0_0 rw rootfstype=ubifs ubi.mtd=RFS 
Jan  1 04:35:36     18 user.warn kernel: PID hash table entries: 256 (order: 8, 1024 bytes)
Jan  1 04:35:36     19 user.info kernel: Dentry cache hash table entries: 8192 (order: 3, 32768 bytes)
Jan  1 04:35:36     20 user.info kernel: Inode-cache hash table entries: 4096 (order: 2, 16384 bytes)
Jan  1 04:35:36     21 user.info kernel: Memory: 46MB = 46MB total
Jan  1 04:35:36     22 user.notice kernel: Memory: 43064KB available (3028K code, 323K data, 104K init, 0K highmem)
Jan  1 04:35:36     23 user.info kernel: NR_IRQS:42
Jan  1 04:35:36     24 user.warn kernel: TIM0=  4.593 MHz   TIM1=  4.593 MHz   TIM2=  4.593 MHz   TIM3=  4.593 MHz   TIM4=  4.593 MHz   
Jan  1 04:35:36     25 user.info kernel: console [ttyS0] enabled
Jan  1 04:35:36     26 user.info kernel: Calibrating delay loop (skipped) preset value.. 786.43 BogoMIPS (lpj=3932181)
Jan  1 04:35:36     27 user.warn kernel: Mount-cache hash table entries: 512
Jan  1 04:35:36     28 user.info kernel: CPU: Testing write buffer coherency: ok
Jan  1 04:35:36     29 user.info kernel: NET: Registered protocol family 16
Jan  1 04:35:36     30 user.warn kernel: bio: create slab <bio-0> at 0
Jan  1 04:35:36     31 user.info kernel: usbcore: registered new interface driver usbfs
Jan  1 04:35:36     32 user.info kernel: usbcore: registered new interface driver hub
Jan  1 04:35:36     33 user.info kernel: usbcore: registered new device driver usb
Jan  1 04:35:36     34 user.info kernel: NET: Registered protocol family 2
Jan  1 04:35:36     35 user.info kernel: IP route cache hash table entries: 1024 (order: 0, 4096 bytes)
Jan  1 04:35:36     36 user.info kernel: TCP established hash table entries: 2048 (order: 2, 16384 bytes)
Jan  1 04:35:36     37 user.info kernel: TCP bind hash table entries: 2048 (order: 1, 8192 bytes)
Jan  1 04:35:36     38 user.info kernel: TCP: Hash tables configured (established 2048 bind 2048)
Jan  1 04:35:36     39 user.info kernel: TCP reno registered
Jan  1 04:35:36     40 user.info kernel: NET: Registered protocol family 1
Jan  1 04:35:36     41 user.info kernel: arch/arm/mach-lf1000/gpio_main.c.check_for_touchscreen:1381 found touchscreen
Jan  1 04:35:36     42 user.info kernel: Reading Board ID =  2
Jan  1 04:35:36     43 user.info kernel: JFFS2 version 2.2. (NAND) (SUMMARY)  Â© 2001-2006 Red Hat, Inc.
Jan  1 04:35:36     44 user.info kernel: msgmni has been set to 84
Jan  1 04:35:36     45 user.info kernel: alg: No test for stdrng (krng)
Jan  1 04:35:36     46 user.info kernel: io scheduler noop registered
Jan  1 04:35:36     47 user.info kernel: io scheduler deadline registered (default)
Jan  1 04:35:36     48 user.info kernel: Serial: 8250/16550 driver $Revision: 1.90 $ 4 ports, IRQ sharing disabled
Jan  1 04:35:36     49 user.info kernel: serial8250: ttyS0 at MMIO 0x0 (irq = 10) is a 8250
Jan  1 04:35:36     50 user.info kernel: serial8250: ttyS1 at MMIO 0x0 (irq = 34) is a 8250
Jan  1 04:35:36     51 user.info kernel: serial8250: ttyS2 at MMIO 0x0 (irq = 35) is a 8250
Jan  1 04:35:36     52 user.info kernel: serial8250: ttyS3 at MMIO 0x0 (irq = 36) is a 8250
Jan  1 04:35:36     53 user.info kernel: brd: module loaded
Jan  1 04:35:36     54 user.info kernel: loop: module loaded
Jan  1 04:35:36     55 user.info kernel: ohci_hcd: USB 1.1 'Open' Host Controller (OHCI) Driver
Jan  1 04:35:36     56 user.warn kernel: usb_hcd_lf1000_probe^M
Jan  1 04:35:36     57 user.warn kernel: hcd->regs: xc30be000
Jan  1 04:35:36     58 user.debug kernel: drivers/usb/host/ohci-lf1000.clf1000_start_hc
Jan  1 04:35:36     59 user.debug kernel: drivers/usb/host/ohci-lf1000.clf1000_start_hc returns
Jan  1 04:35:36     60 user.warn kernel: before ohci_hcd_init()
Jan  1 04:35:36     61 user.warn kernel: after ohci_hcd_init()^M
Jan  1 04:35:36     62 user.info kernel: lf1000-ohci lf1000-ohci: LF1000 OHCI
Jan  1 04:35:36     63 user.info kernel: lf1000-ohci lf1000-ohci: new USB bus registered, assigned bus number 1
Jan  1 04:35:36     64 user.info kernel: lf1000-ohci lf1000-ohci: irq 28, io mem 0xc000d000
Jan  1 04:35:36     65 user.warn kernel: ohci->regs: xc30be000
Jan  1 04:35:36     66 user.warn kernel: &ohci->regs->control: xc30be004
Jan  1 04:35:36     67 user.warn kernel: ioread32(&ohci->regs->control): 0x0
Jan  1 04:35:36     68 user.warn kernel: after hcd->driver->start
Jan  1 04:35:36     69 user.info kernel: usb usb1: configuration #1 chosen from 1 choice
Jan  1 04:35:36     70 user.info kernel: hub 1-0:1.0: USB hub found
Jan  1 04:35:36     71 user.info kernel: hub 1-0:1.0: 2 ports detected
Jan  1 04:35:36     72 user.warn kernel: usb_add_hcd() returns 0
Jan  1 04:35:36     73 user.warn kernel: after usb_add_hcd()^M
Jan  1 04:35:36     74 user.warn kernel: usb_hcd_lf1000_probe returns^M
Jan  1 04:35:36     75 user.warn kernel: IRQ 31/lf1000-rtc: IRQF_DISABLED is not guaranteed on shared IRQs
Jan  1 04:35:36     76 user.debug kernel: lf1000-rtc: dev (254:0)
Jan  1 04:35:36     77 user.info kernel: lf1000-rtc lf1000-rtc: rtc core: registered lf1000-rtc as rtc0
Jan  1 04:35:36     78 user.info kernel: LF1000 Real Time Clock driver.
Jan  1 04:35:36     79 user.info kernel: i2c /dev entries driver
Jan  1 04:35:36     80 user.info kernel: Software Watchdog Timer: 0.07 initialized. soft_noboot=0 soft_margin=60 sec (nowayout= 0)
Jan  1 04:35:36     81 user.info kernel: usbcore: registered new interface driver usbhid
Jan  1 04:35:36     82 user.info kernel: usbhid: v2.6:USB HID core driver
Jan  1 04:35:36     83 user.info kernel: setAudioRate: expected rate 32000Hz, actual: 32000Hz
Jan  1 04:35:36     84 user.notice kernel: *** MLC mlc_fb_addr=82e00000 size=01200000 fb[0]=82e00000 ***
Jan  1 04:35:36     85 user.info kernel: lf1000-dpc driver
Jan  1 04:35:36     86 user.warn kernel: dpc: PWM clock rate is 9800000
Jan  1 04:35:36     87 user.debug kernel: idct: start=C000F800, end=C000FFC4
Jan  1 04:35:36     88 user.debug kernel: idct: mem=c30e8800
Jan  1 04:35:36     89 user.info kernel: input: LF1000 USB as /class/input/input0
Jan  1 04:35:36     90 user.info kernel: Cartridge hot swap supported 
Jan  1 04:35:36     91 user.info kernel: nand_get_flash_type(...): Manu_ID = 2c, Dev_ID = dc 
Jan  1 04:35:36     92 user.info kernel: NAND device: Manufacturer ID: 0x2c, Chip ID: 0xdc (Micron NAND 512MiB 3,3V 8-bit)
Jan  1 04:35:36     93 user.err kernel: I: chip->options & NAND_NO_SUBPAGE_WRITE = 0
Jan  1 04:35:36     94 user.err kernel: I: chip->options & NAND_CI_CELLTYPE_MSK = 0
Jan  1 04:35:36     95 user.err kernel: I: ecc.steps = 8
Jan  1 04:35:36     96 user.err kernel: I: mtd=c297c400 mtd->subpage_sft = 2
Jan  1 04:35:36     97 user.info kernel: Scanning device for bad blocks
Jan  1 04:35:36     98 user.warn kernel: Bad eraseblock 1642 at 0x00000cd40000
Jan  1 04:35:36     99 user.notice kernel: UBI: VID header offset:          512 (aligned 512)
Jan  1 04:35:36    100 user.notice kernel: UBI: data offset:                2048
Jan  1 04:35:36    101 user.notice kernel: UBI: attached mtd3 to ubi0
Jan  1 04:35:36    102 user.notice kernel: UBI: MTD device name:            "RFS"
Jan  1 04:35:36    103 user.notice kernel: UBI: MTD device size:            86 MiB
Jan  1 04:35:36    104 user.notice kernel: UBI: number of good PEBs:        688
Jan  1 04:35:36    105 user.notice kernel: UBI: number of bad PEBs:         0
Jan  1 04:35:36    106 user.notice kernel: UBI: max. allowed volumes:       128
Jan  1 04:35:36    107 user.notice kernel: UBI: wear-leveling threshold:    4096
Jan  1 04:35:36    108 user.notice kernel: UBI: number of internal volumes: 1
Jan  1 04:35:36    109 user.notice kernel: UBI: number of user volumes:     1
Jan  1 04:35:36    110 user.notice kernel: UBI: available PEBs:             0
Jan  1 04:35:36    111 user.notice kernel: UBI: total number of reserved PEBs: 688
Jan  1 04:35:36    112 user.notice kernel: UBI: number of PEBs reserved for bad PEB handling: 6
Jan  1 04:35:36    113 user.notice kernel: UBI: max/mean erase counter: 25/7
Jan  1 04:35:36    114 user.notice kernel: UBI: image sequence number: 0
Jan  1 04:35:36    115 user.notice kernel: UBI: background thread "ubi_bgt0d" started, PID 711
Jan  1 04:35:36    116 user.alert kernel: lf1000_power_probe.647
Jan  1 04:35:36    117 user.info kernel: input: Power Button as /class/input/input1
Jan  1 04:35:36    118 user.alert kernel: lf1000_power_probe.717 initial battery reading is :5729
Jan  1 04:35:36    119 user.info kernel: input: LF1000 Keyboard as /class/input/input2
Jan  1 04:35:36    120 user.info kernel: TCP cubic registered
Jan  1 04:35:36    121 user.info kernel: NET: Registered protocol family 17
Jan  1 04:35:36    122 user.debug kernel: lf1000_rtc_readtime(): 2008-01-01 04:35:35
Jan  1 04:35:36    123 user.info kernel: lf1000-rtc lf1000-rtc: setting system clock to 2008-01-01 04:35:35 UTC (1199162135)
Jan  1 04:35:36    124 user.notice kernel: UBIFS: mounted UBI device 0, volume 0, name "ubi_rfs"
Jan  1 04:35:36    125 user.notice kernel: UBIFS: file system size:   86059008 bytes (84042 KiB, 82 MiB, 667 LEBs)
Jan  1 04:35:36    126 user.notice kernel: UBIFS: journal size:       9033728 bytes (8822 KiB, 8 MiB, 71 LEBs)
Jan  1 04:35:36    127 user.notice kernel: UBIFS: media format:       w4/r0 (latest is w4/r0)
Jan  1 04:35:36    128 user.notice kernel: UBIFS: default compressor: lzo
Jan  1 04:35:36    129 user.notice kernel: UBIFS: reserved for root:  0 bytes (0 KiB)
Jan  1 04:35:36    130 user.warn kernel: VFS: Mounted root (ubifs filesystem) on device 0:13.
Jan  1 04:35:36    131 user.info kernel: Freeing init memory: 104K
Jan  1 04:35:42    132 local4.notice Emerald Base: +++ 8.05 19 185 601 Bgn AppManager
Jan  1 04:35:42    133 auth.notice su: + none root:game
Jan  1 04:35:42    134 user.info kernel: drivers/lf1000/i2s/main.c.audio_open() dev->isOpen=1
Jan  1 04:35:42    135 user.info kernel: setAudioRate: expected rate 32000Hz, actual: 32000Hz
Jan  1 04:35:42    136 user.info kernel: getAudioRate: sample rate: 32000Hz, divisor: 48, CLKGEN0: 0x000002F0
Jan  1 04:35:42    137 local4.notice Emerald Base: Use ADC settings from NOR 33 2026
Jan  1 04:35:42    138 local4.notice Emerald Base: Starting Ethernet USB driver ...
Jan  1 04:35:43    139 user.info kernel: usb0: MAC 80:38:fd:04:f6:57
Jan  1 04:35:43    140 user.info kernel: usb0: HOST MAC 80:38:fd:84:f6:57
Jan  1 04:35:43    141 user.info kernel: g_ether gadget: Ethernet Gadget, version: Veterans Day 2009
Jan  1 04:35:43    142 user.info kernel: g_ether gadget: g_ether ready
Jan  1 04:35:43    143 local4.notice Emerald Base: Starting touch screen driver ...
Jan  1 04:35:43    144 user.info kernel: input: LF1000 touchscreen interface as /class/input/input3
Jan  1 04:35:43    145 local4.notice Emerald Base: setcal: Using USERCAL in /flags/pointercal -33242 -632 28392732 -633 -28679 23140057 65536
Jan  1 04:35:43    146 user.info kernel: drivers/input/touchscreen/lf1000_ts.c.set_a0:470 a[0]=28392732
Jan  1 04:35:43    147 user.info kernel: drivers/input/touchscreen/lf1000_ts.c.set_a1:491 a[1]=-33242
Jan  1 04:35:43    148 user.info kernel: drivers/input/touchscreen/lf1000_ts.c.set_a2:513 a[2]=-632
Jan  1 04:35:43    149 user.info kernel: drivers/input/touchscreen/lf1000_ts.c.set_a3:535 a[3]=23140057
Jan  1 04:35:43    150 user.info kernel: drivers/input/touchscreen/lf1000_ts.c.set_a4:556 a[4]=-633
Jan  1 04:35:43    151 user.info kernel: drivers/input/touchscreen/lf1000_ts.c.set_a5:577 a[5]=-28679
Jan  1 04:35:43    152 user.info kernel: drivers/input/touchscreen/lf1000_ts.c.set_a6:598 a[6]=65536
Jan  1 04:35:44    153 user.info kernel: drivers/lf1000/i2s/main.c.audio_release() dev->isOpen=0
Jan  1 04:35:44    154 local4.notice Emerald Base: +++ 10.01 93 307 601 Bgn Attaching Bulk
Jan  1 04:35:44    155 user.notice kernel: UBI: attaching mtd4 to ubi1
Jan  1 04:35:44    156 user.notice kernel: UBI: physical eraseblock size:   131072 bytes (128 KiB)
Jan  1 04:35:44    157 user.notice kernel: UBI: logical eraseblock size:    129024 bytes
Jan  1 04:35:44    158 user.notice kernel: UBI: smallest flash I/O unit:    2048
Jan  1 04:35:44    159 user.notice kernel: UBI: sub-page size:              512
Jan  1 04:35:44    160 user.notice kernel: UBI: VID header offset:          512 (aligned 512)
Jan  1 04:35:44    161 user.notice kernel: UBI: data offset:                2048
Jan  1 04:35:45    162 local4.notice Emerald App: [0x6] Start ButtonPowerUSB Task ... !
Jan  1 04:35:45    163 local4.notice Emerald App: [0x6] Start Cartridge task ...!
Jan  1 04:35:45    164 user.notice kernel: UBI: attached mtd4 to ubi1
Jan  1 04:35:45    165 user.notice kernel: UBI: MTD device name:            "Bulk"
Jan  1 04:35:45    166 user.notice kernel: UBI: MTD device size:            416 MiB
Jan  1 04:35:45    167 user.notice kernel: UBI: number of good PEBs:        3327
Jan  1 04:35:45    168 user.notice kernel: UBI: number of bad PEBs:         1
Jan  1 04:35:45    169 user.notice kernel: UBI: max. allowed volumes:       128
Jan  1 04:35:45    170 user.notice kernel: UBI: wear-leveling threshold:    4096
Jan  1 04:35:45    171 user.notice kernel: UBI: number of internal volumes: 1
Jan  1 04:35:45    172 user.notice kernel: UBI: number of user volumes:     1
Jan  1 04:35:45    173 user.notice kernel: UBI: available PEBs:             0
Jan  1 04:35:45    174 user.notice kernel: UBI: total number of reserved PEBs: 3327
Jan  1 04:35:45    175 local4.notice Emerald Base: +++ 11.23 126 396 601 Bgn Mounting /LF/Bulk
Jan  1 04:35:45    176 user.notice kernel: UBIFS: mounted UBI device 1, volume 0, name "ubi_bulk"
Jan  1 04:35:45    177 user.notice kernel: UBIFS: file system size:   423069696 bytes (413154 KiB, 403 MiB, 3279 LEBs)
Jan  1 04:35:45    178 user.notice kernel: UBIFS: journal size:       9033728 bytes (8822 KiB, 8 MiB, 71 LEBs)
Jan  1 04:35:45    179 user.notice kernel: UBIFS: media format:       w4/r0 (latest is w4/r0)
Jan  1 04:35:45    180 user.notice kernel: UBIFS: default compressor: lzo
Jan  1 04:35:45    181 user.notice kernel: UBIFS: reserved for root:  0 bytes (0 KiB)
Jan  1 04:35:45    182 local4.notice Emerald App: [0x5] DisplayModule::InitModule: /dev/mlc base = 82E00000, size = 01200000
Jan  1 04:35:45    183 local4.notice Emerald App: [0x5] DisplayModule::InitModule: mapped base 82E00000, size 01200000 to 0x82e00000
Jan  1 04:35:45    184 local4.notice Emerald App: [0x5] DisplayModule::InitModule: mapped base A2E00000, size 01200000 to 0x4056d000
Jan  1 04:35:45    185 local4.notice Emerald App: [0x280] CAppManager::CAppManager ; LightningBase/Src/AppManager.cpp; 305; 31012
Jan  1 04:35:45    186 local4.notice Emerald App: [0x280] Shutdown Timer set for 12000 [ms] timeout
Jan  1 04:35:45    187 local4.notice Emerald App: [0x280] USB Device Watchdog set for 12 [sec] timeout
Jan  1 04:35:45    188 local4.notice Emerald App: [0x280] AppManager signal handler installed 
Jan  1 04:35:45    189 local4.notice Emerald App: [0x6] AddListener: added listener 0x16ac0, number 1
Jan  1 04:35:45    190 local4.notice Emerald App: [0x280] Run Cold boot, resetting RTCAccuracy
Jan  1 04:35:45    191 local4.crit Emerald App: [0xf] fopenAtomic(/LF/Bulk/settings.cfg) returning 0x00018b70
Jan  1 04:35:45    192 local4.crit Emerald App: [0xf] fcloseAtomic returning 0
Jan  1 04:35:45    193 local4.notice Emerald App: [0x1] EnableSpeaker: 1
Jan  1 04:35:45    194 user.info kernel: drivers/lf1000/i2s/main.c.audio_open() dev->isOpen=1
Jan  1 04:35:46    195 user.info kernel: setAudioRate: expected rate 32000Hz, actual: 32000Hz
Jan  1 04:35:46    196 user.info kernel: getAudioRate: sample rate: 32000Hz, divisor: 48, CLKGEN0: 0x000002F0
Jan  1 04:35:46    197 local4.notice Emerald App: [0x280] mCurrentTransition = kLoginApp !
Jan  1 04:35:46    198 local4.notice Emerald App: [0x0] EnumDeviceCallback: /sys/class/usb_device/usbdev1.1: 1D6B0001
Jan  1 04:35:46    199 local4.notice Emerald App: [0x280] PushApp Start: L3X/main.swf; LightningBase/Src/AppManager.cpp; 704; 30336
Jan  1 04:35:46    200 local4.notice Emerald App: [0x280] LoadNewApp path = /LF/Base/L3X/main.swf
Jan  1 04:35:46    201 local4.notice Emerald App: [0x280] LoadNewApp: before; /LF/Base/L3X/main.swf; 1176; 30324
Jan  1 04:35:46    202 user.info kernel: drivers/input/touchscreen/lf1000_ts.c.set_sample_rate_in_hz:624 sample_rate_in_jiffies=1
Jan  1 04:35:46    203 user.info kernel: drivers/input/touchscreen/lf1000_ts.c.set_debounce_in_samples_down:314 debounce_in_samples_down=4
Jan  1 04:35:46    204 user.info kernel: drivers/input/touchscreen/lf1000_ts.c.set_debounce_in_samples_up:350 debounce_in_samples_up=1
Jan  1 04:35:46    205 local4.notice Emerald App: [0x280] LoadNewApp: after ; /LF/Base/L3X/main.swf; 1248; 29376
Jan  1 04:35:46    206 local4.notice Emerald App: [0x280] PushApp Done: L3X/main.swf; LightningBase/Src/AppManager.cpp; 706; 29376
Jan  1 04:35:46    207 local4.notice Emerald App: [0x280] mCurrentTransition = kPushApp !
Jan  1 04:35:46    208 local4.notice Emerald App: [0x6] AddListener: added listener 0x17310, number 2
Jan  1 04:35:46    209 local4.notice Emerald App: [0x6] AddListener: added listener 0x17354, number 3
Jan  1 04:35:46    210 local4.notice Emerald App: [0x5] DisplayModule::CreateHandle: 0x82e00000
Jan  1 04:35:49    211 local4.notice Emerald App: [0x200] SystemPlugin::SetTouchscreenSampleRate( 50 ): true
Jan  1 04:35:49    212 local4.notice Emerald App: [0x200] AppManagerPlugin::isBaseAppRelaunch, FALSE
Jan  1 04:35:49    213 local4.notice Emerald App: [0x200] SystemPlugin::IsLFPlatform(): true
Jan  1 04:35:49    214 local4.notice Emerald App: [0x200] SystemPlugin::SetDidjLegacyFlag( 0 )
Jan  1 04:35:49    215 local4.notice Emerald App: [0x200] AppManagerPlugin::isBaseAppRelaunch, FALSE
Jan  1 04:35:53    216 local4.notice Emerald App: [0x13] CartManager started !
Jan  1 04:35:53    217 local4.notice Emerald Base: Starting /etc/init.d/networking ...
Jan  1 04:35:53    218 local4.notice Emerald Base: /etc/init.d/networking: /flags/developer: forcing static IP
Jan  1 04:35:53    219 daemon.info avahi-daemon[871]: Found user 'avahi' (UID 1102) and group 'avahi' (GID 1102).
Jan  1 04:35:53    220 daemon.info avahi-daemon[871]: Successfully dropped root privileges.
Jan  1 04:35:53    221 daemon.info avahi-daemon[871]: avahi-daemon 0.6.24 starting up.
Jan  1 04:35:53    222 daemon.warn avahi-daemon[871]: WARNING: No NSS support for mDNS detected, consider installing nss-mdns!
Jan  1 04:35:54    223 daemon.warn avahi-daemon[871]: Failed to open /etc/resolv.conf: No such file or directory
Jan  1 04:35:54    224 daemon.info avahi-daemon[871]: Loading service file /etc/avahi/services/ftp.service.
Jan  1 04:35:54    225 daemon.info avahi-daemon[871]: Loading service file /etc/avahi/services/sftp-ssh.service.
Jan  1 04:35:54    226 daemon.info avahi-daemon[871]: Loading service file /etc/avahi/services/ssh.service.
Jan  1 04:35:54    227 daemon.info avahi-daemon[871]: Joining mDNS multicast group on interface usb0.IPv4 with address 10.0.0.2.
Jan  1 04:35:54    228 daemon.info avahi-daemon[871]: New relevant interface usb0.IPv4 for mDNS.
Jan  1 04:35:54    229 daemon.info avahi-daemon[871]: Network interface enumeration completed.
Jan  1 04:35:54    230 daemon.info avahi-daemon[871]: Registering new address record for 10.0.0.2 on usb0.IPv4.
Jan  1 04:35:54    231 daemon.info avahi-daemon[871]: Registering HINFO record with values 'ARMV5TEJL'/'LINUX'.
Jan  1 04:35:54    232 local4.notice Emerald Base: Starting vbus-monitor ...
Jan  1 04:35:54    233 local4.notice vbus-actions: VBUS went low; stop DFTP
Jan  1 04:35:54    234 local4.notice Emerald Base: Stopping DFTP ...
Jan  1 04:35:55    235 daemon.info avahi-daemon[871]: Server startup complete. Host name is LB-Explorer-0614170001021004F657.local. Local service cookie is 3570251811.
Jan  1 04:35:55    236 local4.notice Emerald Base: starting telnetd, vsftpd, and sshd
Jan  1 04:35:55    237 auth.info sshd[909]: Server listening on 0.0.0.0 port 22.
Jan  1 04:35:56    238 daemon.info avahi-daemon[871]: Service "LB-Explorer-0614170001021004F657" (/etc/avahi/services/ssh.service) successfully established.
Jan  1 04:35:56    239 daemon.info avahi-daemon[871]: Service "SFTP File Transfer on LB-Explorer-0614170001021004F657" (/etc/avahi/services/sftp-ssh.service) successfully established.
Jan  1 04:35:56    240 daemon.info avahi-daemon[871]: Service "FTP Transfer on LB-Explorer-0614170001021004F657" (/etc/avahi/services/ftp.service) successfully established.
Jan  1 04:35:57    241 local4.notice Emerald Base: hostname:         'LB-Explorer-0614170001021004F657'
Jan  1 04:35:57    242 local4.notice Emerald Base: Board ID:         '2'
Jan  1 04:35:57    243 local4.notice Emerald Base: NOR BootVersion:  '2.0.20.0001'
Jan  1 04:35:58    244 local4.notice Emerald Base: NOR SerialNumber: '0614170001021004F657'
Jan  1 04:35:58    245 local4.notice Emerald Base: NAND BootVersion: '1.0.8.6905'
Jan  1 04:35:58    246 local4.notice Emerald Base: Firmware Release Version: 1.0.8-6905
Jan  1 04:35:58    247 local4.notice Emerald Base: Base bin Version: "1.0.8.5070"^M
Jan  1 04:35:58    248 local4.notice Emerald Base: Base lib Version: "1.0.8.5190"^M
Jan  1 04:35:58    249 local4.notice Emerald Base: Base L3X Version: "1.0.8.5154"^M
Jan  1 04:35:58    250 local4.notice Emerald Base: Base Brio Version: "1.0.8.6905"^M
Jan  1 04:36:12    251 local4.crit Emerald App: [0xf] fopenAtomic(/LF/Bulk/settings.cfg) returning 0x001a41d0
Jan  1 04:36:12    252 local4.crit Emerald App: [0xf] fcloseAtomic returning 0
Jan  1 04:36:12    253 local4.notice Emerald App: [0x200] SystemPlugin::setCurrentPlayerID( 1 )
Jan  1 04:36:12    254 local4.crit Emerald App: [0xf] fopenAtomic(/LF/Bulk/Data/Local/1/./profile.dsc) returning 0x001a45a0
Jan  1 04:36:12    255 local4.crit Emerald App: [0xf] fcloseAtomic returning 0
Jan  1 04:36:12    256 local4.notice Emerald App: [0x201] Setting Current Profile to 1
Jan  1 04:36:18    257 local4.notice Emerald App: [0x200] SystemPlugin::SetTouchscreenSampleRate( 50 ): true
Jan  1 04:36:18    258 local4.notice Emerald App: [0x200] SystemPlugin::GetPetResourcesPath(): /LF/Base/PetResources/
Jan  1 04:36:46    259 local4.alert Emerald App: [0x280] setting mPowerShutdownOccurred = true
Jan  1 04:36:46    260 local4.notice Emerald App: [0x8] CreateTimer tTimerHndl=0x1e2a80 callback=0x40540088 SIGRT34
Jan  1 04:36:46    261 user.alert kernel: power_button_irq.468 Power button pressed
Jan  1 04:36:46    262 local4.crit Emerald App: [0x280] mPowerShutdownOccurred
Jan  1 04:36:46    263 local4.notice Emerald App: [0x280] mCurrentTransition = kReplaceAllWithApp !
Jan  1 04:36:46    264 local4.notice Emerald App: [0x280] CAppManager::ExitPopUnloadApp()
Jan  1 04:36:46    265 local4.alert Emerald App: [0x280] setting mPowerShutdownOccurred = true
Jan  1 04:36:46    266 local4.notice Emerald App: [0x8] CreateTimer tTimerHndl=0x1b2e28 callback=0x40540088 SIGRT35
Jan  1 04:36:46    267 user.alert kernel: power_button_monitor_task.429 Power button released
Jan  1 04:36:47    268 local4.notice Emerald App: [0x6] RemoveListener: removed listener 0x17354, number 2
Jan  1 04:36:47    269 local4.notice Emerald App: [0x6] RemoveListener: removed listener 0x17310, number 1
Jan  1 04:36:47    270 local4.notice Emerald App: [0x5] DisplayModule::DestroyHandle: 0x82e00000
Jan  1 04:36:47    271 local4.notice Emerald App: [0x6] RemoveListener: could not remove listener 0x17354, number 1
Jan  1 04:36:47    272 local4.notice Emerald App: [0x6] RemoveListener: could not remove listener 0x17310, number 1
Jan  1 04:36:47    273 local4.notice Emerald App: [0x280] ExitPopUnloadApp: before; /LF/Base/L3X/; 1301; 19900
Jan  1 04:36:47    274 local4.notice Emerald App: [0x280] ExitPopUnloadApp: before UnloadModule /LF/Base/L3X/
Jan  1 04:36:47    275 user.info kernel: drivers/input/touchscreen/lf1000_ts.c.set_sample_rate_in_hz:624 sample_rate_in_jiffies=1
Jan  1 04:36:47    276 user.info kernel: drivers/input/touchscreen/lf1000_ts.c.set_debounce_in_samples_down:314 debounce_in_samples_down=4
Jan  1 04:36:47    277 user.info kernel: drivers/input/touchscreen/lf1000_ts.c.set_debounce_in_samples_up:350 debounce_in_samples_up=1
Jan  1 04:36:47    278 local4.notice Emerald App: [0x280] ExitPopUnloadApp: module unloaded 202400
Jan  1 04:36:47    279 local4.notice Emerald App: [0x280] ExitPopUnloadApp: after ; /LF/Base/L3X/; 1307; 19984
Jan  1 04:36:47    280 local4.crit Emerald App: [0x280] ExitPopUnloadApp: OGL context still active after unloading
Jan  1 04:36:47    281 local4.crit Emerald App: [0x280] ExitPopUnloadApp: aborting all Atomic I/O with fabortAllAtomic
Jan  1 04:36:47    282 local4.crit Emerald App: [0xf] fabortAllAtomic: aborted 0 files
Jan  1 04:36:47    283 local4.notice Emerald App: [0x0] Displaying the shutdown screen now.
Jan  1 04:36:47    284 local4.notice Emerald App: [0x0] (had to make our own screen context)
Jan  1 04:36:47    285 local4.notice Emerald App: [0x5] DisplayModule::CreateHandle: 0x82e00000
Jan  1 04:36:47    286 local4.alert Emerald App: [0x280] ::Run return mRestart:0
Jan  1 04:36:47    287 local4.notice Emerald App: [0x280] CAppManager::~CAppManager()
Jan  1 04:36:47    288 local4.notice Emerald App: [0x6] RemoveListener: removed listener 0x16ac0, number 0
Jan  1 04:36:47    289 local4.notice Emerald App: [0x280] CAppManager::ExitPopUnloadApp()
Jan  1 04:36:47    290 user.info kernel: drivers/input/touchscreen/lf1000_ts.c.set_sample_rate_in_hz:624 sample_rate_in_jiffies=1
Jan  1 04:36:47    291 user.info kernel: drivers/input/touchscreen/lf1000_ts.c.set_debounce_in_samples_down:314 debounce_in_samples_down=4
Jan  1 04:36:47    292 user.info kernel: drivers/input/touchscreen/lf1000_ts.c.set_debounce_in_samples_up:350 debounce_in_samples_up=1
Jan  1 04:36:47    293 local4.notice Emerald App: [0x6] RemoveListener: could not remove listener 0x18ea8, number 0
Jan  1 04:36:47    294 user.info kernel: drivers/lf1000/i2s/main.c.audio_release() dev->isOpen=0
Jan  1 04:36:47    295 local4.notice Emerald App: [0x6] RemoveListener: could not remove listener 0x16ac0, number 0
Jan  1 04:36:47    296 local4.notice Emerald App: [0x0] Calling Shutdown().
Jan  1 04:36:47    297 local4.notice Emerald App: [0x5] DisplayModule::InitModule: /dev/mlc base = 82E00000, size = 01200000
Jan  1 04:36:47    298 local4.notice Emerald App: [0x5] DisplayModule::InitModule: mapped base 82E00000, size 01200000 to 0x82e00000
Jan  1 04:36:47    299 local4.notice Emerald App: [0x5] DisplayModule::InitModule: mapped base A2E00000, size 01200000 to 0x4056d000
Jan  1 04:36:47    300 local4.notice Emerald App: [0x5] DisplayModule::CreateHandle: 0x4166d000
Jan  1 04:36:47    301 local4.notice Emerald App: [0x1] EnableSpeaker: 1
Jan  1 04:36:47    302 user.info kernel: drivers/lf1000/i2s/main.c.audio_open() dev->isOpen=1
Jan  1 04:36:47    303 user.info kernel: setAudioRate: expected rate 32000Hz, actual: 32000Hz
Jan  1 04:36:47    304 user.info kernel: getAudioRate: sample rate: 32000Hz, divisor: 48, CLKGEN0: 0x000002F0
Jan  1 04:36:47    305 local4.crit Emerald App: [0xd] VideoTask Started...
Jan  1 04:36:49    306 local4.crit Emerald App: [0xd] VideoTask Stopping...
Jan  1 04:36:49    307 local4.notice Emerald App: [0x6] RemoveListener: could not remove listener 0xc8cd8, number 0
Jan  1 04:36:49    308 user.info kernel: drivers/lf1000/i2s/main.c.audio_release() dev->isOpen=0
Jan  1 04:36:49    309 local4.notice Emerald App: [0x5] DisplayModule::DestroyHandle: 0x4166d000
Jan  1 04:36:49    310 local4.alert Emerald App: [0xe] PowerMPI::Shutdown poweroff
Jan  1 04:36:49    311 local2.notice sudo:     game : TTY=unknown ; PWD=/LF ; USER=root ; COMMAND=/sbin/poweroff
Jan  1 04:36:49    312 local4.notice /usr/bin/app: AppManager exit(0) count=1 uptime=75
Jan  1 04:36:49    313 daemon.warn avahi-daemon[871]: Disconnected from D-Bus, exiting.
Jan  1 04:36:49    314 daemon.info avahi-daemon[871]: Got SIGQUIT, quitting.
Jan  1 04:36:49    315 local4.notice Emerald Base: Shutdown requested, exit AppManager launch loop
Jan  1 04:36:49    316 daemon.info avahi-daemon[871]: Leaving mDNS multicast group on interface usb0.IPv4 with address 10.0.0.2.
Jan  1 04:36:49    317 local4.notice Emerald Base: Stopping vbus-monitor ...
Jan  1 04:36:49    318 local4.notice Emerald Base: Stopping /etc/init.d/networking ...
Jan  1 04:36:49    319 local4.notice Emerald Base: Stopping Ethernet USB driver ...
Jan  1 04:36:50    320 local4.notice Emerald Base: Stopping system logging ... !
Jan  1 04:36:50    321 user.notice kernel: klogd: exiting
Jan  1 04:36:50    322 syslog.info syslogd exiting
Jan  1 04:36:58      0 syslog.info syslogd started: BusyBox v1.13.2---1
Jan  1 04:36:58      1 local4.notice Recovery Keep-Alives: boot_image=PLAY boot_source=NOR panic=0 power=WARM request=PLAY shutdown=DIRTY raw=0003E246
Jan  1 04:36:58      2 user.notice kernel: klogd started: BusyBox v1.13.2 (2010-03-16 15:24:13 PDT)
Jan  1 04:36:58      3 user.notice kernel: Linux version 2.6.31-leapfrog (lfu@lightning-release) (gcc version 4.1.1) #37 Fri Mar 26 16:44:07 PDT 2010
Jan  1 04:36:58      4 user.warn kernel: CPU: ARM926EJ-S [41069265] revision 5 (ARMv5TEJ), cr=00053177
Jan  1 04:36:58      5 user.warn kernel: CPU: VIVT data cache, VIVT instruction cache
Jan  1 04:36:58      6 user.warn kernel: Machine: ARM-LF1000
Jan  1 04:36:58      7 user.warn kernel: Memory policy: ECC disabled, Data cache writeback
Jan  1 04:36:58      8 user.debug kernel: On node 0 totalpages: 11776
Jan  1 04:36:58      9 user.debug kernel: free_area_init_node: node 0, pgdat c03492dc, node_mem_map c037e000
Jan  1 04:36:58     10 user.debug kernel:   Normal zone: 92 pages used for memmap
Jan  1 04:36:58     11 user.debug kernel:   Normal zone: 0 pages reserved
Jan  1 04:36:58     12 user.debug kernel:   Normal zone: 11684 pages, LIFO batch:1
Jan  1 04:36:58     13 user.info kernel: lf1000_oscvco_set.60 pll 0, not changed already set to 0x00DF2100
Jan  1 04:36:58     14 user.warn kernel: PLL0=393.218109 MHz   
Jan  1 04:36:58     15 user.info kernel: lf1000_oscvco_set.50  changing pll 1, old=0x000C4002, new=0x0024C402
Jan  1 04:36:58     16 user.warn kernel: PLL1=147.000 MHz   Built 1 zonelists in Zone order, mobility grouping on.  Total pages: 11684
Jan  1 04:36:58     17 user.notice kernel: Kernel command line: init=/sbin/init console=ttyS0,115200 loglevel=2 mem=46M mlc_fb=0x82E00000,0x01200000 ram=0x80000000-0x83FFFFFF screen_module=ILI9322 root=ubi0_0 rw rootfstype=ubifs ubi.mtd=RFS 
Jan  1 04:36:58     18 user.warn kernel: PID hash table entries: 256 (order: 8, 1024 bytes)
Jan  1 04:36:58     19 user.info kernel: Dentry cache hash table entries: 8192 (order: 3, 32768 bytes)
Jan  1 04:36:58     20 user.info kernel: msgmni has been set to 84
Jan  1 04:36:58     21 user.info kernel: alg: No test for stdrng (krng)
Jan  1 04:36:58     22 user.info kernel: io scheduler noop registered
Jan  1 04:36:58     23 user.info kernel: io scheduler deadline registered (default)
Jan  1 04:36:58     24 user.info kernel: Serial: 8250/16550 driver $Revision: 1.90 $ 4 ports, IRQ sharing disabled
Jan  1 04:36:58     25 user.info kernel: serial8250: ttyS0 at MMIO 0x0 (irq = 10) is a 8250
Jan  1 04:36:58     26 user.info kernel: serial8250: ttyS1 at MMIO 0x0 (irq = 34) is a 8250
Jan  1 04:36:58     27 user.info kernel: serial8250: ttyS2 at MMIO 0x0 (irq = 35) is a 8250
Jan  1 04:36:58     28 user.info kernel: serial8250: ttyS3 at MMIO 0x0 (irq = 36) is a 8250
Jan  1 04:36:58     29 user.info kernel: brd: module loaded
Jan  1 04:36:58     30 user.info kernel: loop: module loaded
Jan  1 04:36:58     31 user.info kernel: ohci_hcd: USB 1.1 'Open' Host Controller (OHCI) Driver
Jan  1 04:36:58     32 user.warn kernel: usb_hcd_lf1000_probe^M
Jan  1 04:36:58     33 user.warn kernel: hcd->regs: xc30be000
Jan  1 04:36:58     34 user.debug kernel: drivers/usb/host/ohci-lf1000.clf1000_start_hc
Jan  1 04:36:58     35 user.debug kernel: drivers/usb/host/ohci-lf1000.clf1000_start_hc returns
Jan  1 04:36:58     36 user.warn kernel: before ohci_hcd_init()
Jan  1 04:36:58     37 user.warn kernel: after ohci_hcd_init()^M
Jan  1 04:36:58     38 user.info kernel: lf1000-ohci lf1000-ohci: LF1000 OHCI
Jan  1 04:36:58     39 user.info kernel: lf1000-ohci lf1000-ohci: new USB bus registered, assigned bus number 1
Jan  1 04:36:58     40 user.info kernel: lf1000-ohci lf1000-ohci: irq 28, io mem 0xc000d000
Jan  1 04:36:58     41 user.warn kernel: ohci->regs: xc30be000
Jan  1 04:36:58     42 user.warn kernel: &ohci->regs->control: xc30be004
Jan  1 04:36:58     43 user.warn kernel: ioread32(&ohci->regs->control): 0x0
Jan  1 04:36:58     44 user.warn kernel: after hcd->driver->start
Jan  1 04:36:58     45 user.info kernel: usb usb1: configuration #1 chosen from 1 choice
Jan  1 04:36:58     46 user.info kernel: hub 1-0:1.0: USB hub found
Jan  1 04:36:58     47 user.info kernel: hub 1-0:1.0: 2 ports detected
Jan  1 04:36:58     48 user.warn kernel: usb_add_hcd() returns 0
Jan  1 04:36:58     49 user.warn kernel: after usb_add_hcd()^M
Jan  1 04:36:58     50 user.warn kernel: usb_hcd_lf1000_probe returns^M
Jan  1 04:36:58     51 user.warn kernel: IRQ 31/lf1000-rtc: IRQF_DISABLED is not guaranteed on shared IRQs
Jan  1 04:36:58     52 user.debug kernel: lf1000-rtc: dev (254:0)
Jan  1 04:36:58     53 user.info kernel: lf1000-rtc lf1000-rtc: rtc core: registered lf1000-rtc as rtc0
Jan  1 04:36:58     54 user.info kernel: LF1000 Real Time Clock driver.
Jan  1 04:36:58     55 user.info kernel: i2c /dev entries driver
Jan  1 04:36:58     56 user.info kernel: Software Watchdog Timer: 0.07 initialized. soft_noboot=0 soft_margin=60 sec (nowayout= 0)
Jan  1 04:36:58     57 user.info kernel: usbcore: registered new interface driver usbhid
Jan  1 04:36:58     58 user.info kernel: usbhid: v2.6:USB HID core driver
Jan  1 04:36:58     59 user.info kernel: setAudioRate: expected rate 32000Hz, actual: 32000Hz
Jan  1 04:36:58     60 user.notice kernel: *** MLC mlc_fb_addr=82e00000 size=01200000 fb[0]=82e00000 ***
Jan  1 04:36:58     61 user.info kernel: lf1000-dpc driver
Jan  1 04:36:58     62 user.warn kernel: dpc: PWM clock rate is 9800000
Jan  1 04:36:58     63 user.debug kernel: idct: start=C000F800, end=C000FFC4
Jan  1 04:36:58     64 user.debug kernel: idct: mem=c30e8800
Jan  1 04:36:58     65 user.info kernel: input: LF1000 USB as /class/input/input0
Jan  1 04:36:58     66 user.info kernel: Cartridge hot swap supported 
Jan  1 04:36:58     67 user.info kernel: nand_get_flash_type(...): Manu_ID = 2c, Dev_ID = dc 
Jan  1 04:36:58     68 local4.notice Emerald Base: +++ 2.07 18 180 11 Bgn AppManager
Jan  1 04:36:58     69 user.info kernel: NAND device: Manufacturer ID: 0x2c, Chip ID: 0xdc (Micron NAND 512MiB 3,3V 8-bit)
Jan  1 04:36:58     70 user.err kernel: I: chip->options & NAND_NO_SUBPAGE_WRITE = 0
Jan  1 04:36:58     71 user.err kernel: I: chip->options & NAND_CI_CELLTYPE_MSK = 0
Jan  1 04:36:58     72 user.err kernel: I: ecc.steps = 8
Jan  1 04:36:58     73 user.err kernel: I: mtd=c297e400 mtd->subpage_sft = 2
Jan  1 04:36:58     74 user.info kernel: Scanning device for bad blocks
Jan  1 04:36:58     75 user.warn kernel: Bad eraseblock 1642 at 0x00000cd40000
Jan  1 04:36:58     76 user.info kernel: lf1000-mtd: totally igorning cartridge in boot
Jan  1 04:36:58     77 user.notice kernel: Creating 5 MTD partitions on "lf1000-base":
Jan  1 04:36:58     78 user.notice kernel: 0x000000000000-0x000000100000 : "Emerald_Boot"
Jan  1 04:36:58     79 user.notice kernel: 0x000000100000-0x000000200000 : "I18n_Screens"
Jan  1 04:36:58     80 user.notice kernel: 0x000000200000-0x000000a00000 : "Kernel"
Jan  1 04:36:58     81 user.notice kernel: 0x000000a00000-0x000006000000 : "RFS"
Jan  1 04:36:58     82 user.notice kernel: 0x000006000000-0x000020000000 : "Bulk"
Jan  1 04:36:58     83 user.notice kernel: Probing nor-flash at physical address 0x00000000 (8-bit bankwidth)
Jan  1 04:36:58     84 user.info kernel: Found: SST 39LF040
Jan  1 04:36:58     85 user.info kernel: nor-flash: Found 1 x8 devices at 0x0 in 8-bit bank
Jan  1 04:36:58     86 user.notice kernel: number of JEDEC chips: 1
Jan  1 04:36:58     87 user.notice kernel: cfi_cmdset_0002: Disabling erase-suspend-program due to code brokenness.
Jan  1 04:36:58     88 user.info kernel: lf1000_flash_probe().96
Jan  1 04:36:58     89 auth.notice su: + none root:game
Jan  1 04:36:58     90 user.info kernel: lf1000_flash_probe().147
Jan  1 04:36:58     91 user.notice kernel: Creating 3 MTD partitions on "nor-flash":
Jan  1 04:36:58     92 user.notice kernel: 0x000000000000-0x00000007e000 : "NOR_Boot"
Jan  1 04:36:58     93 user.notice kernel: 0x00000007e000-0x00000007f000 : "MfgData0"
Jan  1 04:36:58     94 user.notice kernel: 0x00000007f000-0x000000080000 : "MfgData1"
Jan  1 04:36:58     95 user.notice kernel: UBI: attaching mtd3 to ubi0
Jan  1 04:36:58     96 user.notice kernel: UBI: physical eraseblock size:   131072 bytes (128 KiB)
Jan  1 04:36:58     97 user.notice kernel: UBI: logical eraseblock size:    129024 bytes
Jan  1 04:36:58     98 user.notice kernel: UBI: smallest flash I/O unit:    2048
Jan  1 04:36:58     99 user.notice kernel: UBI: sub-page size:              512
Jan  1 04:36:58    100 user.notice kernel: UBI: VID header offset:          512 (aligned 512)
Jan  1 04:36:58    101 user.notice kernel: UBI: data offset:                2048
Jan  1 04:36:58    102 user.notice kernel: UBI: attached mtd3 to ubi0
Jan  1 04:36:58    103 user.notice kernel: UBI: MTD device name:            "RFS"
Jan  1 04:36:58    104 user.notice kernel: UBI: MTD device size:            86 MiB
Jan  1 04:36:58    105 user.notice kernel: UBI: number of good PEBs:        688
Jan  1 04:36:58    106 user.notice kernel: UBI: number of bad PEBs:         0
Jan  1 04:36:58    107 user.notice kernel: UBI: max. allowed volumes:       128
Jan  1 04:36:58    108 user.notice kernel: UBI: wear-leveling threshold:    4096
Jan  1 04:36:58    109 user.notice kernel: UBI: number of internal volumes: 1
Jan  1 04:36:58    110 user.notice kernel: UBI: number of user volumes:     1
Jan  1 04:36:58    111 user.notice kernel: UBI: available PEBs:             0
Jan  1 04:36:58    112 user.notice kernel: UBI: total number of reserved PEBs: 688
Jan  1 04:36:58    113 user.notice kernel: UBI: number of PEBs reserved for bad PEB handling: 6
Jan  1 04:36:58    114 user.notice kernel: UBI: max/mean erase counter: 25/7
Jan  1 04:36:58    115 user.notice kernel: UBI: image sequence number: 0
Jan  1 04:36:58    116 user.notice kernel: UBI: background thread "ubi_bgt0d" started, PID 711
Jan  1 04:36:58    117 user.alert kernel: lf1000_power_probe.647
Jan  1 04:36:58    118 user.info kernel: input: Power Button as /class/input/input1
Jan  1 04:36:58    119 user.alert kernel: lf1000_power_probe.717 initial battery reading is :5635
Jan  1 04:36:58    120 user.info kernel: input: LF1000 Keyboard as /class/input/input2
Jan  1 04:36:58    121 user.info kernel: TCP cubic registered
Jan  1 04:36:58    122 user.info kernel: NET: Registered protocol family 17
Jan  1 04:36:58    123 user.debug kernel: lf1000_rtc_readtime(): 2008-01-01 04:36:57
Jan  1 04:36:58    124 user.info kernel: lf1000-rtc lf1000-rtc: setting system clock to 2008-01-01 04:36:57 UTC (1199162217)
Jan  1 04:36:58    125 user.notice kernel: UBIFS: mounted UBI device 0, volume 0, name "ubi_rfs"
Jan  1 04:36:58    126 user.notice kernel: UBIFS: file system size:   86059008 bytes (84042 KiB, 82 MiB, 667 LEBs)
Jan  1 04:36:58    127 user.notice kernel: UBIFS: journal size:       9033728 bytes (8822 KiB, 8 MiB, 71 LEBs)
Jan  1 04:36:58    128 user.notice kernel: UBIFS: media format:       w4/r0 (latest is w4/r0)
Jan  1 04:36:58    129 user.notice kernel: UBIFS: default compressor: lzo
Jan  1 04:36:58    130 user.notice kernel: UBIFS: reserved for root:  0 bytes (0 KiB)
Jan  1 04:36:58    131 user.warn kernel: VFS: Mounted root (ubifs filesystem) on device 0:13.
Jan  1 04:36:58    132 user.info kernel: Freeing init memory: 104K
Jan  1 04:36:58    133 user.info kernel: drivers/lf1000/i2s/main.c.audio_open() dev->isOpen=1
Jan  1 04:36:58    134 user.info kernel: setAudioRate: expected rate 32000Hz, actual: 32000Hz
Jan  1 04:36:58    135 user.info kernel: getAudioRate: sample rate: 32000Hz, divisor: 48, CLKGEN0: 0x000002F0
Jan  1 04:36:58    136 local4.notice Emerald Base: Use ADC settings from NOR 33 2026
Jan  1 04:36:59    137 local4.notice Emerald Base: Starting Ethernet USB driver ...
Jan  1 04:36:59    138 user.info kernel: usb0: MAC 80:38:fd:04:f6:57
Jan  1 04:36:59    139 user.info kernel: usb0: HOST MAC 80:38:fd:84:f6:57
Jan  1 04:36:59    140 user.info kernel: g_ether gadget: Ethernet Gadget, version: Veterans Day 2009
Jan  1 04:36:59    141 user.info kernel: g_ether gadget: g_ether ready
Jan  1 04:36:59    142 local4.notice Emerald Base: Starting touch screen driver ...
Jan  1 04:36:59    143 user.info kernel: input: LF1000 touchscreen interface as /class/input/input3
Jan  1 04:36:59    144 local4.notice Emerald Base: setcal: Using USERCAL in /flags/pointercal -33242 -632 28392732 -633 -28679 23140057 65536
Jan  1 04:37:00    145 user.info kernel: drivers/input/touchscreen/lf1000_ts.c.set_a0:470 a[0]=28392732
Jan  1 04:37:00    146 user.info kernel: drivers/input/touchscreen/lf1000_ts.c.set_a1:491 a[1]=-33242
Jan  1 04:37:00    147 user.info kernel: drivers/input/touchscreen/lf1000_ts.c.set_a2:513 a[2]=-632
Jan  1 04:37:00    148 user.info kernel: drivers/input/touchscreen/lf1000_ts.c.set_a3:535 a[3]=23140057
Jan  1 04:37:00    149 user.info kernel: drivers/input/touchscreen/lf1000_ts.c.set_a4:556 a[4]=-633
Jan  1 04:37:00    150 user.info kernel: drivers/input/touchscreen/lf1000_ts.c.set_a5:577 a[5]=-28679
Jan  1 04:37:00    151 user.info kernel: drivers/input/touchscreen/lf1000_ts.c.set_a6:598 a[6]=65536
Jan  1 04:37:00    152 user.alert kernel: power_button_irq.468 Power button pressed
Jan  1 04:37:00    153 local4.notice Emerald Base: +++ 4.00 101 288 11 Bgn Attaching Bulk
Jan  1 04:37:00    154 user.notice kernel: UBI: attaching mtd4 to ubi1
Jan  1 04:37:00    155 user.notice kernel: UBI: physical eraseblock size:   131072 bytes (128 KiB)
Jan  1 04:37:00    156 user.notice kernel: UBI: logical eraseblock size:    129024 bytes
Jan  1 04:37:00    157 user.notice kernel: UBI: smallest flash I/O unit:    2048
Jan  1 04:37:00    158 user.notice kernel: UBI: sub-page size:              512
Jan  1 04:37:00    159 user.notice kernel: UBI: VID header offset:          512 (aligned 512)
Jan  1 04:37:00    160 user.notice kernel: UBI: data offset:                2048
Jan  1 04:37:00    161 user.info kernel: drivers/lf1000/i2s/main.c.audio_release() dev->isOpen=0
Jan  1 04:37:00    162 user.alert kernel: power_button_irq.468 Power button pressed
Jan  1 04:37:00    163 user.alert kernel: power_button_monitor_task.429 Power button released
Jan  1 04:37:01    164 local4.notice Emerald App: [0x6] Start ButtonPowerUSB Task ... !
Jan  1 04:37:01    165 local4.notice Emerald App: [0x6] Start Cartridge task ...!
Jan  1 04:37:01    166 user.notice kernel: UBI: attached mtd4 to ubi1
Jan  1 04:37:01    167 user.notice kernel: UBI: MTD device name:            "Bulk"
Jan  1 04:37:01    168 user.notice kernel: UBI: MTD device size:            416 MiB
Jan  1 04:37:01    169 user.notice kernel: UBI: number of good PEBs:        3327
Jan  1 04:37:01    170 user.notice kernel: UBI: number of bad PEBs:         1
Jan  1 04:37:01    171 user.notice kernel: UBI: max. allowed volumes:       128
Jan  1 04:37:01    172 user.notice kernel: UBI: wear-leveling threshold:    4096
Jan  1 04:37:01    173 user.notice kernel: UBI: number of internal volumes: 1
Jan  1 04:37:01    174 user.notice kernel: UBI: number of user volumes:     1
Jan  1 04:37:01    175 user.notice kernel: UBI: available PEBs:             0
Jan  1 04:37:01    176 user.notice kernel: UBI: total number of reserved PEBs: 3327
Jan  1 04:37:01    177 local4.notice Emerald Base: +++ 5.32 138 382 11 Bgn Mounting /LF/Bulk
Jan  1 04:37:01    178 user.notice kernel: UBIFS: mounted UBI device 1, volume 0, name "ubi_bulk"
Jan  1 04:37:01    179 user.notice kernel: UBIFS: file system size:   423069696 bytes (413154 KiB, 403 MiB, 3279 LEBs)
Jan  1 04:37:01    180 user.notice kernel: UBIFS: journal size:       9033728 bytes (8822 KiB, 8 MiB, 71 LEBs)
Jan  1 04:37:01    181 user.notice kernel: UBIFS: media format:       w4/r0 (latest is w4/r0)
Jan  1 04:37:01    182 user.notice kernel: UBIFS: default compressor: lzo
Jan  1 04:37:01    183 user.notice kernel: UBIFS: reserved for root:  0 bytes (0 KiB)
Jan  1 04:37:01    184 local4.notice Emerald App: [0x5] DisplayModule::InitModule: /dev/mlc base = 82E00000, size = 01200000
Jan  1 04:37:01    185 local4.notice Emerald App: [0x5] DisplayModule::InitModule: mapped base 82E00000, size 01200000 to 0x82e00000
Jan  1 04:37:01    186 local4.notice Emerald App: [0x5] DisplayModule::InitModule: mapped base A2E00000, size 01200000 to 0x4056d000
Jan  1 04:37:01    187 local4.notice Emerald App: [0x280] CAppManager::CAppManager ; LightningBase/Src/AppManager.cpp; 305; 31000
Jan  1 04:37:01    188 local4.crit Emerald App: [0x280] PowerShutdown detected during init
Jan  1 04:37:01    189 local4.notice Emerald App: [0x280] AppManager signal handler installed 
Jan  1 04:37:01    190 local4.notice Emerald App: [0x6] AddListener: added listener 0x16a30, number 1
Jan  1 04:37:01    191 local4.notice Emerald App: [0x280] Run: removing guest data at power on
Jan  1 04:37:02    192 local4.notice Emerald App: [0x1] EnableSpeaker: 1
Jan  1 04:37:02    193 user.info kernel: drivers/lf1000/i2s/main.c.audio_open() dev->isOpen=1
Jan  1 04:37:02    194 user.info kernel: setAudioRate: expected rate 32000Hz, actual: 32000Hz
Jan  1 04:37:02    195 user.info kernel: getAudioRate: sample rate: 32000Hz, divisor: 48, CLKGEN0: 0x000002F0
Jan  1 04:37:02    196 local4.notice Emerald App: [0x280] mCurrentTransition = kEmptyApp !
Jan  1 04:37:02    197 local4.alert Emerald App: [0x280] WARNING: The system is shutting down but AppManager is still updating. 	The game is probably handling the shutdown.
Jan  1 04:37:02    198 local4.crit Emerald App: [0x280] mPowerShutdownOccurred
Jan  1 04:37:02    199 local4.notice Emerald App: [0x280] mCurrentTransition = kReplaceAllWithApp !
Jan  1 04:37:02    200 local4.notice Emerald App: [0x0] Displaying the shutdown screen now.
Jan  1 04:37:02    201 local4.notice Emerald App: [0x0] (had to make our own screen context)
Jan  1 04:37:02    202 local4.notice Emerald App: [0x5] DisplayModule::CreateHandle: 0x82e00000
Jan  1 04:37:02    203 local4.alert Emerald App: [0x280] ::Run return mRestart:0
Jan  1 04:37:02    204 local4.notice Emerald App: [0x280] CAppManager::~CAppManager()
Jan  1 04:37:02    205 local4.notice Emerald App: [0x6] RemoveListener: removed listener 0x16a30, number 0
Jan  1 04:37:02    206 local4.notice Emerald App: [0x280] CAppManager::ExitPopUnloadApp()
Jan  1 04:37:02    207 user.info kernel: drivers/input/touchscreen/lf1000_ts.c.set_sample_rate_in_hz:624 sample_rate_in_jiffies=1
Jan  1 04:37:02    208 user.info kernel: drivers/input/touchscreen/lf1000_ts.c.set_debounce_in_samples_down:314 debounce_in_samples_down=4
Jan  1 04:37:02    209 user.info kernel: drivers/input/touchscreen/lf1000_ts.c.set_debounce_in_samples_up:350 debounce_in_samples_up=1
Jan  1 04:37:02    210 local4.notice Emerald App: [0x6] RemoveListener: could not remove listener 0x18ec8, number 0
Jan  1 04:37:02    211 user.info kernel: drivers/lf1000/i2s/main.c.audio_release() dev->isOpen=0
Jan  1 04:37:02    212 local4.notice Emerald App: [0x6] RemoveListener: could not remove listener 0x16a30, number 0
Jan  1 04:37:02    213 local4.notice Emerald App: [0x0] Calling Shutdown().
Jan  1 04:37:02    214 local4.notice Emerald App: [0x5] DisplayModule::InitModule: /dev/mlc base = 82E00000, size = 01200000
Jan  1 04:37:02    215 local4.notice Emerald App: [0x5] DisplayModule::InitModule: mapped base 82E00000, size 01200000 to 0x82e00000
Jan  1 04:37:02    216 local4.notice Emerald App: [0x5] DisplayModule::InitModule: mapped base A2E00000, size 01200000 to 0x4056d000
Jan  1 04:37:02    217 local4.notice Emerald App: [0x5] DisplayModule::CreateHandle: 0x4166d000
Jan  1 04:37:02    218 local4.notice Emerald App: [0x1] EnableSpeaker: 1
Jan  1 04:37:02    219 user.info kernel: drivers/lf1000/i2s/main.c.audio_open() dev->isOpen=1
Jan  1 04:37:02    220 user.info kernel: setAudioRate: expected rate 32000Hz, actual: 32000Hz
Jan  1 04:37:02    221 user.info kernel: getAudioRate: sample rate: 32000Hz, divisor: 48, CLKGEN0: 0x000002F0
Jan  1 04:37:02    222 local4.crit Emerald App: [0xd] VideoTask Started...
Jan  1 04:37:04    223 local4.crit Emerald App: [0xd] VideoTask Stopping...
Jan  1 04:37:04    224 local4.notice Emerald App: [0x6] RemoveListener: could not remove listener 0xbb088, number 0
Jan  1 04:37:04    225 user.info kernel: drivers/lf1000/i2s/main.c.audio_release() dev->isOpen=0
Jan  1 04:37:04    226 local4.notice Emerald App: [0x5] DisplayModule::DestroyHandle: 0x4166d000
Jan  1 04:37:04    227 local4.alert Emerald App: [0xe] PowerMPI::Shutdown poweroff
Jan  1 04:37:04    228 local2.notice sudo:     game : TTY=unknown ; PWD=/LF ; USER=root ; COMMAND=/sbin/poweroff
Jan  1 04:37:04    229 local4.notice /usr/bin/app: AppManager exit(0) count=1 uptime=7
Jan  1 04:37:04    230 local4.notice Emerald Base: Shutdown requested, exit AppManager launch loop
Jan  1 04:37:04    231 local4.notice Emerald Base: Stopping vbus-monitor ...
Jan  1 04:37:04    232 local4.notice Emerald Base: Stopping /etc/init.d/networking ...
Jan  1 04:37:04    233 local4.notice Emerald Base: Stopping Ethernet USB driver ...
Jan  1 04:37:05    234 local4.notice Emerald Base: Stopping system logging ... !
Jan  1 04:37:05    235 user.notice kernel: klogd: exiting
Jan  1 04:37:05    236 syslog.info syslogd exiting
Apr 28 00:00:36      0 syslog.info syslogd started: BusyBox v1.13.2---1
Apr 28 00:00:36      1 local4.notice Recovery Keep-Alives: boot_image=PLAY boot_source=NOR panic=0 power=COLD request=BATTERY shutdown=DIRTY raw=0003E25D
Apr 28 00:00:36      2 user.notice kernel: klogd started: BusyBox v1.13.2 (2010-03-16 15:24:13 PDT)
Apr 28 00:00:36      3 user.notice kernel: Linux version 2.6.31-leapfrog (lfu@lightning-release) (gcc version 4.1.1) #37 Fri Mar 26 16:44:07 PDT 2010
Apr 28 00:00:36      4 user.warn kernel: CPU: ARM926EJ-S [41069265] revision 5 (ARMv5TEJ), cr=00053177
Apr 28 00:00:36      5 user.warn kernel: CPU: VIVT data cache, VIVT instruction cache
Apr 28 00:00:36      6 user.warn kernel: Machine: ARM-LF1000
Apr 28 00:00:36      7 user.warn kernel: Memory policy: ECC disabled, Data cache writeback
Apr 28 00:00:36      8 user.debug kernel: On node 0 totalpages: 11776
Apr 28 00:00:36      9 user.debug kernel: free_area_init_node: node 0, pgdat c03492dc, node_mem_map c037e000
Apr 28 00:00:36     10 user.debug kernel:   Normal zone: 92 pages used for memmap
Apr 28 00:00:36     11 user.debug kernel:   Normal zone: 0 pages reserved
Apr 28 00:00:36     12 user.debug kernel:   Normal zone: 11684 pages, LIFO batch:1
Apr 28 00:00:36     13 user.info kernel: lf1000_oscvco_set.60 pll 0, not changed already set to 0x00DF2100
Apr 28 00:00:36     14 user.warn kernel: PLL0=393.218109 MHz   
Apr 28 00:00:36     15 user.info kernel: lf1000_oscvco_set.50  changing pll 1, old=0x000C4002, new=0x0024C402
Apr 28 00:00:36     16 user.warn kernel: PLL1=147.000 MHz   Built 1 zonelists in Zone order, mobility grouping on.  Total pages: 11684
Apr 28 00:00:36     17 user.notice kernel: Kernel command line: init=/sbin/init console=ttyS0,115200 loglevel=2 mem=46M mlc_fb=0x82E00000,0x01200000 ram=0x80000000-0x83FFFFFF screen_module=ILI9322 root=ubi0_0 rw rootfstype=ubifs ubi.mtd=RFS 
Apr 28 00:00:36     18 user.warn kernel: PID hash table entries: 256 (order: 8, 1024 bytes)
Apr 28 00:00:36     19 user.info kernel: Dentry cache hash table entries: 8192 (order: 3, 32768 bytes)
Apr 28 00:00:36     20 user.info kernel: Inode-cache hash table entries: 4096 (order: 2, 16384 bytes)
Apr 28 00:00:36     21 user.info kernel: Memory: 46MB = 46MB total
Apr 28 00:00:36     22 user.notice kernel: Memory: 43064KB available (3028K code, 323K data, 104K init, 0K highmem)
Apr 28 00:00:36     23 user.info kernel: NR_IRQS:42
Apr 28 00:00:36     24 user.warn kernel: TIM0=  4.593 MHz   TIM1=  4.593 MHz   TIM2=  4.593 MHz   TIM3=  4.593 MHz   TIM4=  4.593 MHz   
Apr 28 00:00:36     25 user.info kernel: console [ttyS0] enabled
Apr 28 00:00:36     26 user.info kernel: Calibrating delay loop (skipped) preset value.. 786.43 BogoMIPS (lpj=3932181)
Apr 28 00:00:36     27 user.warn kernel: Mount-cache hash table entries: 512
Apr 28 00:00:36     28 user.info kernel: CPU: Testing write buffer coherency: ok
Apr 28 00:00:36     29 user.info kernel: NET: Registered protocol family 16
Apr 28 00:00:36     30 user.warn kernel: bio: create slab <bio-0> at 0
Apr 28 00:00:36     31 user.info kernel: usbcore: registered new interface driver usbfs
Apr 28 00:00:36     32 user.info kernel: usbcore: registered new interface driver hub
Apr 28 00:00:36     33 user.info kernel: usbcore: registered new device driver usb
Apr 28 00:00:36     34 user.info kernel: NET: Registered protocol family 2
Apr 28 00:00:36     35 user.info kernel: IP route cache hash table entries: 1024 (order: 0, 4096 bytes)
Apr 28 00:00:36     36 user.info kernel: TCP established hash table entries: 2048 (order: 2, 16384 bytes)
Apr 28 00:00:36     37 user.info kernel: TCP bind hash table entries: 2048 (order: 1, 8192 bytes)
Apr 28 00:00:36     38 user.info kernel: TCP: Hash tables configured (established 2048 bind 2048)
Apr 28 00:00:36     39 user.info kernel: TCP reno registered
Apr 28 00:00:36     40 user.info kernel: NET: Registered protocol family 1
Apr 28 00:00:36     41 user.info kernel: arch/arm/mach-lf1000/gpio_main.c.check_for_touchscreen:1381 found touchscreen
Apr 28 00:00:36     42 user.info kernel: Reading Board ID =  2
Apr 28 00:00:36     43 user.info kernel: JFFS2 version 2.2. (NAND) (SUMMARY)  Â© 2001-2006 Red Hat, Inc.
Apr 28 00:00:36     44 user.info kernel: msgmni has been set to 84
Apr 28 00:00:36     45 user.info kernel: alg: No test for stdrng (krng)
Apr 28 00:00:36     46 user.info kernel: io scheduler noop registered
Apr 28 00:00:36     47 user.info kernel: io scheduler deadline registered (default)
Apr 28 00:00:36     48 user.info kernel: Serial: 8250/16550 driver $Revision: 1.90 $ 4 ports, IRQ sharing disabled
Apr 28 00:00:36     49 user.info kernel: serial8250: ttyS0 at MMIO 0x0 (irq = 10) is a 8250
Apr 28 00:00:36     50 user.info kernel: serial8250: ttyS1 at MMIO 0x0 (irq = 34) is a 8250
Apr 28 00:00:36     51 user.info kernel: serial8250: ttyS2 at MMIO 0x0 (irq = 35) is a 8250
Apr 28 00:00:36     52 user.info kernel: serial8250: ttyS3 at MMIO 0x0 (irq = 36) is a 8250
Apr 28 00:00:36     53 user.info kernel: brd: module loaded
Apr 28 00:00:36     54 user.info kernel: loop: module loaded
Apr 28 00:00:36     55 user.info kernel: ohci_hcd: USB 1.1 'Open' Host Controller (OHCI) Driver
Apr 28 00:00:36     56 user.warn kernel: usb_hcd_lf1000_probe^M
Apr 28 00:00:36     57 user.warn kernel: hcd->regs: xc30be000
Apr 28 00:00:36     58 user.debug kernel: drivers/usb/host/ohci-lf1000.clf1000_start_hc
Apr 28 00:00:36     59 user.debug kernel: drivers/usb/host/ohci-lf1000.clf1000_start_hc returns
Apr 28 00:00:36     60 user.warn kernel: before ohci_hcd_init()
Apr 28 00:00:36     61 user.warn kernel: after ohci_hcd_init()^M
Apr 28 00:00:36     62 user.info kernel: lf1000-ohci lf1000-ohci: LF1000 OHCI
Apr 28 00:00:36     63 user.info kernel: lf1000-ohci lf1000-ohci: new USB bus registered, assigned bus number 1
Apr 28 00:00:36     64 user.info kernel: lf1000-ohci lf1000-ohci: irq 28, io mem 0xc000d000
Apr 28 00:00:36     65 user.warn kernel: ohci->regs: xc30be000
Apr 28 00:00:36     66 user.warn kernel: &ohci->regs->control: xc30be004
Apr 28 00:00:36     67 user.warn kernel: ioread32(&ohci->regs->control): 0x0
Apr 28 00:00:36     68 user.warn kernel: after hcd->driver->start
Apr 28 00:00:36     69 user.info kernel: usb usb1: configuration #1 chosen from 1 choice
Apr 28 00:00:36     70 user.info kernel: hub 1-0:1.0: USB hub found
Apr 28 00:00:36     71 user.info kernel: hub 1-0:1.0: 2 ports detected
Apr 28 00:00:36     72 user.warn kernel: usb_add_hcd() returns 0
Apr 28 00:00:36     73 user.warn kernel: after usb_add_hcd()^M
Apr 28 00:00:36     74 user.warn kernel: usb_hcd_lf1000_probe returns^M
Apr 28 00:00:36     75 user.warn kernel: IRQ 31/lf1000-rtc: IRQF_DISABLED is not guaranteed on shared IRQs
Apr 28 00:00:36     76 user.debug kernel: lf1000-rtc: dev (254:0)
Apr 28 00:00:36     77 user.info kernel: lf1000-rtc lf1000-rtc: rtc core: registered lf1000-rtc as rtc0
Apr 28 00:00:36     78 user.info kernel: LF1000 Real Time Clock driver.
Apr 28 00:00:36     79 user.info kernel: i2c /dev entries driver
Apr 28 00:00:36     80 user.info kernel: Software Watchdog Timer: 0.07 initialized. soft_noboot=0 soft_margin=60 sec (nowayout= 0)
Apr 28 00:00:36     81 user.info kernel: usbcore: registered new interface driver usbhid
Apr 28 00:00:36     82 user.info kernel: usbhid: v2.6:USB HID core driver
Apr 28 00:00:36     83 user.info kernel: setAudioRate: expected rate 32000Hz, actual: 32000Hz
Apr 28 00:00:36     84 user.notice kernel: *** MLC mlc_fb_addr=82e00000 size=01200000 fb[0]=82e00000 ***
Apr 28 00:00:36     85 user.info kernel: lf1000-dpc driver
Apr 28 00:00:36     86 user.warn kernel: dpc: PWM clock rate is 9800000
Apr 28 00:00:36     87 user.debug kernel: idct: start=C000F800, end=C000FFC4
Apr 28 00:00:36     88 user.debug kernel: idct: mem=c30e8800
Apr 28 00:00:36     89 user.info kernel: input: LF1000 USB as /class/input/input0
Apr 28 00:00:36     90 user.info kernel: Cartridge hot swap supported 
Apr 28 00:00:36     91 user.info kernel: nand_get_flash_type(...): Manu_ID = 2c, Dev_ID = dc 
Apr 28 00:00:36     92 user.info kernel: NAND device: Manufacturer ID: 0x2c, Chip ID: 0xdc (Micron NAND 512MiB 3,3V 8-bit)
Apr 28 00:00:36     93 user.err kernel: I: chip->options & NAND_NO_SUBPAGE_WRITE = 0
Apr 28 00:00:36     94 user.err kernel: I: chip->options & NAND_CI_CELLTYPE_MSK = 0
Apr 28 00:00:36     95 user.err kernel: I: ecc.steps = 8
Apr 28 00:00:36     96 user.err kernel: I: mtd=c2966400 mtd->subpage_sft = 2
Apr 28 00:00:36     97 user.info kernel: Scanning device for bad blocks
Apr 28 00:00:36     98 user.warn kernel: Bad eraseblock 1642 at 0x00000cd40000
Apr 28 00:00:36     99 user.notice kernel: UBI: VID header offset:          512 (aligned 512)
Apr 28 00:00:36    100 user.notice kernel: UBI: data offset:                2048
Apr 28 00:00:36    101 user.notice kernel: UBI: attached mtd3 to ubi0
Apr 28 00:00:36    102 user.notice kernel: UBI: MTD device name:            "RFS"
Apr 28 00:00:36    103 user.notice kernel: UBI: MTD device size:            86 MiB
Apr 28 00:00:36    104 user.notice kernel: UBI: number of good PEBs:        688
Apr 28 00:00:36    105 user.notice kernel: UBI: number of bad PEBs:         0
Apr 28 00:00:36    106 user.notice kernel: UBI: max. allowed volumes:       128
Apr 28 00:00:36    107 user.notice kernel: UBI: wear-leveling threshold:    4096
Apr 28 00:00:36    108 user.notice kernel: UBI: number of internal volumes: 1
Apr 28 00:00:36    109 user.notice kernel: UBI: number of user volumes:     1
Apr 28 00:00:36    110 user.notice kernel: UBI: available PEBs:             0
Apr 28 00:00:36    111 user.notice kernel: UBI: total number of reserved PEBs: 688
Apr 28 00:00:36    112 user.notice kernel: UBI: number of PEBs reserved for bad PEB handling: 6
Apr 28 00:00:36    113 user.notice kernel: UBI: max/mean erase counter: 25/7
Apr 28 00:00:36    114 user.notice kernel: UBI: image sequence number: 0
Apr 28 00:00:36    115 user.notice kernel: UBI: background thread "ubi_bgt0d" started, PID 711
Apr 28 00:00:36    116 user.alert kernel: lf1000_power_probe.647
Apr 28 00:00:36    117 user.info kernel: input: Power Button as /class/input/input1
Apr 28 00:00:36    118 user.alert kernel: lf1000_power_probe.717 initial battery reading is :5627
Apr 28 00:00:36    119 user.info kernel: input: LF1000 Keyboard as /class/input/input2
Apr 28 00:00:42    120 local4.notice Emerald Base: +++ 8.05 21 181 602 Bgn AppManager
Apr 28 00:00:42    121 auth.notice su: + none root:game
Apr 28 00:00:42    122 user.info kernel: drivers/lf1000/i2s/main.c.audio_open() dev->isOpen=1
Apr 28 00:00:42    123 user.info kernel: setAudioRate: expected rate 32000Hz, actual: 32000Hz
Apr 28 00:00:42    124 user.info kernel: getAudioRate: sample rate: 32000Hz, divisor: 48, CLKGEN0: 0x000002F0
Apr 28 00:00:42    125 local4.notice Emerald Base: Use ADC settings from NOR 33 2026
Apr 28 00:00:42    126 local4.notice Emerald Base: Starting Ethernet USB driver ...
Apr 28 00:00:43    127 user.info kernel: usb0: MAC 80:38:fd:04:f6:57
Apr 28 00:00:43    128 user.info kernel: usb0: HOST MAC 80:38:fd:84:f6:57
Apr 28 00:00:43    129 user.info kernel: g_ether gadget: Ethernet Gadget, version: Veterans Day 2009
Apr 28 00:00:43    130 user.info kernel: g_ether gadget: g_ether ready
Apr 28 00:00:43    131 local4.notice Emerald Base: Starting touch screen driver ...
Apr 28 00:00:43    132 user.info kernel: input: LF1000 touchscreen interface as /class/input/input3
Apr 28 00:00:43    133 local4.notice Emerald Base: setcal: Using USERCAL in /flags/pointercal -33242 -632 28392732 -633 -28679 23140057 65536
Apr 28 00:00:43    134 user.info kernel: drivers/input/touchscreen/lf1000_ts.c.set_a0:470 a[0]=28392732
Apr 28 00:00:43    135 user.info kernel: drivers/input/touchscreen/lf1000_ts.c.set_a1:491 a[1]=-33242
Apr 28 00:00:43    136 user.info kernel: drivers/input/touchscreen/lf1000_ts.c.set_a2:513 a[2]=-632
Apr 28 00:00:43    137 user.info kernel: drivers/input/touchscreen/lf1000_ts.c.set_a3:535 a[3]=23140057
Apr 28 00:00:43    138 user.info kernel: drivers/input/touchscreen/lf1000_ts.c.set_a4:556 a[4]=-633
Apr 28 00:00:43    139 user.info kernel: drivers/input/touchscreen/lf1000_ts.c.set_a5:577 a[5]=-28679
Apr 28 00:00:43    140 user.info kernel: drivers/input/touchscreen/lf1000_ts.c.set_a6:598 a[6]=65536
Jan  1 01:01:00    141 user.debug kernel: lf1000_rtc_ioctl(): cmd=4024700a, arg=bee54bb8.
Jan  1 01:01:00    142 user.debug kernel: lf1000_rtc_settime(): 2008-00-01 01:01:00
Jan  1 01:01:00    143 user.debug kernel: lf1000_rtc_ioctl(): cmd=00007004, arg=00000000.
Jan  1 01:01:00    144 user.info kernel: drivers/lf1000/i2s/main.c.audio_release() dev->isOpen=0
Jan  1 01:01:00    145 local4.notice Emerald Base: +++ 10.01 103 295 602 Bgn Attaching Bulk
Jan  1 01:01:00    146 user.notice kernel: UBI: attaching mtd4 to ubi1
Jan  1 01:01:00    147 user.notice kernel: UBI: physical eraseblock size:   131072 bytes (128 KiB)
Jan  1 01:01:00    148 user.notice kernel: UBI: logical eraseblock size:    129024 bytes
Jan  1 01:01:00    149 user.notice kernel: UBI: smallest flash I/O unit:    2048
Jan  1 01:01:00    150 user.notice kernel: UBI: sub-page size:              512
Jan  1 01:01:00    151 user.notice kernel: UBI: VID header offset:          512 (aligned 512)
Jan  1 01:01:00    152 user.notice kernel: UBI: data offset:                2048
Jan  1 01:01:01    153 local4.notice Emerald App: [0x6] Start ButtonPowerUSB Task ... !
Jan  1 01:01:01    154 local4.notice Emerald App: [0x6] Start Cartridge task ...!
Jan  1 01:01:01    155 user.notice kernel: UBI: attached mtd4 to ubi1
Jan  1 01:01:01    156 user.notice kernel: UBI: MTD device name:            "Bulk"
Jan  1 01:01:01    157 user.notice kernel: UBI: MTD device size:            416 MiB
Jan  1 01:01:01    158 user.notice kernel: UBI: number of good PEBs:        3327
Jan  1 01:01:01    159 user.notice kernel: UBI: number of bad PEBs:         1
Jan  1 01:01:01    160 user.notice kernel: UBI: max. allowed volumes:       128
Jan  1 01:01:01    161 user.notice kernel: UBI: wear-leveling threshold:    4096
Jan  1 01:01:01    162 user.notice kernel: UBI: number of internal volumes: 1
Jan  1 01:01:01    163 user.notice kernel: UBI: number of user volumes:     1
Jan  1 01:01:01    164 user.notice kernel: UBI: available PEBs:             0
Jan  1 01:01:01    165 user.notice kernel: UBI: total number of reserved PEBs: 3327
Jan  1 01:01:01    166 local4.notice Emerald Base: +++ 11.23 134 385 602 Bgn Mounting /LF/Bulk
Jan  1 01:01:01    167 user.notice kernel: UBIFS: mounted UBI device 1, volume 0, name "ubi_bulk"
Jan  1 01:01:01    168 user.notice kernel: UBIFS: file system size:   423069696 bytes (413154 KiB, 403 MiB, 3279 LEBs)
Jan  1 01:01:01    169 user.notice kernel: UBIFS: journal size:       9033728 bytes (8822 KiB, 8 MiB, 71 LEBs)
Jan  1 01:01:01    170 user.notice kernel: UBIFS: media format:       w4/r0 (latest is w4/r0)
Jan  1 01:01:01    171 user.notice kernel: UBIFS: default compressor: lzo
Jan  1 01:01:01    172 user.notice kernel: UBIFS: reserved for root:  0 bytes (0 KiB)
Jan  1 01:01:01    173 local4.notice Emerald App: [0x5] DisplayModule::InitModule: /dev/mlc base = 82E00000, size = 01200000
Jan  1 01:01:01    174 local4.notice Emerald App: [0x5] DisplayModule::InitModule: mapped base 82E00000, size 01200000 to 0x82e00000
Jan  1 01:01:01    175 local4.notice Emerald App: [0x5] DisplayModule::InitModule: mapped base A2E00000, size 01200000 to 0x4056d000
Jan  1 01:01:01    176 local4.notice Emerald App: [0x280] CAppManager::CAppManager ; LightningBase/Src/AppManager.cpp; 305; 31004
Jan  1 01:01:01    177 local4.notice Emerald App: [0x280] Shutdown Timer set for 12000 [ms] timeout
Jan  1 01:01:01    178 local4.notice Emerald App: [0x280] USB Device Watchdog set for 12 [sec] timeout
Jan  1 01:01:01    179 local4.notice Emerald App: [0x280] AppManager signal handler installed 
Jan  1 01:01:01    180 local4.notice Emerald App: [0x6] AddListener: added listener 0x16a30, number 1
Jan  1 01:01:01    181 local4.notice Emerald App: [0x280] Run Cold boot, resetting RTCAccuracy
Jan  1 01:01:01    182 local4.crit Emerald App: [0xf] fopenAtomic(/LF/Bulk/settings.cfg) returning 0x00018bd0
Jan  1 01:01:01    183 local4.crit Emerald App: [0xf] fcloseAtomic returning 0
Jan  1 01:01:02    184 local4.notice Emerald App: [0x1] EnableSpeaker: 1
Jan  1 01:01:02    185 user.info kernel: drivers/lf1000/i2s/main.c.audio_open() dev->isOpen=1
Jan  1 01:01:02    186 user.info kernel: setAudioRate: expected rate 32000Hz, actual: 32000Hz
Jan  1 01:01:02    187 user.info kernel: getAudioRate: sample rate: 32000Hz, divisor: 48, CLKGEN0: 0x000002F0
Jan  1 01:01:02    188 local4.notice Emerald App: [0x280] mCurrentTransition = kLoginApp !
Jan  1 01:01:02    189 local4.notice Emerald App: [0x0] EnumDeviceCallback: /sys/class/usb_device/usbdev1.1: 1D6B0001
Jan  1 01:01:02    190 local4.notice Emerald App: [0x280] PushApp Start: L3X/main.swf; LightningBase/Src/AppManager.cpp; 704; 30320
Jan  1 01:01:02    191 local4.notice Emerald App: [0x280] LoadNewApp path = /LF/Base/L3X/main.swf
Jan  1 01:01:02    192 local4.notice Emerald App: [0x280] LoadNewApp: before; /LF/Base/L3X/main.swf; 1176; 30304
Jan  1 01:01:02    193 user.info kernel: drivers/input/touchscreen/lf1000_ts.c.set_sample_rate_in_hz:624 sample_rate_in_jiffies=1
Jan  1 01:01:02    194 user.info kernel: drivers/input/touchscreen/lf1000_ts.c.set_debounce_in_samples_down:314 debounce_in_samples_down=4
Jan  1 01:01:02    195 user.info kernel: drivers/input/touchscreen/lf1000_ts.c.set_debounce_in_samples_up:350 debounce_in_samples_up=1
Jan  1 01:01:02    196 local4.notice Emerald App: [0x280] LoadNewApp: after ; /LF/Base/L3X/main.swf; 1248; 29356
Jan  1 01:01:02    197 local4.notice Emerald App: [0x280] PushApp Done: L3X/main.swf; LightningBase/Src/AppManager.cpp; 706; 29356
Jan  1 01:01:02    198 local4.notice Emerald App: [0x280] mCurrentTransition = kPushApp !
Jan  1 01:01:02    199 local4.notice Emerald App: [0x6] AddListener: added listener 0x17298, number 2
Jan  1 01:01:02    200 local4.notice Emerald App: [0x6] AddListener: added listener 0x172dc, number 3
Jan  1 01:01:02    201 local4.notice Emerald App: [0x5] DisplayModule::CreateHandle: 0x82e00000
Jan  1 01:01:05    202 local4.notice Emerald App: [0x200] SystemPlugin::SetTouchscreenSampleRate( 50 ): true
Jan  1 01:01:05    203 local4.notice Emerald App: [0x200] AppManagerPlugin::isBaseAppRelaunch, FALSE
Jan  1 01:01:05    204 local4.notice Emerald App: [0x200] SystemPlugin::IsLFPlatform(): true
Jan  1 01:01:05    205 local4.notice Emerald App: [0x200] SystemPlugin::SetDidjLegacyFlag( 0 )
Jan  1 01:01:05    206 local4.notice Emerald App: [0x200] AppManagerPlugin::isBaseAppRelaunch, FALSE
Jan  1 01:01:09    207 local4.notice Emerald App: [0x13] CartManager started !
Jan  1 01:01:09    208 local4.notice Emerald Base: Starting /etc/init.d/networking ...
Jan  1 01:01:09    209 local4.notice Emerald Base: /etc/init.d/networking: /flags/developer: forcing static IP
Jan  1 01:01:09    210 daemon.info avahi-daemon[872]: Found user 'avahi' (UID 1102) and group 'avahi' (GID 1102).
Jan  1 01:01:09    211 daemon.info avahi-daemon[872]: Successfully dropped root privileges.
Jan  1 01:01:09    212 daemon.info avahi-daemon[872]: avahi-daemon 0.6.24 starting up.
Jan  1 01:01:09    213 daemon.warn avahi-daemon[872]: WARNING: No NSS support for mDNS detected, consider installing nss-mdns!
Jan  1 01:01:10    214 daemon.warn avahi-daemon[872]: Failed to open /etc/resolv.conf: No such file or directory
Jan  1 01:01:10    215 daemon.info avahi-daemon[872]: Loading service file /etc/avahi/services/ftp.service.
Jan  1 01:01:10    216 daemon.info avahi-daemon[872]: Loading service file /etc/avahi/services/sftp-ssh.service.
Jan  1 01:01:10    217 daemon.info avahi-daemon[872]: Loading service file /etc/avahi/services/ssh.service.
Jan  1 01:01:10    218 daemon.info avahi-daemon[872]: Joining mDNS multicast group on interface usb0.IPv4 with address 10.0.0.2.
Jan  1 01:01:10    219 daemon.info avahi-daemon[872]: New relevant interface usb0.IPv4 for mDNS.
Jan  1 01:01:10    220 daemon.info avahi-daemon[872]: Network interface enumeration completed.
Jan  1 01:01:10    221 daemon.info avahi-daemon[872]: Registering new address record for 10.0.0.2 on usb0.IPv4.
Jan  1 01:01:10    222 daemon.info avahi-daemon[872]: Registering HINFO record with values 'ARMV5TEJL'/'LINUX'.
Jan  1 01:01:10    223 local4.notice Emerald Base: Starting vbus-monitor ...
Jan  1 01:01:10    224 local4.notice vbus-actions: VBUS went low; stop DFTP
Jan  1 01:01:10    225 local4.notice Emerald Base: Stopping DFTP ...
Jan  1 01:01:11    226 daemon.info avahi-daemon[872]: Server startup complete. Host name is LB-Explorer-0614170001021004F657.local. Local service cookie is 339020839.
Jan  1 01:01:11    227 auth.info sshd[910]: Server listening on 0.0.0.0 port 22.
Jan  1 01:01:11    228 local4.notice Emerald Base: starting telnetd, vsftpd, and sshd
Jan  1 01:01:12    229 daemon.info avahi-daemon[872]: Service "LB-Explorer-0614170001021004F657" (/etc/avahi/services/ssh.service) successfully established.
Jan  1 01:01:12    230 daemon.info avahi-daemon[872]: Service "SFTP File Transfer on LB-Explorer-0614170001021004F657" (/etc/avahi/services/sftp-ssh.service) successfully established.
Jan  1 01:01:12    231 daemon.info avahi-daemon[872]: Service "FTP Transfer on LB-Explorer-0614170001021004F657" (/etc/avahi/services/ftp.service) successfully established.
Jan  1 01:01:13    232 local4.notice Emerald Base: hostname:         'LB-Explorer-0614170001021004F657'
Jan  1 01:01:13    233 local4.notice Emerald Base: Board ID:         '2'
Jan  1 01:01:14    234 local4.notice Emerald Base: NOR BootVersion:  '2.0.20.0001'
Jan  1 01:01:14    235 local4.notice Emerald Base: NOR SerialNumber: '0614170001021004F657'
Jan  1 01:01:14    236 local4.notice Emerald Base: NAND BootVersion: '1.0.8.6905'
Jan  1 01:01:14    237 local4.notice Emerald Base: Firmware Release Version: 1.0.8-6905
Jan  1 01:01:14    238 local4.notice Emerald Base: Base bin Version: "1.0.8.5070"^M
Jan  1 01:01:14    239 local4.notice Emerald Base: Base lib Version: "1.0.8.5190"^M
Jan  1 01:01:14    240 local4.notice Emerald Base: Base L3X Version: "1.0.8.5154"^M
Jan  1 01:01:14    241 local4.notice Emerald Base: Base Brio Version: "1.0.8.6905"^M
Jan  1 01:03:04    242 local4.notice Emerald App: [0x280] Screen brightness set for low power ! 
Jan  1 01:03:48    243 local4.notice Emerald App: [0x280] Screen brightness set to normal ! 
Jan  1 01:03:50    244 local4.alert Emerald App: [0x280] setting mPowerShutdownOccurred = true
Jan  1 01:03:50    245 local4.notice Emerald App: [0x8] CreateTimer tTimerHndl=0x175a28 callback=0x40540088 SIGRT34
Jan  1 01:03:50    246 user.alert kernel: power_button_irq.468 Power button pressed
Jan  1 01:03:50    247 local4.crit Emerald App: [0x280] mPowerShutdownOccurred
Jan  1 01:03:50    248 local4.notice Emerald App: [0x280] mCurrentTransition = kReplaceAllWithApp !
Jan  1 01:03:50    249 local4.notice Emerald App: [0x280] CAppManager::ExitPopUnloadApp()
Jan  1 01:03:51    250 local4.alert Emerald App: [0x280] setting mPowerShutdownOccurred = true
Jan  1 01:03:51    251 local4.notice Emerald App: [0x8] CreateTimer tTimerHndl=0x3c200 callback=0x40540088 SIGRT35
Jan  1 01:03:51    252 user.alert kernel: power_button_monitor_task.429 Power button released
Jan  1 01:03:51    253 local4.notice Emerald App: [0x6] RemoveListener: removed listener 0x172dc, number 2
Jan  1 01:03:51    254 local4.notice Emerald App: [0x6] RemoveListener: removed listener 0x17298, number 1
Jan  1 01:03:51    255 local4.notice Emerald App: [0x5] DisplayModule::DestroyHandle: 0x82e00000
Jan  1 01:03:51    256 local4.notice Emerald App: [0x6] RemoveListener: could not remove listener 0x172dc, number 1
Jan  1 01:03:51    257 local4.notice Emerald App: [0x6] RemoveListener: could not remove listener 0x17298, number 1
Jan  1 01:03:51    258 local4.notice Emerald App: [0x280] ExitPopUnloadApp: before; /LF/Base/L3X/; 1301; 21536
Jan  1 01:03:51    259 local4.notice Emerald App: [0x280] ExitPopUnloadApp: before UnloadModule /LF/Base/L3X/
Jan  1 01:03:51    260 user.info kernel: drivers/input/touchscreen/lf1000_ts.c.set_sample_rate_in_hz:624 sample_rate_in_jiffies=1
Jan  1 01:03:51    261 user.info kernel: drivers/input/touchscreen/lf1000_ts.c.set_debounce_in_samples_down:314 debounce_in_samples_down=4
Jan  1 01:03:51    262 user.info kernel: drivers/input/touchscreen/lf1000_ts.c.set_debounce_in_samples_up:350 debounce_in_samples_up=1
Jan  1 01:03:51    263 local4.notice Emerald App: [0x280] ExitPopUnloadApp: module unloaded 202400
Jan  1 01:03:51    264 local4.notice Emerald App: [0x280] ExitPopUnloadApp: after ; /LF/Base/L3X/; 1307; 21624
Jan  1 01:03:51    265 local4.crit Emerald App: [0x280] ExitPopUnloadApp: OGL context still active after unloading
Jan  1 01:03:51    266 local4.crit Emerald App: [0x280] ExitPopUnloadApp: aborting all Atomic I/O with fabortAllAtomic
Jan  1 01:03:51    267 local4.crit Emerald App: [0xf] fabortAllAtomic: aborted 0 files
Jan  1 01:03:51    268 local4.notice Emerald App: [0x0] Displaying the shutdown screen now.
Jan  1 01:03:51    269 local4.notice Emerald App: [0x0] (had to make our own screen context)
Jan  1 01:03:51    270 local4.notice Emerald App: [0x5] DisplayModule::CreateHandle: 0x82e00000
Jan  1 01:03:51    271 local4.alert Emerald App: [0x280] ::Run return mRestart:0
Jan  1 01:03:51    272 local4.notice Emerald App: [0x280] CAppManager::~CAppManager()
Jan  1 01:03:51    273 local4.notice Emerald App: [0x6] RemoveListener: removed listener 0x16a30, number 0
Jan  1 01:03:51    274 local4.notice Emerald App: [0x280] CAppManager::ExitPopUnloadApp()
Jan  1 01:03:51    275 user.info kernel: drivers/input/touchscreen/lf1000_ts.c.set_sample_rate_in_hz:624 sample_rate_in_jiffies=1
Jan  1 01:03:51    276 user.info kernel: drivers/input/touchscreen/lf1000_ts.c.set_debounce_in_samples_down:314 debounce_in_samples_down=4
Jan  1 01:03:51    277 user.info kernel: drivers/input/touchscreen/lf1000_ts.c.set_debounce_in_samples_up:350 debounce_in_samples_up=1
Jan  1 01:03:51    278 user.info kernel: drivers/lf1000/i2s/main.c.audio_release() dev->isOpen=0
Jan  1 01:03:51    279 local4.notice Emerald App: [0x6] RemoveListener: could not remove listener 0x18ec8, number 0
Jan  1 01:03:51    280 local4.notice Emerald App: [0x6] RemoveListener: could not remove listener 0x16a30, number 0
Jan  1 01:03:51    281 local4.notice Emerald App: [0x0] Calling Shutdown().
Jan  1 01:03:51    282 local4.notice Emerald App: [0x5] DisplayModule::InitModule: /dev/mlc base = 82E00000, size = 01200000
Jan  1 01:03:51    283 local4.notice Emerald App: [0x5] DisplayModule::InitModule: mapped base 82E00000, size 01200000 to 0x82e00000
Jan  1 01:03:51    284 local4.notice Emerald App: [0x5] DisplayModule::InitModule: mapped base A2E00000, size 01200000 to 0x4056d000
Jan  1 01:03:51    285 local4.notice Emerald App: [0x5] DisplayModule::CreateHandle: 0x4166d000
Jan  1 01:03:51    286 local4.notice Emerald App: [0x1] EnableSpeaker: 1
Jan  1 01:03:51    287 user.info kernel: drivers/lf1000/i2s/main.c.audio_open() dev->isOpen=1
Jan  1 01:03:51    288 user.info kernel: setAudioRate: expected rate 32000Hz, actual: 32000Hz
Jan  1 01:03:51    289 user.info kernel: getAudioRate: sample rate: 32000Hz, divisor: 48, CLKGEN0: 0x000002F0
Jan  1 01:03:51    290 local4.crit Emerald App: [0xd] VideoTask Started...
Jan  1 01:03:53    291 local4.crit Emerald App: [0xd] VideoTask Stopping...
Jan  1 01:03:53    292 local4.notice Emerald App: [0x6] RemoveListener: could not remove listener 0x1d490, number 0
Jan  1 01:03:53    293 user.info kernel: drivers/lf1000/i2s/main.c.audio_release() dev->isOpen=0
Jan  1 01:03:53    294 local4.notice Emerald App: [0x5] DisplayModule::DestroyHandle: 0x4166d000
Jan  1 01:03:53    295 local4.alert Emerald App: [0xe] PowerMPI::Shutdown poweroff
Jan  1 01:03:53    296 local2.notice sudo:     game : TTY=unknown ; PWD=/LF ; USER=root ; COMMAND=/sbin/poweroff
Jan  1 01:03:53    297 local4.notice /usr/bin/app: AppManager exit(0) count=1 uptime=182
Jan  1 01:03:53    298 daemon.warn avahi-daemon[872]: Disconnected from D-Bus, exiting.
Jan  1 01:03:53    299 daemon.info avahi-daemon[872]: Got SIGQUIT, quitting.
Jan  1 01:03:53    300 local4.notice Emerald Base: Shutdown requested, exit AppManager launch loop
Jan  1 01:03:53    301 local4.notice Emerald Base: Stopping vbus-monitor ...
Jan  1 01:03:53    302 daemon.info avahi-daemon[872]: Leaving mDNS multicast group on interface usb0.IPv4 with address 10.0.0.2.
Jan  1 01:03:53    303 local4.notice Emerald Base: Stopping /etc/init.d/networking ...
Jan  1 01:03:53    304 local4.notice Emerald Base: Stopping Ethernet USB driver ...
Jan  1 01:03:54    305 local4.notice Emerald Base: Stopping system logging ... !
Jan  1 01:03:54    306 user.notice kernel: klogd: exiting
Jan  1 01:03:54    307 syslog.info syslogd exiting
