Jul 29 10:21:26     65 user.warn kernel: ohci->regs: xc30be000
Jul 29 10:21:26     66 user.warn kernel: &ohci->regs->control: xc30be004
Jul 29 10:21:26     67 user.warn kernel: ioread32(&ohci->regs->control): 0x0
Jul 29 10:21:26     68 user.warn kernel: after hcd->driver->start
Jul 29 10:21:26     69 user.info kernel: usb usb1: configuration #1 chosen from 1 choice
Jul 29 10:21:26     70 user.info kernel: hub 1-0:1.0: USB hub found
Jul 29 10:21:26     71 user.info kernel: hub 1-0:1.0: 2 ports detected
Jul 29 10:21:26     72 user.warn kernel: usb_add_hcd() returns 0
Jul 29 10:21:26     73 user.warn kernel: after usb_add_hcd()^M
Jul 29 10:21:26     74 user.warn kernel: usb_hcd_lf1000_probe returns^M
Jul 29 10:21:26     75 user.warn kernel: IRQ 31/lf1000-rtc: IRQF_DISABLED is not guaranteed on shared IRQs
Jul 29 10:21:26     76 user.debug kernel: lf1000-rtc: dev (254:0)
Jul 29 10:21:26     77 user.info kernel: lf1000-rtc lf1000-rtc: rtc core: registered lf1000-rtc as rtc0
Jul 29 10:21:26     78 user.info kernel: LF1000 Real Time Clock driver.
Jul 29 10:21:26     79 user.info kernel: i2c /dev entries driver
Jul 29 10:21:26     80 user.info kernel: Software Watchdog Timer: 0.07 initialized. soft_noboot=0 soft_margin=60 sec (nowayout= 0)
Jul 29 10:21:26     81 user.info kernel: usbcore: registered new interface driver usbhid
Jul 29 10:21:26     82 user.info kernel: usbhid: v2.6:USB HID core driver
Jul 29 10:21:26     83 user.info kernel: setAudioRate: expected rate 32000Hz, actual: 32000Hz
Jul 29 10:21:26     84 user.notice kernel: *** MLC mlc_fb_addr=82e00000 size=01200000 fb[0]=82e00000 ***
Jul 29 10:21:26     85 user.info kernel: lf1000-dpc driver
Jul 29 10:21:26     86 user.warn kernel: dpc: PWM clock rate is 9800000
Jul 29 10:21:26     87 user.debug kernel: idct: start=C000F800, end=C000FFC4
Jul 29 10:21:26     88 user.debug kernel: idct: mem=c30e8800
Jul 29 10:21:26     89 user.info kernel: input: LF1000 USB as /class/input/input0
Jul 29 10:21:26     90 user.info kernel: Cartridge hot swap supported 
Jul 29 10:21:26     91 user.info kernel: nand_get_flash_type(...): Manu_ID = 2c, Dev_ID = dc 
Jul 29 10:21:26     92 user.info kernel: NAND device: Manufacturer ID: 0x2c, Chip ID: 0xdc (Micron NAND 512MiB 3,3V 8-bit)
Jul 29 10:21:26     93 user.err kernel: I: chip->options & NAND_NO_SUBPAGE_WRITE = 0
Jul 29 10:21:26     94 user.err kernel: I: chip->options & NAND_CI_CELLTYPE_MSK = 0
Jul 29 10:21:26     95 user.err kernel: I: ecc.steps = 8
Jul 29 10:21:26     96 user.err kernel: I: mtd=c2896400 mtd->subpage_sft = 2
Jul 29 10:21:26     97 user.info kernel: Scanning device for bad blocks
Jul 29 10:21:26     98 user.warn kernel: Bad eraseblock 1642 at 0x00000cd40000
Jul 29 10:21:26     99 user.info kernel: lf1000-mtd: totally igorning cartridge in boot
Jul 29 10:21:26    100 user.notice kernel: Creating 5 MTD partitions on "lf1000-base":
Jul 29 10:21:26    101 user.notice kernel: 0x000000000000-0x000000100000 : "Emerald_Boot"
Jul 29 10:21:26    102 user.notice kernel: 0x000000100000-0x000000200000 : "I18n_Screens"
Jul 29 10:21:26    103 user.notice kernel: 0x000000200000-0x000000a00000 : "Kernel"
Jul 29 10:21:26    104 user.notice kernel: 0x000000a00000-0x000006000000 : "RFS"
Jul 29 10:21:26    105 user.notice kernel: 0x000006000000-0x000020000000 : "Bulk"
Jul 29 10:21:26    106 user.notice kernel: Probing nor-flash at physical address 0x00000000 (8-bit bankwidth)
Jul 29 10:21:26    107 user.info kernel: Found: SST 39LF040
Jul 29 10:21:26    108 user.notice kernel: UBI: number of internal volumes: 1
Jul 29 10:21:26    109 user.notice kernel: UBI: number of user volumes:     1
Jul 29 10:21:26    110 user.notice kernel: UBI: available PEBs:             0
Jul 29 10:21:26    111 user.notice kernel: UBI: total number of reserved PEBs: 688
Jul 29 10:21:26    112 user.notice kernel: UBI: number of PEBs reserved for bad PEB handling: 6
Jul 29 10:21:26    113 user.notice kernel: UBI: max/mean erase counter: 23/7
Jul 29 10:21:26    114 user.notice kernel: UBI: image sequence number: 0
Jul 29 10:21:26    115 user.notice kernel: UBI: background thread "ubi_bgt0d" started, PID 711
Jul 29 10:21:26    116 user.alert kernel: lf1000_power_probe.647
Jul 29 10:21:26    117 user.info kernel: input: Power Button as /class/input/input1
Jul 29 10:21:26    118 user.alert kernel: lf1000_power_probe.717 initial battery reading is :0
Jul 29 10:21:26    119 user.info kernel: input: LF1000 Keyboard as /class/input/input2
Jul 29 10:21:26    120 user.info kernel: TCP cubic registered
Jul 29 10:21:26    121 user.info kernel: NET: Registered protocol family 17
Jul 29 10:21:26    122 user.debug kernel: lf1000_rtc_readtime(): 2000-07-29 10:21:25
Jul 29 10:21:26    123 user.info kernel: lf1000-rtc lf1000-rtc: setting system clock to 2000-07-29 10:21:25 UTC (964866085)
Jul 29 10:21:26    124 user.notice kernel: UBIFS: recovery needed
Jul 29 10:21:26    125 user.notice kernel: UBIFS: recovery completed
Jul 29 10:21:26    126 user.notice kernel: UBIFS: mounted UBI device 0, volume 0, name "ubi_rfs"
Jul 29 10:21:26    127 user.notice kernel: UBIFS: file system size:   86059008 bytes (84042 KiB, 82 MiB, 667 LEBs)
Jul 29 10:21:26    128 user.notice kernel: UBIFS: journal size:       9033728 bytes (8822 KiB, 8 MiB, 71 LEBs)
Jul 29 10:21:32    129 local4.notice Emerald Base: +++ 8.07 23 183 601 Bgn AppManager
Jul 29 10:21:32    130 auth.notice su: + none root:game
Jul 29 10:21:32    131 user.info kernel: drivers/lf1000/i2s/main.c.audio_open() dev->isOpen=1
Jul 29 10:21:32    132 user.info kernel: setAudioRate: expected rate 32000Hz, actual: 32000Hz
Jul 29 10:21:32    133 user.info kernel: getAudioRate: sample rate: 32000Hz, divisor: 48, CLKGEN0: 0x000002F0
Jul 29 10:21:32    134 local4.notice Emerald Base: Use ADC settings from NOR 33 2026
Jul 29 10:21:32    135 local4.notice Emerald Base: Starting Ethernet USB driver ...
Jul 29 10:21:33    136 user.info kernel: usb0: MAC 80:38:fd:04:f6:57
Jul 29 10:21:33    137 user.info kernel: usb0: HOST MAC 80:38:fd:84:f6:57
Jul 29 10:21:33    138 user.info kernel: g_ether gadget: Ethernet Gadget, version: Veterans Day 2009
Jul 29 10:21:33    139 user.info kernel: g_ether gadget: g_ether ready
Jul 29 10:21:33    140 local4.notice Emerald Base: Starting touch screen driver ...
Jul 29 10:21:33    141 user.info kernel: input: LF1000 touchscreen interface as /class/input/input3
Jul 29 10:21:33    142 user.info kernel: g_ether gadget: high speed config #1: CDC Ethernet (ECM)
Jul 29 10:21:33    143 local4.notice Emerald Base: setcal: Using USERCAL in /flags/pointercal -33242 -632 28392732 -633 -28679 23140057 65536
Jul 29 10:21:33    144 user.info kernel: drivers/input/touchscreen/lf1000_ts.c.set_a0:470 a[0]=28392732
Jul 29 10:21:33    145 user.info kernel: drivers/input/touchscreen/lf1000_ts.c.set_a1:491 a[1]=-33242
Jul 29 10:21:33    146 user.info kernel: drivers/input/touchscreen/lf1000_ts.c.set_a2:513 a[2]=-632
Jul 29 10:21:33    147 user.info kernel: drivers/input/touchscreen/lf1000_ts.c.set_a3:535 a[3]=23140057
Jul 29 10:21:33    148 user.info kernel: drivers/input/touchscreen/lf1000_ts.c.set_a4:556 a[4]=-633
Jul 29 10:21:33    149 user.info kernel: drivers/input/touchscreen/lf1000_ts.c.set_a5:577 a[5]=-28679
Jul 29 10:21:33    150 user.info kernel: drivers/input/touchscreen/lf1000_ts.c.set_a6:598 a[6]=65536
Jan  1 01:01:00    151 user.debug kernel: lf1000_rtc_ioctl(): cmd=4024700a, arg=beecfba8.
Jan  1 01:01:00    152 user.debug kernel: lf1000_rtc_settime(): 2008-00-01 01:01:00
Jan  1 01:01:00    153 user.debug kernel: lf1000_rtc_ioctl(): cmd=00007004, arg=00000000.
Jan  1 01:01:00    154 local4.notice Emerald Base: +++ 10.01 111 289 601 Bgn Attaching Bulk
Jan  1 01:01:00    155 user.info kernel: drivers/lf1000/i2s/main.c.audio_release() dev->isOpen=0
Jan  1 01:01:00    156 user.notice kernel: UBI: attaching mtd4 to ubi1
Jan  1 01:01:00    157 user.notice kernel: UBI: physical eraseblock size:   131072 bytes (128 KiB)
Jan  1 01:01:00    158 user.notice kernel: UBI: logical eraseblock size:    129024 bytes
Jan  1 01:01:00    159 user.notice kernel: UBI: smallest flash I/O unit:    2048
Jan  1 01:01:00    160 user.notice kernel: UBI: sub-page size:              512
Jan  1 01:01:00    161 user.notice kernel: UBI: VID header offset:          512 (aligned 512)
Jan  1 01:01:00    162 user.notice kernel: UBI: data offset:                2048
Jan  1 01:01:01    163 local4.notice Emerald App: [0x6] Start ButtonPowerUSB Task ... !
Jan  1 01:01:01    164 local4.notice Emerald App: [0x6] Start Cartridge task ...!
Jan  1 01:01:01    165 user.notice kernel: UBI: attached mtd4 to ubi1
Jan  1 01:01:01    166 user.notice kernel: UBI: MTD device name:            "Bulk"
Jan  1 01:01:01    167 user.notice kernel: UBI: MTD device size:            416 MiB
Jan  1 01:01:01    168 user.notice kernel: UBI: number of good PEBs:        3327
Jan  1 01:01:01    169 user.notice kernel: UBI: number of bad PEBs:         1
Jan  1 01:01:01    170 user.notice kernel: UBI: max. allowed volumes:       128
Jan  1 01:01:01    171 user.notice kernel: UBI: wear-leveling threshold:    4096
Jan  1 01:01:01    172 user.notice kernel: UBI: number of internal volumes: 1
Jan  1 01:01:01    173 user.notice kernel: UBI: number of user volumes:     1
Jan  1 01:01:01    174 user.notice kernel: UBI: available PEBs:             0
Jan  1 01:01:01    175 user.notice kernel: UBI: total number of reserved PEBs: 3327
Jan  1 01:01:01    176 local4.notice Emerald Base: +++ 11.26 142 383 601 Bgn Mounting /LF/Bulk
Jan  1 01:01:01    177 user.notice kernel: UBIFS: recovery needed
Jan  1 01:01:01    178 user.notice kernel: UBIFS: recovery completed
Jan  1 01:01:01    179 user.notice kernel: UBIFS: mounted UBI device 1, volume 0, name "ubi_bulk"
Jan  1 01:01:01    180 user.notice kernel: UBIFS: file system size:   423069696 bytes (413154 KiB, 403 MiB, 3279 LEBs)
Jan  1 01:01:01    181 user.notice kernel: UBIFS: journal size:       9033728 bytes (8822 KiB, 8 MiB, 71 LEBs)
Jan  1 01:01:01    182 user.notice kernel: UBIFS: media format:       w4/r0 (latest is w4/r0)
Jan  1 01:01:01    183 user.notice kernel: UBIFS: default compressor: lzo
Jan  1 01:01:01    184 user.notice kernel: UBIFS: reserved for root:  0 bytes (0 KiB)
Jan  1 01:01:01    185 local4.notice Emerald App: [0x5] DisplayModule::InitModule: /dev/mlc base = 82E00000, size = 01200000
Jan  1 01:01:01    186 local4.notice Emerald App: [0x5] DisplayModule::InitModule: mapped base 82E00000, size 01200000 to 0x82e00000
Jan  1 01:01:01    187 local4.notice Emerald App: [0x5] DisplayModule::InitModule: mapped base A2E00000, size 01200000 to 0x4056d000
Jan  1 01:01:01    188 local4.notice Emerald App: [0x280] CAppManager::CAppManager ; LightningBase/Src/AppManager.cpp; 305; 30932
Jan  1 01:01:01    189 local4.notice Emerald App: [0x280] Shutdown Timer set for 12000 [ms] timeout
Jan  1 01:01:01    190 local4.notice Emerald App: [0x280] USB Device Watchdog set for 12 [sec] timeout
Jan  1 01:01:01    191 local4.crit Emerald App: [0x280] USB connection detected during init
Jan  1 01:01:01    192 local4.notice Emerald App: [0x280] AppManager signal handler installed 
Jan  1 01:01:01    193 local4.notice Emerald App: [0x6] AddListener: added listener 0x16a30, number 1
Jan  1 01:01:01    194 local4.notice Emerald App: [0x280] Run Cold boot, resetting RTCAccuracy
Jan  1 01:01:01    195 local4.crit Emerald App: [0xf] fopenAtomic(/LF/Bulk/settings.cfg) returning 0x00018bd0
Jan  1 01:01:01    196 local4.crit Emerald App: [0xf] fcloseAtomic returning 0
Jan  1 01:01:02    197 local4.notice Emerald App: [0x1] EnableSpeaker: 1
Jan  1 01:01:02    198 user.info kernel: drivers/lf1000/i2s/main.c.audio_open() dev->isOpen=1
Jan  1 01:01:02    199 user.info kernel: setAudioRate: expected rate 32000Hz, actual: 32000Hz
Jan  1 01:01:02    200 user.info kernel: getAudioRate: sample rate: 32000Hz, divisor: 48, CLKGEN0: 0x000002F0
Jan  1 01:01:02    201 local4.notice Emerald App: [0x280] mCurrentTransition = kLoginApp !
Jan  1 01:01:02    202 local4.alert Emerald App: [0x280] USB state pre-empting UI
Jan  1 01:01:02    203 local4.notice Emerald App: [0x280] mCurrentTransition = kPushApp !
Jan  1 01:01:02    204 local4.crit Emerald App: [0x280] kUSBDeviceConnected: USB/DFTP connected (01)
Jan  1 01:01:02    205 local4.notice Emerald App: [0x6] AddListener: added listener 0x18b70, number 2
Jan  1 01:01:02    206 local4.notice Emerald App: [0x5] DisplayModule::CreateHandle: 0x82e00000
Jan  1 01:01:09    207 local4.notice Emerald App: [0x13] CartManager started !
Jan  1 01:01:09    208 local4.notice Emerald Base: Starting /etc/init.d/networking ...
Jan  1 01:01:09    209 local4.notice Emerald Base: /etc/init.d/networking: /flags/developer: forcing static IP
Jan  1 01:01:09    210 daemon.info avahi-daemon[872]: Found user 'avahi' (UID 1102) and group 'avahi' (GID 1102).
Jan  1 01:01:09    211 daemon.info avahi-daemon[872]: Successfully dropped root privileges.
Jan  1 01:01:09    212 daemon.info avahi-daemon[872]: avahi-daemon 0.6.24 starting up.
Jan  1 01:01:09    213 daemon.warn avahi-daemon[872]: WARNING: No NSS support for mDNS detected, consider installing nss-mdns!
Jan  1 01:01:09    214 daemon.warn avahi-daemon[872]: Failed to open /etc/resolv.conf: No such file or directory
Jan  1 01:01:09    215 daemon.info avahi-daemon[872]: Loading service file /etc/avahi/services/ftp.service.
Jan  1 01:01:09    216 daemon.info avahi-daemon[872]: Loading service file /etc/avahi/services/sftp-ssh.service.
Jan  1 01:01:09    217 daemon.info avahi-daemon[872]: Loading service file /etc/avahi/services/ssh.service.
Jan  1 01:01:09    218 daemon.info avahi-daemon[872]: Joining mDNS multicast group on interface usb0.IPv4 with address 10.0.0.2.
Jan  1 01:01:09    219 daemon.info avahi-daemon[872]: New relevant interface usb0.IPv4 for mDNS.
Jan  1 01:01:09    220 daemon.info avahi-daemon[872]: Network interface enumeration completed.
Jan  1 01:01:09    221 daemon.info avahi-daemon[872]: Registering new address record for 10.0.0.2 on usb0.IPv4.
Jan  1 01:01:09    222 daemon.info avahi-daemon[872]: Registering HINFO record with values 'ARMV5TEJL'/'LINUX'.
Jan  1 01:01:10    223 local4.notice Emerald Base: Starting vbus-monitor ...
Jan  1 01:01:10    224 local4.notice vbus-actions: VBUS went high; clear get-ip cache, refresh avahi-autoipd, start DFTP
Jan  1 01:01:10    225 local4.notice Emerald Base: Starting DFTP ...
Jan  1 01:01:10    226 local4.alert Emerald Base DFTP: DFTP Version=0.26
Jan  1 01:01:10    227 local4.notice Emerald Base DFTP: Initialize DFTP 
Jan  1 01:01:10    228 daemon.info avahi-daemon[872]: Server startup complete. Host name is LB-Explorer-0614170001021004F657.local. Local service cookie is 1852431936.
Jan  1 01:01:11    229 local4.notice Emerald Base: starting telnetd, vsftpd, and sshd
Jan  1 01:01:11    230 auth.info sshd[913]: Server listening on 0.0.0.0 port 22.
Jan  1 01:01:11    231 daemon.info avahi-daemon[872]: Service "LB-Explorer-0614170001021004F657" (/etc/avahi/services/ssh.service) successfully established.
Jan  1 01:01:11    232 daemon.info avahi-daemon[872]: Service "SFTP File Transfer on LB-Explorer-0614170001021004F657" (/etc/avahi/services/sftp-ssh.service) successfully established.
Jan  1 01:01:11    233 daemon.info avahi-daemon[872]: Service "FTP Transfer on LB-Explorer-0614170001021004F657" (/etc/avahi/services/ftp.service) successfully established.
Jan  1 01:01:12    234 auth.info login[916]: root login on 'pts/0'
Jan  1 01:01:13    235 local4.notice Emerald Base: hostname:         'LB-Explorer-0614170001021004F657'
Jan  1 01:01:13    236 local4.notice Emerald Base: Board ID:         '2'
Jan  1 01:01:13    237 local4.notice Emerald Base: NOR BootVersion:  '1.0.8.6905'
Jan  1 01:01:13    238 local4.notice Emerald Base: NOR SerialNumber: '0614170001021004F657'
Jan  1 01:01:14    239 local4.notice Emerald Base: NAND BootVersion: '1.0.8.6905'
Jan  1 01:01:14    240 local4.notice Emerald Base: Firmware Release Version: 1.0.8-6905
Jan  1 01:01:14    241 local4.notice Emerald Base: Base bin Version: "1.0.8.5070"^M
Jan  1 01:01:14    242 local4.notice Emerald Base: Base lib Version: "1.0.8.5190"^M
Jan  1 01:01:14    243 local4.notice Emerald Base: Base L3X Version: "1.0.8.5154"^M
Jan  1 01:01:14    244 local4.notice Emerald Base: Base Brio Version: "1.0.8.6905"^M
Jan  1 01:01:25    245 auth.info sshd[953]: Invalid user muki from 10.0.0.1
Jan  1 01:01:25    246 auth.err sshd[953]: error: Could not get shadow information for NOUSER
Jan  1 01:01:25    247 auth.info sshd[953]: Failed none for invalid user muki from 10.0.0.1 port 36518 ssh2
Jan  1 01:01:47    248 local4.crit Emerald App: [0x280] no DFTP activity detected after 45000 msec
Jan  1 01:02:08    249 auth.err sshd[955]: error: Could not get shadow information for root
Jan  1 01:02:08    250 auth.info sshd[955]: Accepted none for root from 10.0.0.1 port 36578 ssh2
Jan  1 01:02:08    251 auth.err sshd[955]: error: channel 0: chan_read_failed for istate 3
Jan  1 01:02:08    252 auth.err sshd[955]: error: channel 0: chan_read_failed for istate 3
Jan  1 01:02:08    253 auth.info sshd[955]: Received disconnect from 10.0.0.1: 11: disconnected by user
Jan  1 01:03:02    254 local4.notice Emerald App: [0x280] Screen brightness set for low power ! 
Jan  1 01:03:35    255 local4.notice Emerald App: [0x280] Screen brightness set to normal ! 
Jan  1 01:04:37    256 auth.err sshd[974]: error: Could not get shadow information for root
Jan  1 01:04:37    257 auth.info sshd[974]: Accepted none for root from 10.0.0.1 port 36682 ssh2
Jan  1 01:04:37    258 auth.err sshd[974]: error: channel 0: chan_read_failed for istate 3
Jan  1 01:04:37    259 auth.err sshd[974]: error: channel 0: chan_read_failed for istate 3
Jan  1 01:04:37    260 auth.info sshd[974]: Received disconnect from 10.0.0.1: 11: disconnected by user
Jan  1 01:05:35    261 local4.notice Emerald App: [0x280] Screen brightness set for low power ! 
Jan  1 01:10:35    262 local4.crit Emerald App: [0x280] System shutting down due to inactivity after 420000 [ms] ! 
Jan  1 01:10:35    263 local4.notice Emerald App: [0x8] CreateTimer tTimerHndl=0x46950 callback=0x40316b74 SIGRT34
Jan  1 01:10:35    264 local4.notice Emerald App: [0x280] mCurrentTransition = kReplaceAllWithApp !
Jan  1 01:10:35    265 local4.notice Emerald App: [0x280] CAppManager::ExitPopUnloadApp()
Jan  1 01:10:35    266 local4.notice Emerald App: [0x6] RemoveListener: removed listener 0x18b70, number 1
Jan  1 01:10:35    267 local4.notice Emerald App: [0x6] RemoveListener: could not remove listener 0x18b70, number 1
Jan  1 01:10:35    268 local4.notice Emerald App: [0x0] Displaying the shutdown screen now.
Jan  1 01:10:35    269 user.info kernel: drivers/input/touchscreen/lf1000_ts.c.set_sample_rate_in_hz:624 sample_rate_in_jiffies=1
Jan  1 01:10:35    270 user.info kernel: drivers/input/touchscreen/lf1000_ts.c.set_debounce_in_samples_down:314 debounce_in_samples_down=4
Jan  1 01:10:35    271 user.info kernel: drivers/input/touchscreen/lf1000_ts.c.set_debounce_in_samples_up:350 debounce_in_samples_up=1
Jan  1 01:10:35    272 local4.alert Emerald App: [0x280] ::Run return mRestart:0
Jan  1 01:10:35    273 local4.notice Emerald App: [0x280] CAppManager::~CAppManager()
Jan  1 01:10:35    274 local4.notice Emerald App: [0x6] RemoveListener: removed listener 0x16a30, number 0
Jan  1 01:10:35    275 local4.notice Emerald App: [0x280] CAppManager::ExitPopUnloadApp()
Jan  1 01:10:35    276 user.info kernel: drivers/input/touchscreen/lf1000_ts.c.set_sample_rate_in_hz:624 sample_rate_in_jiffies=1
Jan  1 01:10:35    277 user.info kernel: drivers/input/touchscreen/lf1000_ts.c.set_debounce_in_samples_down:314 debounce_in_samples_down=4
Jan  1 01:10:35    278 user.info kernel: drivers/input/touchscreen/lf1000_ts.c.set_debounce_in_samples_up:350 debounce_in_samples_up=1
Jan  1 01:10:35    279 local4.notice Emerald App: [0x6] RemoveListener: could not remove listener 0x18ec8, number 0
Jan  1 01:10:35    280 user.info kernel: drivers/lf1000/i2s/main.c.audio_release() dev->isOpen=0
Jan  1 01:10:35    281 local4.notice Emerald App: [0x6] RemoveListener: could not remove listener 0x16a30, number 0
Jan  1 01:10:35    282 local4.notice Emerald App: [0x0] Calling Shutdown().
Jan  1 01:10:35    283 local4.notice Emerald App: [0x5] DisplayModule::InitModule: /dev/mlc base = 82E00000, size = 01200000
Jan  1 01:10:35    284 local4.notice Emerald App: [0x5] DisplayModule::InitModule: mapped base 82E00000, size 01200000 to 0x82e00000
Jan  1 01:10:35    285 local4.notice Emerald App: [0x5] DisplayModule::InitModule: mapped base A2E00000, size 01200000 to 0x4056d000
Jan  1 01:10:35    286 local4.notice Emerald App: [0x5] DisplayModule::CreateHandle: 0x4166d000
Jan  1 01:10:35    287 local4.notice Emerald App: [0x1] EnableSpeaker: 1
Jan  1 01:10:35    288 user.info kernel: drivers/lf1000/i2s/main.c.audio_open() dev->isOpen=1
Jan  1 01:10:35    289 user.info kernel: setAudioRate: expected rate 32000Hz, actual: 32000Hz
Jan  1 01:10:35    290 user.info kernel: getAudioRate: sample rate: 32000Hz, divisor: 48, CLKGEN0: 0x000002F0
Jan  1 01:10:35    291 local4.crit Emerald App: [0xd] VideoTask Started...
Jan  1 01:10:37    292 local4.crit Emerald App: [0xd] VideoTask Stopping...
Jan  1 01:10:37    293 local4.notice Emerald App: [0x6] RemoveListener: could not remove listener 0xc9128, number 0
Jan  1 01:10:37    294 user.info kernel: drivers/lf1000/i2s/main.c.audio_release() dev->isOpen=0
Jan  1 01:10:37    295 local4.notice Emerald App: [0x5] DisplayModule::DestroyHandle: 0x4166d000
Jan  1 01:10:37    296 local4.notice Emerald App: [0x6] ~CEventManagerImpl: Terminating cart thread
Jan  1 01:10:38    297 local4.notice Emerald App: [0x6] ~CEventManagerImpl: Terminating button thread
Jan  1 01:10:38    298 local4.notice Emerald App: [0x6] ~CEventManagerImpl: Terminating message thread
Jan  1 01:10:38    299 local4.notice Emerald App: [0x6] EventDispatchTask() exiting 0x16708
Jan  1 01:10:38    300 local4.notice Emerald App: [0x6] ~CEventManagerImpl: counter=8, retval=0x16708
Jan  1 01:10:38    301 local4.notice /usr/bin/app: AppManager exit(0) count=1 uptime=587
Jan  1 01:10:38    302 daemon.warn avahi-daemon[872]: Disconnected from D-Bus, exiting.
Jan  1 01:10:38    303 daemon.info avahi-daemon[872]: Got SIGQUIT, quitting.
Jan  1 01:10:38    304 daemon.info avahi-daemon[872]: Leaving mDNS multicast group on interface usb0.IPv4 with address 10.0.0.2.
Jan  1 01:10:38    305 local4.notice Emerald Base: Stopping vbus-monitor ...
Jan  1 01:10:38    306 local4.notice Emerald Base: Stopping /etc/init.d/networking ...
Jan  1 01:10:38    307 local4.notice Emerald Base: Stopping Ethernet USB driver ...
Jan  1 01:10:39    308 local4.notice Emerald Base: Stopping system logging ... !
Jan  1 01:10:39    309 user.notice kernel: klogd: exiting
Jan  1 01:10:39    310 syslog.info syslogd exiting
Jul 20 21:48:21      0 syslog.info syslogd started: BusyBox v1.13.2---1
Jul 20 21:48:21      1 local4.notice Recovery Keep-Alives: boot_image=PLAY boot_source=NOR panic=0 power=COLD request=BATTERY shutdown=DIRTY raw=0003E25D
Jul 20 21:48:21      2 user.notice kernel: klogd started: BusyBox v1.13.2 (2010-03-16 15:24:13 PDT)
Jul 20 21:48:21      3 user.notice kernel: Linux version 2.6.31-leapfrog (lfu@lightning-release) (gcc version 4.1.1) #37 Fri Mar 26 16:44:07 PDT 2010
Jul 20 21:48:21      4 user.warn kernel: CPU: ARM926EJ-S [41069265] revision 5 (ARMv5TEJ), cr=00053177
Jul 20 21:48:21      5 user.warn kernel: CPU: VIVT data cache, VIVT instruction cache
Jul 20 21:48:21      6 user.warn kernel: Machine: ARM-LF1000
Jul 20 21:48:21      7 user.warn kernel: Memory policy: ECC disabled, Data cache writeback
Jul 20 21:48:21      8 user.debug kernel: On node 0 totalpages: 11776
Jul 20 21:48:21      9 user.debug kernel: free_area_init_node: node 0, pgdat c03492dc, node_mem_map c037e000
Jul 20 21:48:21     10 user.debug kernel:   Normal zone: 92 pages used for memmap
Jul 20 21:48:21     11 user.debug kernel:   Normal zone: 0 pages reserved
Jul 20 21:48:21     12 user.debug kernel:   Normal zone: 11684 pages, LIFO batch:1
Jul 20 21:48:21     13 user.info kernel: lf1000_oscvco_set.60 pll 0, not changed already set to 0x00DF2100
Jul 20 21:48:21     14 user.warn kernel: PLL0=393.218109 MHz   
Jul 20 21:48:21     15 user.info kernel: lf1000_oscvco_set.60 pll 1, not changed already set to 0x0024C402
Jul 20 21:48:21     16 user.warn kernel: PLL1=147.000 MHz   Built 1 zonelists in Zone order, mobility grouping on.  Total pages: 11684
Jul 20 21:48:21     17 user.notice kernel: Kernel command line: init=/sbin/init console=ttyS0,115200 mem=46M mlc_fb=0x82E00000,0x01200000 ram=0x80000000-0x83FFFFFF screen_module=ILI9322 ebs=0x20000,0x0 root=ubi0_0 rw rootfstype=ubifs ubi.mtd=RFS 
Jul 20 21:48:21     18 user.warn kernel: PID hash table entries: 256 (order: 8, 1024 bytes)
Jul 20 21:48:21     19 user.info kernel: Dentry cache hash table entries: 8192 (order: 3, 32768 bytes)
Jul 20 21:48:21     20 user.info kernel: Inode-cache hash table entries: 4096 (order: 2, 16384 bytes)
Jul 20 21:48:21     21 user.info kernel: JFFS2 version 2.2. (NAND) (SUMMARY)  Â© 2001-2006 Red Hat, Inc.
Jul 20 21:48:21     22 user.info kernel: msgmni has been set to 84
Jul 20 21:48:21     23 user.info kernel: alg: No test for stdrng (krng)
Jul 20 21:48:21     24 user.info kernel: io scheduler noop registered
Jul 20 21:48:21     25 user.info kernel: io scheduler deadline registered (default)
Jul 20 21:48:21     26 user.info kernel: Serial: 8250/16550 driver $Revision: 1.90 $ 4 ports, IRQ sharing disabled
Jul 20 21:48:21     27 user.info kernel: serial8250: ttyS0 at MMIO 0x0 (irq = 10) is a 8250
Jul 20 21:48:21     28 user.info kernel: serial8250: ttyS1 at MMIO 0x0 (irq = 34) is a 8250
Jul 20 21:48:21     29 user.info kernel: serial8250: ttyS2 at MMIO 0x0 (irq = 35) is a 8250
Jul 20 21:48:21     30 user.info kernel: serial8250: ttyS3 at MMIO 0x0 (irq = 36) is a 8250
Jul 20 21:48:21     31 user.info kernel: brd: module loaded
Jul 20 21:48:21     32 user.info kernel: loop: module loaded
Jul 20 21:48:21     33 user.info kernel: ohci_hcd: USB 1.1 'Open' Host Controller (OHCI) Driver
Jul 20 21:48:21     34 user.warn kernel: usb_hcd_lf1000_probe^M
Jul 20 21:48:21     35 user.warn kernel: hcd->regs: xc30be000
Jul 20 21:48:21     36 user.debug kernel: drivers/usb/host/ohci-lf1000.clf1000_start_hc
Jul 20 21:48:21     37 user.debug kernel: drivers/usb/host/ohci-lf1000.clf1000_start_hc returns
Jul 20 21:48:21     38 user.warn kernel: before ohci_hcd_init()
Jul 20 21:48:21     39 user.warn kernel: after ohci_hcd_init()^M
Jul 20 21:48:21     40 user.info kernel: lf1000-ohci lf1000-ohci: LF1000 OHCI
Jul 20 21:48:21     41 user.info kernel: lf1000-ohci lf1000-ohci: new USB bus registered, assigned bus number 1
Jul 20 21:48:21     42 user.info kernel: lf1000-ohci lf1000-ohci: irq 28, io mem 0xc000d000
Jul 20 21:48:21     43 user.warn kernel: ohci->regs: xc30be000
Jul 20 21:48:21     44 user.warn kernel: &ohci->regs->control: xc30be004
Jul 20 21:48:21     45 user.warn kernel: ioread32(&ohci->regs->control): 0x0
Jul 20 21:48:21     46 user.warn kernel: after hcd->driver->start
Jul 20 21:48:21     47 user.info kernel: usb usb1: configuration #1 chosen from 1 choice
Jul 20 21:48:21     48 user.info kernel: hub 1-0:1.0: USB hub found
Jul 20 21:48:21     49 user.info kernel: hub 1-0:1.0: 2 ports detected
Jul 20 21:48:21     50 user.warn kernel: usb_add_hcd() returns 0
Jul 20 21:48:21     51 user.warn kernel: after usb_add_hcd()^M
Jul 20 21:48:21     52 user.warn kernel: usb_hcd_lf1000_probe returns^M
Jul 20 21:48:21     53 user.warn kernel: IRQ 31/lf1000-rtc: IRQF_DISABLED is not guaranteed on shared IRQs
Jul 20 21:48:21     54 user.debug kernel: lf1000-rtc: dev (254:0)
Jul 20 21:48:21     55 user.info kernel: lf1000-rtc lf1000-rtc: rtc core: registered lf1000-rtc as rtc0
Jul 20 21:48:21     56 user.info kernel: LF1000 Real Time Clock driver.
Jul 20 21:48:21     57 user.info kernel: i2c /dev entries driver
Jul 20 21:48:21     58 user.info kernel: Software Watchdog Timer: 0.07 initialized. soft_noboot=0 soft_margin=60 sec (nowayout= 0)
Jul 20 21:48:21     59 user.info kernel: usbcore: registered new interface driver usbhid
Jul 20 21:48:21     60 user.info kernel: usbhid: v2.6:USB HID core driver
Jul 20 21:48:21     61 user.info kernel: setAudioRate: expected rate 32000Hz, actual: 32000Hz
Jul 20 21:48:21     62 user.notice kernel: *** MLC mlc_fb_addr=82e00000 size=01200000 fb[0]=82e00000 ***
Jul 20 21:48:21     63 user.info kernel: lf1000-dpc driver
Jul 20 21:48:21     64 user.warn kernel: dpc: PWM clock rate is 9800000
Jul 20 21:48:21     65 user.debug kernel: idct: start=C000F800, end=C000FFC4
Jul 20 21:48:21     66 user.debug kernel: idct: mem=c30e8800
Jul 20 21:48:21     67 user.info kernel: input: LF1000 USB as /class/input/input0
Jul 20 21:48:21     68 user.info kernel: Cartridge hot swap supported 
Jul 20 21:48:21     69 user.info kernel: nand_get_flash_type(...): Manu_ID = 2c, Dev_ID = dc 
Jul 20 21:48:21     70 user.info kernel: NAND device: Manufacturer ID: 0x2c, Chip ID: 0xdc (Micron NAND 512MiB 3,3V 8-bit)
Jul 20 21:48:21     71 user.err kernel: I: chip->options & NAND_NO_SUBPAGE_WRITE = 0
Jul 20 21:48:21     72 user.err kernel: I: chip->options & NAND_CI_CELLTYPE_MSK = 0
Jul 20 21:48:21     73 user.err kernel: I: ecc.steps = 8
Jul 20 21:48:21     74 user.err kernel: I: mtd=c29ed400 mtd->subpage_sft = 2
Jul 20 21:48:21     75 user.info kernel: Scanning device for bad blocks
Jul 20 21:48:21     76 user.warn kernel: Bad eraseblock 1642 at 0x00000cd40000
Jul 20 21:48:21     77 user.notice kernel: UBI: sub-page size:              512
Jul 20 21:48:21     78 user.notice kernel: UBI: VID header offset:          512 (aligned 512)
Jul 20 21:48:21     79 user.notice kernel: UBI: data offset:                2048
Jul 20 21:48:21     80 user.notice kernel: UBI: attached mtd3 to ubi0
Jul 20 21:48:21     81 user.notice kernel: UBI: MTD device name:            "RFS"
Jul 20 21:48:21     82 user.notice kernel: UBI: MTD device size:            86 MiB
Jul 20 21:48:21     83 user.notice kernel: UBI: number of good PEBs:        688
Jul 20 21:48:21     84 user.notice kernel: UBI: number of bad PEBs:         0
Jul 20 21:48:21     85 user.notice kernel: UBI: max. allowed volumes:       128
Jul 20 21:48:21     86 user.notice kernel: UBI: wear-leveling threshold:    4096
Jul 20 21:48:21     87 user.notice kernel: UBI: number of internal volumes: 1
Jul 20 21:48:21     88 user.notice kernel: UBI: number of user volumes:     1
Jul 20 21:48:21     89 user.notice kernel: UBI: available PEBs:             0
Jul 20 21:48:21     90 user.notice kernel: UBI: total number of reserved PEBs: 688
Jul 20 21:48:21     91 user.notice kernel: UBI: number of PEBs reserved for bad PEB handling: 6
Jul 20 21:48:21     92 user.notice kernel: UBI: max/mean erase counter: 23/7
Jul 20 21:48:21     93 user.notice kernel: UBI: image sequence number: 0
Jul 20 21:48:21     94 user.notice kernel: UBI: background thread "ubi_bgt0d" started, PID 711
Jul 20 21:48:21     95 user.alert kernel: lf1000_power_probe.647
Jul 20 21:48:21     96 user.info kernel: input: Power Button as /class/input/input1
Jul 20 21:48:21     97 user.alert kernel: lf1000_power_probe.717 initial battery reading is :15
Jul 20 21:48:27     98 local4.notice Emerald Base: +++ 8.08 17 188 603 Bgn AppManager
Jul 20 21:48:27     99 auth.notice su: + none root:game
Jul 20 21:48:27    100 user.info kernel: drivers/lf1000/i2s/main.c.audio_open() dev->isOpen=1
Jul 20 21:48:27    101 user.info kernel: setAudioRate: expected rate 32000Hz, actual: 32000Hz
Jul 20 21:48:27    102 user.info kernel: getAudioRate: sample rate: 32000Hz, divisor: 48, CLKGEN0: 0x000002F0
Jul 20 21:48:27    103 local4.notice Emerald Base: Use ADC settings from NOR 33 2026
Jul 20 21:48:27    104 local4.notice Emerald Base: Starting Ethernet USB driver ...
Jul 20 21:48:28    105 user.info kernel: usb0: MAC 80:38:fd:04:f6:57
Jul 20 21:48:28    106 user.info kernel: usb0: HOST MAC 80:38:fd:84:f6:57
Jul 20 21:48:28    107 user.info kernel: g_ether gadget: Ethernet Gadget, version: Veterans Day 2009
Jul 20 21:48:28    108 user.info kernel: g_ether gadget: g_ether ready
Jul 20 21:48:28    109 local4.notice Emerald Base: Starting touch screen driver ...
Jul 20 21:48:28    110 user.info kernel: input: LF1000 touchscreen interface as /class/input/input3
Jul 20 21:48:28    111 user.info kernel: g_ether gadget: high speed config #1: CDC Ethernet (ECM)
Jul 20 21:48:28    112 local4.notice Emerald Base: setcal: Using USERCAL in /flags/pointercal -33242 -632 28392732 -633 -28679 23140057 65536
Jul 20 21:48:28    113 user.info kernel: drivers/input/touchscreen/lf1000_ts.c.set_a0:470 a[0]=28392732
Jul 20 21:48:28    114 user.info kernel: drivers/input/touchscreen/lf1000_ts.c.set_a1:491 a[1]=-33242
Jul 20 21:48:28    115 user.info kernel: drivers/input/touchscreen/lf1000_ts.c.set_a2:513 a[2]=-632
Jul 20 21:48:28    116 user.info kernel: drivers/input/touchscreen/lf1000_ts.c.set_a3:535 a[3]=23140057
Jul 20 21:48:28    117 user.info kernel: drivers/input/touchscreen/lf1000_ts.c.set_a4:556 a[4]=-633
Jul 20 21:48:28    118 user.info kernel: drivers/input/touchscreen/lf1000_ts.c.set_a5:577 a[5]=-28679
Jul 20 21:48:28    119 user.info kernel: drivers/input/touchscreen/lf1000_ts.c.set_a6:598 a[6]=65536
Jan  1 01:01:00    120 user.debug kernel: lf1000_rtc_ioctl(): cmd=4024700a, arg=be86dba8.
Jan  1 01:01:00    121 user.debug kernel: lf1000_rtc_settime(): 2008-00-01 01:01:00
Jan  1 01:01:00    122 user.debug kernel: lf1000_rtc_ioctl(): cmd=00007004, arg=00000000.
Jan  1 01:01:00    123 local4.notice Emerald Base: +++ 10.03 92 308 603 Bgn Attaching Bulk
Jan  1 01:01:00    124 user.info kernel: drivers/lf1000/i2s/main.c.audio_release() dev->isOpen=0
Jan  1 01:01:00    125 user.notice kernel: UBI: attaching mtd4 to ubi1
Jan  1 01:01:00    126 user.notice kernel: UBI: physical eraseblock size:   131072 bytes (128 KiB)
Jan  1 01:01:00    127 user.notice kernel: UBI: logical eraseblock size:    129024 bytes
Jan  1 01:01:00    128 user.notice kernel: UBI: smallest flash I/O unit:    2048
Jan  1 01:01:00    129 user.notice kernel: UBI: sub-page size:              512
Jan  1 01:01:00    130 user.notice kernel: UBI: VID header offset:          512 (aligned 512)
Jan  1 01:01:00    131 user.notice kernel: UBI: data offset:                2048
Jan  1 01:01:01    132 local4.notice Emerald App: [0x6] Start ButtonPowerUSB Task ... !
Jan  1 01:01:01    133 local4.notice Emerald App: [0x6] Start Cartridge task ...!
Jan  1 01:01:01    134 user.notice kernel: UBI: attached mtd4 to ubi1
Jan  1 01:01:01    135 user.notice kernel: UBI: MTD device name:            "Bulk"
Jan  1 01:01:01    136 user.notice kernel: UBI: MTD device size:            416 MiB
Jan  1 01:01:01    137 user.notice kernel: UBI: number of good PEBs:        3327
Jan  1 01:01:01    138 user.notice kernel: UBI: number of bad PEBs:         1
Jan  1 01:01:01    139 user.notice kernel: UBI: max. allowed volumes:       128
Jan  1 01:01:01    140 user.notice kernel: UBI: wear-leveling threshold:    4096
Jan  1 01:01:01    141 user.notice kernel: UBI: number of internal volumes: 1
Jan  1 01:01:01    142 user.notice kernel: UBI: number of user volumes:     1
Jan  1 01:01:01    143 user.notice kernel: UBI: available PEBs:             0
Jan  1 01:01:01    144 user.notice kernel: UBI: total number of reserved PEBs: 3327
Jan  1 01:01:01    145 local4.notice Emerald Base: +++ 11.34 120 411 603 Bgn Mounting /LF/Bulk
Jan  1 01:01:01    146 user.notice kernel: UBIFS: mounted UBI device 1, volume 0, name "ubi_bulk"
Jan  1 01:01:01    147 user.notice kernel: UBIFS: file system size:   423069696 bytes (413154 KiB, 403 MiB, 3279 LEBs)
Jan  1 01:01:01    148 user.notice kernel: UBIFS: journal size:       9033728 bytes (8822 KiB, 8 MiB, 71 LEBs)
Jan  1 01:01:01    149 user.notice kernel: UBIFS: media format:       w4/r0 (latest is w4/r0)
Jan  1 01:01:01    150 user.notice kernel: UBIFS: default compressor: lzo
Jan  1 01:01:01    151 user.notice kernel: UBIFS: reserved for root:  0 bytes (0 KiB)
Jan  1 01:01:01    152 local4.notice Emerald App: [0x5] DisplayModule::InitModule: /dev/mlc base = 82E00000, size = 01200000
Jan  1 01:01:01    153 local4.notice Emerald App: [0x5] DisplayModule::InitModule: mapped base 82E00000, size 01200000 to 0x82e00000
Jan  1 01:01:01    154 local4.notice Emerald App: [0x5] DisplayModule::InitModule: mapped base A2E00000, size 01200000 to 0x4056d000
Jan  1 01:01:01    155 local4.notice Emerald App: [0x280] CAppManager::CAppManager ; LightningBase/Src/AppManager.cpp; 305; 30940
Jan  1 01:01:01    156 local4.notice Emerald App: [0x280] Shutdown Timer set for 12000 [ms] timeout
Jan  1 01:01:01    157 local4.notice Emerald App: [0x280] USB Device Watchdog set for 12 [sec] timeout
Jan  1 01:01:01    158 local4.crit Emerald App: [0x280] USB connection detected during init
Jan  1 01:01:01    159 local4.notice Emerald App: [0x280] AppManager signal handler installed 
Jan  1 01:01:01    160 local4.notice Emerald App: [0x6] AddListener: added listener 0x16a30, number 1
Jan  1 01:01:01    161 local4.notice Emerald App: [0x280] Run Cold boot, resetting RTCAccuracy
Jan  1 01:01:01    162 local4.crit Emerald App: [0xf] fopenAtomic(/LF/Bulk/settings.cfg) returning 0x00018bf8
Jan  1 01:01:01    163 local4.crit Emerald App: [0xf] fcloseAtomic returning 0
Jan  1 01:01:02    164 local4.notice Emerald App: [0x1] EnableSpeaker: 1
Jan  1 01:01:02    165 user.info kernel: drivers/lf1000/i2s/main.c.audio_open() dev->isOpen=1
Jan  1 01:01:02    166 user.info kernel: setAudioRate: expected rate 32000Hz, actual: 32000Hz
Jan  1 01:01:02    167 user.info kernel: getAudioRate: sample rate: 32000Hz, divisor: 48, CLKGEN0: 0x000002F0
Jan  1 01:01:02    168 local4.notice Emerald App: [0x280] mCurrentTransition = kLoginApp !
Jan  1 01:01:02    169 local4.alert Emerald App: [0x280] USB state pre-empting UI
Jan  1 01:01:02    170 local4.notice Emerald App: [0x280] mCurrentTransition = kPushApp !
Jan  1 01:01:02    171 local4.crit Emerald App: [0x280] kUSBDeviceConnected: USB/DFTP connected (01)
Jan  1 01:01:02    172 local4.notice Emerald App: [0x6] AddListener: added listener 0x18af0, number 2
Jan  1 01:01:02    173 local4.notice Emerald App: [0x5] DisplayModule::CreateHandle: 0x82e00000
Jan  1 01:01:09    174 local4.notice Emerald App: [0x13] CartManager started !
Jan  1 01:01:09    175 local4.notice Emerald Base: Starting /etc/init.d/networking ...
Jan  1 01:01:09    176 local4.notice Emerald Base: /etc/init.d/networking: /flags/developer: forcing static IP
Jan  1 01:01:09    177 daemon.info avahi-daemon[872]: Found user 'avahi' (UID 1102) and group 'avahi' (GID 1102).
Jan  1 01:01:09    178 daemon.info avahi-daemon[872]: Successfully dropped root privileges.
Jan  1 01:01:09    179 daemon.info avahi-daemon[872]: avahi-daemon 0.6.24 starting up.
Jan  1 01:01:09    180 daemon.warn avahi-daemon[872]: WARNING: No NSS support for mDNS detected, consider installing nss-mdns!
Jan  1 01:01:09    181 daemon.warn avahi-daemon[872]: Failed to open /etc/resolv.conf: No such file or directory
Jan  1 01:01:09    182 daemon.info avahi-daemon[872]: Loading service file /etc/avahi/services/ftp.service.
Jan  1 01:01:09    183 daemon.info avahi-daemon[872]: Loading service file /etc/avahi/services/sftp-ssh.service.
Jan  1 01:01:09    184 daemon.info avahi-daemon[872]: Loading service file /etc/avahi/services/ssh.service.
Jan  1 01:01:09    185 daemon.info avahi-daemon[872]: Joining mDNS multicast group on interface usb0.IPv4 with address 10.0.0.2.
Jan  1 01:01:09    186 daemon.info avahi-daemon[872]: New relevant interface usb0.IPv4 for mDNS.
Jan  1 01:01:09    187 daemon.info avahi-daemon[872]: Network interface enumeration completed.
Jan  1 01:01:09    188 daemon.info avahi-daemon[872]: Registering new address record for 10.0.0.2 on usb0.IPv4.
Jan  1 01:01:09    189 daemon.info avahi-daemon[872]: Registering HINFO record with values 'ARMV5TEJL'/'LINUX'.
Jan  1 01:01:10    190 local4.notice Emerald Base: Starting vbus-monitor ...
Jan  1 01:01:10    191 local4.notice vbus-actions: VBUS went high; clear get-ip cache, refresh avahi-autoipd, start DFTP
Jan  1 01:01:10    192 local4.notice Emerald Base: Starting DFTP ...
Jan  1 01:01:10    193 daemon.info avahi-daemon[872]: Server startup complete. Host name is LB-Explorer-0614170001021004F657.local. Local service cookie is 4113475918.
Jan  1 01:01:10    194 local4.alert Emerald Base DFTP: DFTP Version=0.26
Jan  1 01:01:10    195 local4.notice Emerald Base DFTP: Initialize DFTP 
Jan  1 01:01:11    196 local4.notice Emerald Base: starting telnetd, vsftpd, and sshd
Jan  1 01:01:11    197 auth.info sshd[913]: Server listening on 0.0.0.0 port 22.
Jan  1 01:01:11    198 daemon.info avahi-daemon[872]: Service "LB-Explorer-0614170001021004F657" (/etc/avahi/services/ssh.service) successfully established.
Jan  1 01:01:11    199 daemon.info avahi-daemon[872]: Service "SFTP File Transfer on LB-Explorer-0614170001021004F657" (/etc/avahi/services/sftp-ssh.service) successfully established.
Jan  1 01:01:11    200 daemon.info avahi-daemon[872]: Service "FTP Transfer on LB-Explorer-0614170001021004F657" (/etc/avahi/services/ftp.service) successfully established.
Jan  1 01:01:13    201 local4.notice Emerald Base: hostname:         'LB-Explorer-0614170001021004F657'
Jan  1 01:01:13    202 local4.notice Emerald Base: Board ID:         '2'
Jan  1 01:01:13    203 local4.notice Emerald Base: NOR BootVersion:  '1.0.8.6905'
Jan  1 01:01:13    204 local4.notice Emerald Base: NOR SerialNumber: '0614170001021004F657'
Jan  1 01:01:14    205 local4.notice Emerald Base: NAND BootVersion: '1.0.8.6905'
Jan  1 01:01:14    206 local4.notice Emerald Base: Firmware Release Version: 1.0.8-6905
Jan  1 01:01:14    207 local4.notice Emerald Base: Base bin Version: "1.0.8.5070"^M
Jan  1 01:01:14    208 local4.notice Emerald Base: Base lib Version: "1.0.8.5190"^M
Jan  1 01:01:14    209 local4.notice Emerald Base: Base L3X Version: "1.0.8.5154"^M
Jan  1 01:01:14    210 local4.notice Emerald Base: Base Brio Version: "1.0.8.6905"^M
Jan  1 01:01:47    211 local4.crit Emerald App: [0x280] no DFTP activity detected after 45000 msec
Jan  1 01:03:02    212 local4.notice Emerald App: [0x280] Screen brightness set for low power ! 
Jan  1 01:08:02    213 local4.crit Emerald App: [0x280] System shutting down due to inactivity after 420000 [ms] ! 
Jan  1 01:08:02    214 local4.notice Emerald App: [0x8] CreateTimer tTimerHndl=0x31988 callback=0x40316b74 SIGRT34
Jan  1 01:08:02    215 local4.notice Emerald App: [0x280] mCurrentTransition = kReplaceAllWithApp !
Jan  1 01:08:02    216 local4.notice Emerald App: [0x280] CAppManager::ExitPopUnloadApp()
Jan  1 01:08:02    217 local4.notice Emerald App: [0x6] RemoveListener: removed listener 0x18af0, number 1
Jan  1 01:08:02    218 local4.notice Emerald App: [0x6] RemoveListener: could not remove listener 0x18af0, number 1
Jan  1 01:08:02    219 local4.notice Emerald App: [0x0] Displaying the shutdown screen now.
Jan  1 01:08:02    220 user.info kernel: drivers/input/touchscreen/lf1000_ts.c.set_sample_rate_in_hz:624 sample_rate_in_jiffies=1
Jan  1 01:08:02    221 user.info kernel: drivers/input/touchscreen/lf1000_ts.c.set_debounce_in_samples_down:314 debounce_in_samples_down=4
Jan  1 01:08:02    222 user.info kernel: drivers/input/touchscreen/lf1000_ts.c.set_debounce_in_samples_up:350 debounce_in_samples_up=1
Jan  1 01:08:02    223 local4.alert Emerald App: [0x280] ::Run return mRestart:0
Jan  1 01:08:02    224 local4.notice Emerald App: [0x280] CAppManager::~CAppManager()
Jan  1 01:08:02    225 local4.notice Emerald App: [0x6] RemoveListener: removed listener 0x16a30, number 0
Jan  1 01:08:02    226 local4.notice Emerald App: [0x280] CAppManager::ExitPopUnloadApp()
Jan  1 01:08:02    227 user.info kernel: drivers/input/touchscreen/lf1000_ts.c.set_sample_rate_in_hz:624 sample_rate_in_jiffies=1
Jan  1 01:08:02    228 user.info kernel: drivers/input/touchscreen/lf1000_ts.c.set_debounce_in_samples_down:314 debounce_in_samples_down=4
Jan  1 01:08:02    229 user.info kernel: drivers/input/touchscreen/lf1000_ts.c.set_debounce_in_samples_up:350 debounce_in_samples_up=1
Jan  1 01:08:02    230 local4.notice Emerald App: [0x6] RemoveListener: could not remove listener 0x18eb0, number 0
Jan  1 01:08:02    231 user.info kernel: drivers/lf1000/i2s/main.c.audio_release() dev->isOpen=0
Jan  1 01:08:02    232 local4.notice Emerald App: [0x6] RemoveListener: could not remove listener 0x16a30, number 0
Jan  1 01:08:02    233 local4.notice Emerald App: [0x0] Calling Shutdown().
Jan  1 01:08:02    234 local4.notice Emerald App: [0x5] DisplayModule::InitModule: /dev/mlc base = 82E00000, size = 01200000
Jan  1 01:08:02    235 local4.notice Emerald App: [0x5] DisplayModule::InitModule: mapped base 82E00000, size 01200000 to 0x82e00000
Jan  1 01:08:02    236 local4.notice Emerald App: [0x5] DisplayModule::InitModule: mapped base A2E00000, size 01200000 to 0x4056d000
Jan  1 01:08:02    237 local4.notice Emerald App: [0x5] DisplayModule::CreateHandle: 0x4166d000
Jan  1 01:08:02    238 local4.notice Emerald App: [0x1] EnableSpeaker: 1
Jan  1 01:08:02    239 user.info kernel: drivers/lf1000/i2s/main.c.audio_open() dev->isOpen=1
Jan  1 01:08:02    240 user.info kernel: setAudioRate: expected rate 32000Hz, actual: 32000Hz
Jan  1 01:08:02    241 user.info kernel: getAudioRate: sample rate: 32000Hz, divisor: 48, CLKGEN0: 0x000002F0
Jan  1 01:08:02    242 local4.crit Emerald App: [0xd] VideoTask Started...
Jan  1 01:08:04    243 local4.crit Emerald App: [0xd] VideoTask Stopping...
Jan  1 01:08:04    244 local4.notice Emerald App: [0x6] RemoveListener: could not remove listener 0xc02a8, number 0
Jan  1 01:08:04    245 user.info kernel: drivers/lf1000/i2s/main.c.audio_release() dev->isOpen=0
Jan  1 01:08:04    246 local4.notice Emerald App: [0x5] DisplayModule::DestroyHandle: 0x4166d000
Jan  1 01:08:04    247 local4.notice Emerald App: [0x6] ~CEventManagerImpl: Terminating cart thread
Jan  1 01:08:04    248 local4.notice Emerald App: [0x6] ~CEventManagerImpl: Terminating button thread
Jan  1 01:08:04    249 local4.notice Emerald App: [0x6] ~CEventManagerImpl: Terminating message thread
Jan  1 01:08:04    250 local4.notice Emerald App: [0x6] EventDispatchTask() exiting 0x16708
Jan  1 01:08:04    251 local4.notice Emerald App: [0x6] ~CEventManagerImpl: counter=8, retval=0x16708
Jan  1 01:08:04    252 local4.notice /usr/bin/app: AppManager exit(0) count=1 uptime=434
Jan  1 01:08:04    253 daemon.warn avahi-daemon[872]: Disconnected from D-Bus, exiting.
Jan  1 01:08:04    254 daemon.info avahi-daemon[872]: Got SIGQUIT, quitting.
Jan  1 01:08:05    255 daemon.info avahi-daemon[872]: Leaving mDNS multicast group on interface usb0.IPv4 with address 10.0.0.2.
Jan  1 01:08:05    256 local4.notice Emerald Base: Stopping vbus-monitor ...
Jan  1 01:08:05    257 local4.notice Emerald Base: Stopping /etc/init.d/networking ...
Jan  1 01:08:05    258 local4.notice Emerald Base: Stopping Ethernet USB driver ...
Jan  1 01:08:05    259 local4.notice Emerald Base: Stopping system logging ... !
Jan  1 01:08:05    260 user.notice kernel: klogd: exiting
Jan  1 01:08:05    261 syslog.info syslogd exiting
Jan  1 01:11:26      0 syslog.info syslogd started: BusyBox v1.13.2---1
Jan  1 01:11:26      1 local4.notice Recovery Keep-Alives: boot_image=PLAY boot_source=NOR panic=0 power=WARM request=PLAY shutdown=DIRTY raw=0003E246
Jan  1 01:11:26      2 user.notice kernel: klogd started: BusyBox v1.13.2 (2010-03-16 15:24:13 PDT)
Jan  1 01:11:26      3 user.notice kernel: Linux version 2.6.31-leapfrog (lfu@lightning-release) (gcc version 4.1.1) #37 Fri Mar 26 16:44:07 PDT 2010
Jan  1 01:11:26      4 user.warn kernel: CPU: ARM926EJ-S [41069265] revision 5 (ARMv5TEJ), cr=00053177
Jan  1 01:11:26      5 user.warn kernel: CPU: VIVT data cache, VIVT instruction cache
Jan  1 01:11:26      6 user.warn kernel: Machine: ARM-LF1000
Jan  1 01:11:26      7 user.warn kernel: Memory policy: ECC disabled, Data cache writeback
Jan  1 01:11:26      8 user.debug kernel: On node 0 totalpages: 11776
Jan  1 01:11:26      9 user.debug kernel: free_area_init_node: node 0, pgdat c03492dc, node_mem_map c037e000
Jan  1 01:11:26     10 user.debug kernel:   Normal zone: 92 pages used for memmap
Jan  1 01:11:26     11 user.debug kernel:   Normal zone: 0 pages reserved
Jan  1 01:11:26     12 user.debug kernel:   Normal zone: 11684 pages, LIFO batch:1
Jan  1 01:11:26     13 user.info kernel: lf1000_oscvco_set.60 pll 0, not changed already set to 0x00DF2100
Jan  1 01:11:26     14 user.warn kernel: PLL0=393.218109 MHz   
Jan  1 01:11:26     15 user.info kernel: lf1000_oscvco_set.60 pll 1, not changed already set to 0x0024C402
Jan  1 01:11:26     16 user.warn kernel: PLL1=147.000 MHz   Built 1 zonelists in Zone order, mobility grouping on.  Total pages: 11684
Jan  1 01:11:26     17 user.notice kernel: Kernel command line: init=/sbin/init console=ttyS0,115200 mem=46M mlc_fb=0x82E00000,0x01200000 ram=0x80000000-0x83FFFFFF screen_module=ILI9322 ebs=0x20000,0x0 root=ubi0_0 rw rootfstype=ubifs ubi.mtd=RFS 
Jan  1 01:11:26     18 user.warn kernel: PID hash table entries: 256 (order: 8, 1024 bytes)
Jan  1 01:11:26     19 user.info kernel: Dentry cache hash table entries: 8192 (order: 3, 32768 bytes)
Jan  1 01:11:26     20 user.info kernel: Inode-cache hash table entries: 4096 (order: 2, 16384 bytes)
Jan  1 01:11:26     21 user.info kernel: Memory: 46MB = 46MB total
Jan  1 01:11:26     22 user.notice kernel: Memory: 43064KB available (3028K code, 323K data, 104K init, 0K highmem)
Jan  1 01:11:26     23 user.info kernel: NR_IRQS:42
Jan  1 01:11:26     24 user.warn kernel: TIM0=  4.593 MHz   TIM1=  4.593 MHz   TIM2=  4.593 MHz   TIM3=  4.593 MHz   TIM4=  4.593 MHz   
Jan  1 01:11:26     25 user.info kernel: console [ttyS0] enabled
Jan  1 01:11:26     26 user.info kernel: Calibrating delay loop (skipped) preset value.. 786.43 BogoMIPS (lpj=3932181)
Jan  1 01:11:26     27 user.warn kernel: Mount-cache hash table entries: 512
Jan  1 01:11:26     28 user.info kernel: CPU: Testing write buffer coherency: ok
Jan  1 01:11:26     29 user.info kernel: NET: Registered protocol family 16
Jan  1 01:11:26     30 user.warn kernel: bio: create slab <bio-0> at 0
Jan  1 01:11:26     31 user.info kernel: usbcore: registered new interface driver usbfs
Jan  1 01:11:26     32 user.info kernel: usbcore: registered new interface driver hub
Jan  1 01:11:26     33 user.info kernel: usbcore: registered new device driver usb
Jan  1 01:11:26     34 user.info kernel: NET: Registered protocol family 2
Jan  1 01:11:26     35 user.info kernel: IP route cache hash table entries: 1024 (order: 0, 4096 bytes)
Jan  1 01:11:26     36 user.info kernel: TCP established hash table entries: 2048 (order: 2, 16384 bytes)
Jan  1 01:11:26     37 user.info kernel: TCP bind hash table entries: 2048 (order: 1, 8192 bytes)
Jan  1 01:11:26     38 user.info kernel: TCP: Hash tables configured (established 2048 bind 2048)
Jan  1 01:11:26     39 user.info kernel: TCP reno registered
Jan  1 01:11:26     40 user.info kernel: NET: Registered protocol family 1
Jan  1 01:11:26     41 user.info kernel: arch/arm/mach-lf1000/gpio_main.c.check_for_touchscreen:1381 found touchscreen
Jan  1 01:11:26     42 user.info kernel: Reading Board ID =  2
Jan  1 01:11:26     43 user.info kernel: JFFS2 version 2.2. (NAND) (SUMMARY)  Â© 2001-2006 Red Hat, Inc.
Jan  1 01:11:26     44 user.info kernel: msgmni has been set to 84
Jan  1 01:11:26     45 user.info kernel: alg: No test for stdrng (krng)
Jan  1 01:11:26     46 user.info kernel: io scheduler noop registered
Jan  1 01:11:26     47 user.info kernel: io scheduler deadline registered (default)
Jan  1 01:11:26     48 user.info kernel: Serial: 8250/16550 driver $Revision: 1.90 $ 4 ports, IRQ sharing disabled
Jan  1 01:11:26     49 user.info kernel: serial8250: ttyS0 at MMIO 0x0 (irq = 10) is a 8250
Jan  1 01:11:26     50 user.info kernel: serial8250: ttyS1 at MMIO 0x0 (irq = 34) is a 8250
Jan  1 01:11:26     51 user.info kernel: serial8250: ttyS2 at MMIO 0x0 (irq = 35) is a 8250
Jan  1 01:11:26     52 user.info kernel: serial8250: ttyS3 at MMIO 0x0 (irq = 36) is a 8250
Jan  1 01:11:26     53 user.info kernel: brd: module loaded
Jan  1 01:11:26     54 user.info kernel: loop: module loaded
Jan  1 01:11:26     55 user.info kernel: ohci_hcd: USB 1.1 'Open' Host Controller (OHCI) Driver
Jan  1 01:11:26     56 user.warn kernel: usb_hcd_lf1000_probe^M
Jan  1 01:11:26     57 user.warn kernel: hcd->regs: xc30be000
Jan  1 01:11:26     58 user.debug kernel: drivers/usb/host/ohci-lf1000.clf1000_start_hc
Jan  1 01:11:26     59 user.debug kernel: drivers/usb/host/ohci-lf1000.clf1000_start_hc returns
Jan  1 01:11:26     60 user.warn kernel: before ohci_hcd_init()
Jan  1 01:11:26     61 user.warn kernel: after ohci_hcd_init()^M
Jan  1 01:11:26     62 user.info kernel: lf1000-ohci lf1000-ohci: LF1000 OHCI
Jan  1 01:11:26     63 user.info kernel: lf1000-ohci lf1000-ohci: new USB bus registered, assigned bus number 1
Jan  1 01:11:26     64 user.info kernel: lf1000-ohci lf1000-ohci: irq 28, io mem 0xc000d000
Jan  1 01:11:26     65 user.warn kernel: ohci->regs: xc30be000
Jan  1 01:11:26     66 user.warn kernel: &ohci->regs->control: xc30be004
Jan  1 01:11:26     67 user.warn kernel: ioread32(&ohci->regs->control): 0x0
Jan  1 01:11:26     68 user.warn kernel: after hcd->driver->start
Jan  1 01:11:26     69 user.info kernel: usb usb1: configuration #1 chosen from 1 choice
Jan  1 01:11:26     70 user.info kernel: hub 1-0:1.0: USB hub found
Jan  1 01:11:26     71 user.info kernel: hub 1-0:1.0: 2 ports detected
Jan  1 01:11:26     72 user.warn kernel: usb_add_hcd() returns 0
Jan  1 01:11:26     73 user.warn kernel: after usb_add_hcd()^M
Jan  1 01:11:26     74 user.warn kernel: usb_hcd_lf1000_probe returns^M
Jan  1 01:11:26     75 user.warn kernel: IRQ 31/lf1000-rtc: IRQF_DISABLED is not guaranteed on shared IRQs
Jan  1 01:11:26     76 user.debug kernel: lf1000-rtc: dev (254:0)
Jan  1 01:11:26     77 user.info kernel: lf1000-rtc lf1000-rtc: rtc core: registered lf1000-rtc as rtc0
Jan  1 01:11:26     78 user.info kernel: LF1000 Real Time Clock driver.
Jan  1 01:11:26     79 user.info kernel: i2c /dev entries driver
Jan  1 01:11:26     80 user.info kernel: Software Watchdog Timer: 0.07 initialized. soft_noboot=0 soft_margin=60 sec (nowayout= 0)
Jan  1 01:11:26     81 user.info kernel: usbcore: registered new interface driver usbhid
Jan  1 01:11:26     82 user.info kernel: usbhid: v2.6:USB HID core driver
Jan  1 01:11:26     83 user.info kernel: setAudioRate: expected rate 32000Hz, actual: 32000Hz
Jan  1 01:11:26     84 user.notice kernel: *** MLC mlc_fb_addr=82e00000 size=01200000 fb[0]=82e00000 ***
Jan  1 01:11:26     85 user.info kernel: lf1000-dpc driver
Jan  1 01:11:26     86 user.warn kernel: dpc: PWM clock rate is 9800000
Jan  1 01:11:26     87 user.debug kernel: idct: start=C000F800, end=C000FFC4
Jan  1 01:11:26     88 user.debug kernel: idct: mem=c30e8800
Jan  1 01:11:26     89 user.info kernel: input: LF1000 USB as /class/input/input0
Jan  1 01:11:26     90 user.info kernel: Cartridge hot swap supported 
Jan  1 01:11:26     91 user.info kernel: nand_get_flash_type(...): Manu_ID = 2c, Dev_ID = dc 
Jan  1 01:11:26     92 user.info kernel: NAND device: Manufacturer ID: 0x2c, Chip ID: 0xdc (Micron NAND 512MiB 3,3V 8-bit)
Jan  1 01:11:26     93 user.err kernel: I: chip->options & NAND_NO_SUBPAGE_WRITE = 0
Jan  1 01:11:26     94 user.err kernel: I: chip->options & NAND_CI_CELLTYPE_MSK = 0
Jan  1 01:11:26     95 user.err kernel: I: ecc.steps = 8
Jan  1 01:11:26     96 user.err kernel: I: mtd=c29ee400 mtd->subpage_sft = 2
Jan  1 01:11:26     97 user.info kernel: Scanning device for bad blocks
Jan  1 01:11:26     98 user.warn kernel: Bad eraseblock 1642 at 0x00000cd40000
Jan  1 01:11:26     99 user.info kernel: lf1000-mtd: totally igorning cartridge in boot
Jan  1 01:11:26    100 user.notice kernel: Creating 5 MTD partitions on "lf1000-base":
Jan  1 01:11:26    101 local4.notice Emerald Base: +++ 2.07 18 179 11 Bgn AppManager
Jan  1 01:11:26    102 user.notice kernel: 0x000000000000-0x000000100000 : "Emerald_Boot"
Jan  1 01:11:26    103 user.notice kernel: 0x000000100000-0x000000200000 : "I18n_Screens"
Jan  1 01:11:26    104 user.notice kernel: 0x000000200000-0x000000a00000 : "Kernel"
Jan  1 01:11:26    105 user.notice kernel: 0x000000a00000-0x000006000000 : "RFS"
Jan  1 01:11:26    106 user.notice kernel: 0x000006000000-0x000020000000 : "Bulk"
Jan  1 01:11:26    107 user.notice kernel: Probing nor-flash at physical address 0x00000000 (8-bit bankwidth)
Jan  1 01:11:26    108 user.info kernel: Found: SST 39LF040
Jan  1 01:11:26    109 user.info kernel: nor-flash: Found 1 x8 devices at 0x0 in 8-bit bank
Jan  1 01:11:26    110 user.notice kernel: number of JEDEC chips: 1
Jan  1 01:11:26    111 user.notice kernel: cfi_cmdset_0002: Disabling erase-suspend-program due to code brokenness.
Jan  1 01:11:26    112 user.info kernel: lf1000_flash_probe().96
Jan  1 01:11:26    113 user.info kernel: lf1000_flash_probe().147
Jan  1 01:11:26    114 user.notice kernel: Creating 3 MTD partitions on "nor-flash":
Jan  1 01:11:26    115 user.notice kernel: 0x000000000000-0x00000007e000 : "NOR_Boot"
Jan  1 01:11:26    116 user.notice kernel: 0x00000007e000-0x00000007f000 : "MfgData0"
Jan  1 01:11:26    117 user.notice kernel: 0x00000007f000-0x000000080000 : "MfgData1"
Jan  1 01:11:26    118 user.notice kernel: UBI: attaching mtd3 to ubi0
Jan  1 01:11:26    119 user.notice kernel: UBI: physical eraseblock size:   131072 bytes (128 KiB)
Jan  1 01:11:26    120 user.notice kernel: UBI: logical eraseblock size:    129024 bytes
Jan  1 01:11:26    121 user.notice kernel: UBI: smallest flash I/O unit:    2048
Jan  1 01:11:26    122 user.notice kernel: UBI: sub-page size:              512
Jan  1 01:11:26    123 user.notice kernel: UBI: VID header offset:          512 (aligned 512)
Jan  1 01:11:26    124 user.notice kernel: UBI: data offset:                2048
Jan  1 01:11:26    125 user.notice kernel: UBI: attached mtd3 to ubi0
Jan  1 01:11:26    126 user.notice kernel: UBI: MTD device name:            "RFS"
Jan  1 01:11:26    127 user.notice kernel: UBI: MTD device size:            86 MiB
Jan  1 01:11:26    128 user.notice kernel: UBI: number of good PEBs:        688
Jan  1 01:11:26    129 auth.notice su: + none root:game
Jan  1 01:11:26    130 user.notice kernel: UBI: number of bad PEBs:         0
Jan  1 01:11:26    131 user.notice kernel: UBI: max. allowed volumes:       128
Jan  1 01:11:26    132 user.notice kernel: UBI: wear-leveling threshold:    4096
Jan  1 01:11:26    133 user.notice kernel: UBI: number of internal volumes: 1
Jan  1 01:11:26    134 user.notice kernel: UBI: number of user volumes:     1
Jan  1 01:11:26    135 user.notice kernel: UBI: available PEBs:             0
Jan  1 01:11:26    136 user.notice kernel: UBI: total number of reserved PEBs: 688
Jan  1 01:11:26    137 user.notice kernel: UBI: number of PEBs reserved for bad PEB handling: 6
Jan  1 01:11:26    138 user.notice kernel: UBI: max/mean erase counter: 23/7
Jan  1 01:11:26    139 user.notice kernel: UBI: image sequence number: 0
Jan  1 01:11:26    140 user.notice kernel: UBI: background thread "ubi_bgt0d" started, PID 711
Jan  1 01:11:26    141 user.alert kernel: lf1000_power_probe.647
Jan  1 01:11:26    142 user.info kernel: input: Power Button as /class/input/input1
Jan  1 01:11:26    143 user.alert kernel: lf1000_power_probe.717 initial battery reading is :7
Jan  1 01:11:26    144 user.info kernel: input: LF1000 Keyboard as /class/input/input2
Jan  1 01:11:26    145 user.info kernel: TCP cubic registered
Jan  1 01:11:26    146 user.info kernel: NET: Registered protocol family 17
Jan  1 01:11:26    147 user.debug kernel: lf1000_rtc_readtime(): 2008-01-01 01:11:25
Jan  1 01:11:26    148 user.info kernel: lf1000-rtc lf1000-rtc: setting system clock to 2008-01-01 01:11:25 UTC (1199149885)
Jan  1 01:11:26    149 user.notice kernel: UBIFS: mounted UBI device 0, volume 0, name "ubi_rfs"
Jan  1 01:11:26    150 user.notice kernel: UBIFS: file system size:   86059008 bytes (84042 KiB, 82 MiB, 667 LEBs)
Jan  1 01:11:26    151 user.notice kernel: UBIFS: journal size:       9033728 bytes (8822 KiB, 8 MiB, 71 LEBs)
Jan  1 01:11:26    152 user.notice kernel: UBIFS: media format:       w4/r0 (latest is w4/r0)
Jan  1 01:11:26    153 user.notice kernel: UBIFS: default compressor: lzo
Jan  1 01:11:26    154 user.notice kernel: UBIFS: reserved for root:  0 bytes (0 KiB)
Jan  1 01:11:26    155 user.warn kernel: VFS: Mounted root (ubifs filesystem) on device 0:13.
Jan  1 01:11:26    156 user.info kernel: Freeing init memory: 104K
Jan  1 01:11:26    157 user.info kernel: drivers/lf1000/i2s/main.c.audio_open() dev->isOpen=1
Jan  1 01:11:26    158 user.info kernel: setAudioRate: expected rate 32000Hz, actual: 32000Hz
Jan  1 01:11:26    159 user.info kernel: getAudioRate: sample rate: 32000Hz, divisor: 48, CLKGEN0: 0x000002F0
Jan  1 01:11:26    160 local4.notice Emerald Base: Use ADC settings from NOR 33 2026
Jan  1 01:11:27    161 local4.notice Emerald Base: Starting Ethernet USB driver ...
Jan  1 01:11:27    162 user.info kernel: usb0: MAC 80:38:fd:04:f6:57
Jan  1 01:11:27    163 user.info kernel: usb0: HOST MAC 80:38:fd:84:f6:57
Jan  1 01:11:27    164 user.info kernel: g_ether gadget: Ethernet Gadget, version: Veterans Day 2009
Jan  1 01:11:27    165 user.info kernel: g_ether gadget: g_ether ready
Jan  1 01:11:27    166 local4.notice Emerald Base: Starting touch screen driver ...
Jan  1 01:11:27    167 user.info kernel: input: LF1000 touchscreen interface as /class/input/input3
Jan  1 01:11:27    168 user.info kernel: g_ether gadget: high speed config #1: CDC Ethernet (ECM)
Jan  1 01:11:28    169 local4.notice Emerald Base: setcal: Using USERCAL in /flags/pointercal -33242 -632 28392732 -633 -28679 23140057 65536
Jan  1 01:11:28    170 user.info kernel: drivers/input/touchscreen/lf1000_ts.c.set_a0:470 a[0]=28392732
Jan  1 01:11:28    171 user.info kernel: drivers/input/touchscreen/lf1000_ts.c.set_a1:491 a[1]=-33242
Jan  1 01:11:28    172 user.info kernel: drivers/input/touchscreen/lf1000_ts.c.set_a2:513 a[2]=-632
Jan  1 01:11:28    173 user.info kernel: drivers/input/touchscreen/lf1000_ts.c.set_a3:535 a[3]=23140057
Jan  1 01:11:28    174 user.info kernel: drivers/input/touchscreen/lf1000_ts.c.set_a4:556 a[4]=-633
Jan  1 01:11:28    175 user.info kernel: drivers/input/touchscreen/lf1000_ts.c.set_a5:577 a[5]=-28679
Jan  1 01:11:28    176 user.info kernel: drivers/input/touchscreen/lf1000_ts.c.set_a6:598 a[6]=65536
Jan  1 01:11:28    177 local4.notice Emerald Base: +++ 3.99 87 301 11 Bgn Attaching Bulk
Jan  1 01:11:28    178 user.notice kernel: UBI: attaching mtd4 to ubi1
Jan  1 01:11:28    179 user.notice kernel: UBI: physical eraseblock size:   131072 bytes (128 KiB)
Jan  1 01:11:28    180 user.notice kernel: UBI: logical eraseblock size:    129024 bytes
Jan  1 01:11:28    181 user.notice kernel: UBI: smallest flash I/O unit:    2048
Jan  1 01:11:28    182 user.notice kernel: UBI: sub-page size:              512
Jan  1 01:11:28    183 user.notice kernel: UBI: VID header offset:          512 (aligned 512)
Jan  1 01:11:28    184 user.notice kernel: UBI: data offset:                2048
Jan  1 01:11:28    185 user.info kernel: drivers/lf1000/i2s/main.c.audio_release() dev->isOpen=0
Jan  1 01:11:29    186 local4.notice Emerald App: [0x6] Start ButtonPowerUSB Task ... !
Jan  1 01:11:29    187 local4.notice Emerald App: [0x6] Start Cartridge task ...!
Jan  1 01:11:29    188 user.notice kernel: UBI: attached mtd4 to ubi1
Jan  1 01:11:29    189 user.notice kernel: UBI: MTD device name:            "Bulk"
Jan  1 01:11:29    190 user.notice kernel: UBI: MTD device size:            416 MiB
Jan  1 01:11:29    191 user.notice kernel: UBI: number of good PEBs:        3327
Jan  1 01:11:29    192 user.notice kernel: UBI: number of bad PEBs:         1
Jan  1 01:11:29    193 user.notice kernel: UBI: max. allowed volumes:       128
Jan  1 01:11:29    194 user.notice kernel: UBI: wear-leveling threshold:    4096
Jan  1 01:11:29    195 user.notice kernel: UBI: number of internal volumes: 1
Jan  1 01:11:29    196 user.notice kernel: UBI: number of user volumes:     1
Jan  1 01:11:29    197 user.notice kernel: UBI: available PEBs:             0
Jan  1 01:11:29    198 user.notice kernel: UBI: total number of reserved PEBs: 3327
Jan  1 01:11:29    199 local4.notice Emerald Base: +++ 5.32 129 391 11 Bgn Mounting /LF/Bulk
Jan  1 01:11:29    200 user.notice kernel: UBIFS: mounted UBI device 1, volume 0, name "ubi_bulk"
Jan  1 01:11:29    201 user.notice kernel: UBIFS: file system size:   423069696 bytes (413154 KiB, 403 MiB, 3279 LEBs)
Jan  1 01:11:29    202 user.notice kernel: UBIFS: journal size:       9033728 bytes (8822 KiB, 8 MiB, 71 LEBs)
Jan  1 01:11:29    203 user.notice kernel: UBIFS: media format:       w4/r0 (latest is w4/r0)
Jan  1 01:11:29    204 user.notice kernel: UBIFS: default compressor: lzo
Jan  1 01:11:29    205 user.notice kernel: UBIFS: reserved for root:  0 bytes (0 KiB)
Jan  1 01:11:29    206 local4.notice Emerald App: [0x5] DisplayModule::InitModule: /dev/mlc base = 82E00000, size = 01200000
Jan  1 01:11:29    207 local4.notice Emerald App: [0x5] DisplayModule::InitModule: mapped base 82E00000, size 01200000 to 0x82e00000
Jan  1 01:11:29    208 local4.notice Emerald App: [0x5] DisplayModule::InitModule: mapped base A2E00000, size 01200000 to 0x4056d000
Jan  1 01:11:29    209 local4.notice Emerald App: [0x280] CAppManager::CAppManager ; LightningBase/Src/AppManager.cpp; 305; 30952
Jan  1 01:11:29    210 local4.notice Emerald App: [0x280] Shutdown Timer set for 12000 [ms] timeout
Jan  1 01:11:29    211 local4.notice Emerald App: [0x280] USB Device Watchdog set for 12 [sec] timeout
Jan  1 01:11:29    212 local4.crit Emerald App: [0x280] USB connection detected during init
Jan  1 01:11:29    213 local4.notice Emerald App: [0x280] AppManager signal handler installed 
Jan  1 01:11:29    214 local4.notice Emerald App: [0x6] AddListener: added listener 0x16ac0, number 1
Jan  1 01:11:30    215 local4.notice Emerald App: [0x1] EnableSpeaker: 1
Jan  1 01:11:30    216 user.info kernel: drivers/lf1000/i2s/main.c.audio_open() dev->isOpen=1
Jan  1 01:11:30    217 user.info kernel: setAudioRate: expected rate 32000Hz, actual: 32000Hz
Jan  1 01:11:30    218 user.info kernel: getAudioRate: sample rate: 32000Hz, divisor: 48, CLKGEN0: 0x000002F0
Jan  1 01:11:30    219 local4.notice Emerald App: [0x280] mCurrentTransition = kLoginApp !
Jan  1 01:11:30    220 local4.alert Emerald App: [0x280] USB state pre-empting UI
Jan  1 01:11:30    221 local4.notice Emerald App: [0x280] mCurrentTransition = kPushApp !
Jan  1 01:11:30    222 local4.crit Emerald App: [0x280] kUSBDeviceConnected: USB/DFTP connected (01)
Jan  1 01:11:30    223 local4.notice Emerald App: [0x6] AddListener: added listener 0x18d30, number 2
Jan  1 01:11:30    224 local4.notice Emerald App: [0x5] DisplayModule::CreateHandle: 0x82e00000
Jan  1 01:11:37    225 local4.notice Emerald App: [0x13] CartManager started !
Jan  1 01:11:37    226 local4.notice Emerald Base: Starting /etc/init.d/networking ...
Jan  1 01:11:37    227 local4.notice Emerald Base: /etc/init.d/networking: /flags/developer: forcing static IP
Jan  1 01:11:37    228 daemon.info avahi-daemon[870]: Found user 'avahi' (UID 1102) and group 'avahi' (GID 1102).
Jan  1 01:11:37    229 daemon.info avahi-daemon[870]: Successfully dropped root privileges.
Jan  1 01:11:37    230 daemon.info avahi-daemon[870]: avahi-daemon 0.6.24 starting up.
Jan  1 01:11:37    231 daemon.warn avahi-daemon[870]: WARNING: No NSS support for mDNS detected, consider installing nss-mdns!
Jan  1 01:11:37    232 daemon.warn avahi-daemon[870]: Failed to open /etc/resolv.conf: No such file or directory
Jan  1 01:11:37    233 daemon.info avahi-daemon[870]: Loading service file /etc/avahi/services/ftp.service.
Jan  1 01:11:37    234 daemon.info avahi-daemon[870]: Loading service file /etc/avahi/services/sftp-ssh.service.
Jan  1 01:11:37    235 daemon.info avahi-daemon[870]: Loading service file /etc/avahi/services/ssh.service.
Jan  1 01:11:37    236 daemon.info avahi-daemon[870]: Joining mDNS multicast group on interface usb0.IPv4 with address 10.0.0.2.
Jan  1 01:11:37    237 daemon.info avahi-daemon[870]: New relevant interface usb0.IPv4 for mDNS.
Jan  1 01:11:37    238 daemon.info avahi-daemon[870]: Network interface enumeration completed.
Jan  1 01:11:37    239 daemon.info avahi-daemon[870]: Registering new address record for 10.0.0.2 on usb0.IPv4.
Jan  1 01:11:37    240 daemon.info avahi-daemon[870]: Registering HINFO record with values 'ARMV5TEJL'/'LINUX'.
Jan  1 01:11:38    241 local4.notice Emerald Base: Starting vbus-monitor ...
Jan  1 01:11:38    242 local4.notice vbus-actions: VBUS went high; clear get-ip cache, refresh avahi-autoipd, start DFTP
Jan  1 01:11:38    243 local4.notice Emerald Base: Starting DFTP ...
Jan  1 01:11:38    244 local4.alert Emerald Base DFTP: DFTP Version=0.26
Jan  1 01:11:38    245 local4.notice Emerald Base DFTP: Initialize DFTP 
Jan  1 01:11:38    246 daemon.info avahi-daemon[870]: Server startup complete. Host name is LB-Explorer-0614170001021004F657.local. Local service cookie is 4026025418.
Jan  1 01:11:39    247 auth.info sshd[911]: Server listening on 0.0.0.0 port 22.
Jan  1 01:11:39    248 local4.notice Emerald Base: starting telnetd, vsftpd, and sshd
Jan  1 01:11:39    249 daemon.info avahi-daemon[870]: Service "LB-Explorer-0614170001021004F657" (/etc/avahi/services/ssh.service) successfully established.
Jan  1 01:11:39    250 daemon.info avahi-daemon[870]: Service "SFTP File Transfer on LB-Explorer-0614170001021004F657" (/etc/avahi/services/sftp-ssh.service) successfully established.
Jan  1 01:11:39    251 daemon.info avahi-daemon[870]: Service "FTP Transfer on LB-Explorer-0614170001021004F657" (/etc/avahi/services/ftp.service) successfully established.
Jan  1 01:11:41    252 local4.notice Emerald Base: hostname:         'LB-Explorer-0614170001021004F657'
Jan  1 01:11:41    253 local4.notice Emerald Base: Board ID:         '2'
Jan  1 01:11:41    254 local4.notice Emerald Base: NOR BootVersion:  '1.0.8.6905'
Jan  1 01:11:41    255 local4.notice Emerald Base: NOR SerialNumber: '0614170001021004F657'
Jan  1 01:11:41    256 local4.notice Emerald Base: NAND BootVersion: '1.0.8.6905'
Jan  1 01:11:42    257 local4.notice Emerald Base: Firmware Release Version: 1.0.8-6905
Jan  1 01:11:42    258 local4.notice Emerald Base: Base bin Version: "1.0.8.5070"^M
Jan  1 01:11:42    259 local4.notice Emerald Base: Base lib Version: "1.0.8.5190"^M
Jan  1 01:11:42    260 local4.notice Emerald Base: Base L3X Version: "1.0.8.5154"^M
Jan  1 01:11:42    261 local4.notice Emerald Base: Base Brio Version: "1.0.8.6905"^M
Jan  1 01:12:13    262 auth.err sshd[949]: error: Could not get shadow information for root
Jan  1 01:12:13    263 auth.info sshd[949]: Accepted none for root from 10.0.0.1 port 60816 ssh2
Jan  1 01:12:13    264 auth.err sshd[949]: error: channel 0: chan_read_failed for istate 3
Jan  1 01:12:13    265 auth.err sshd[949]: error: channel 0: chan_read_failed for istate 3
Jan  1 01:12:13    266 auth.info sshd[949]: Received disconnect from 10.0.0.1: 11: disconnected by user
Jan  1 01:12:15    267 local4.crit Emerald App: [0x280] no DFTP activity detected after 45000 msec
Jan  1 01:12:19    268 auth.info login[953]: root login on 'pts/0'
Jan  1 01:13:30    269 local4.notice Emerald App: [0x280] Screen brightness set for low power ! 
Jan  1 01:14:39    270 local4.notice Emerald App: [0x280] Screen brightness set to normal ! 
Jan  1 01:16:39    271 local4.notice Emerald App: [0x280] Screen brightness set for low power ! 
Jan  1 01:19:11    272 local4.notice Emerald App: [0x280] Screen brightness set to normal ! 
Jan  1 01:19:15    273 auth.err sshd[975]: error: Could not get shadow information for root
Jan  1 01:19:15    274 auth.info sshd[975]: Accepted none for root from 10.0.0.1 port 60960 ssh2
Jan  1 01:19:15    275 auth.err sshd[975]: error: channel 0: chan_read_failed for istate 3
Jan  1 01:19:15    276 auth.err sshd[975]: error: channel 0: chan_read_failed for istate 3
Jan  1 01:19:15    277 auth.info sshd[975]: Received disconnect from 10.0.0.1: 11: disconnected by user
Jan  1 01:19:19    278 auth.info login[979]: root login on 'pts/0'
Jan  1 01:20:23    279 local4.notice Emerald App: [0x6] ButtonPowerUSBTask: vbus=0
Jan  1 01:20:23    280 local4.crit Emerald App: [0x280] kUSBDeviceConnected done: USB/DFTP disconnected: success=1
Jan  1 01:20:23    281 local4.notice vbus-actions: VBUS went low; stop DFTP
Jan  1 01:20:24    282 local4.notice Emerald Base: Stopping DFTP ...
Jan  1 01:20:24    283 local4.crit Emerald App: [0x280] wait for vbus=0 now
Jan  1 01:20:24    284 local4.crit Emerald App: [0x280] disconnected and vbus just went away
Jan  1 01:20:24    285 local4.alert Emerald App: [0x280] ::Run return mRestart:1
Jan  1 01:20:24    286 local4.notice Emerald App: [0x280] CAppManager::~CAppManager()
Jan  1 01:20:24    287 local4.notice Emerald App: [0x6] RemoveListener: removed listener 0x16ac0, number 1
Jan  1 01:20:24    288 local4.notice Emerald App: [0x280] CAppManager::ExitPopUnloadApp()
Jan  1 01:20:24    289 local4.notice Emerald App: [0x6] RemoveListener: removed listener 0x18d30, number 0
Jan  1 01:20:24    290 local4.notice Emerald App: [0x6] RemoveListener: could not remove listener 0x18d30, number 0
Jan  1 01:20:24    291 user.info kernel: drivers/input/touchscreen/lf1000_ts.c.set_sample_rate_in_hz:624 sample_rate_in_jiffies=1
Jan  1 01:20:24    292 user.info kernel: drivers/input/touchscreen/lf1000_ts.c.set_debounce_in_samples_down:314 debounce_in_samples_down=4
Jan  1 01:20:24    293 user.info kernel: drivers/input/touchscreen/lf1000_ts.c.set_debounce_in_samples_up:350 debounce_in_samples_up=1
Jan  1 01:20:24    294 local4.notice Emerald App: [0x6] RemoveListener: could not remove listener 0x18eb8, number 0
Jan  1 01:20:24    295 user.info kernel: drivers/lf1000/i2s/main.c.audio_release() dev->isOpen=0
Jan  1 01:20:24    296 local4.notice Emerald App: [0x6] RemoveListener: could not remove listener 0x16ac0, number 0
Jan  1 01:20:24    297 local4.notice Emerald App: [0x0] Calling Reset().
Jan  1 01:20:24    298 local4.notice Emerald App: [0x6] ~CEventManagerImpl: Terminating cart thread
Jan  1 01:20:24    299 local4.notice Emerald App: [0x6] ~CEventManagerImpl: Terminating button thread
Jan  1 01:20:24    300 local4.notice Emerald App: [0x6] ~CEventManagerImpl: Terminating message thread
Jan  1 01:20:24    301 local4.notice Emerald App: [0x6] EventDispatchTask() exiting 0x16708
Jan  1 01:20:24    302 local4.notice Emerald App: [0x6] ~CEventManagerImpl: counter=7, retval=0x16708
Jan  1 01:20:25    303 local4.notice /usr/bin/app: AppManager exit(3) count=1 uptime=540
Jan  1 01:20:25    304 local4.notice Emerald Base: +++ 540.71 2406 1507 49998 Bgn AppManager
Jan  1 01:20:25    305 auth.notice su: + none root:game
Jan  1 01:20:25    306 local4.notice Emerald App: [0x6] Start ButtonPowerUSB Task ... !
Jan  1 01:20:25    307 local4.notice Emerald App: [0x6] Start Cartridge task ...!
Jan  1 01:20:25    308 local4.notice Emerald App: [0x5] DisplayModule::InitModule: /dev/mlc base = 82E00000, size = 01200000
Jan  1 01:20:25    309 local4.notice Emerald App: [0x5] DisplayModule::InitModule: mapped base 82E00000, size 01200000 to 0x82e00000
Jan  1 01:20:25    310 local4.notice Emerald App: [0x5] DisplayModule::InitModule: mapped base A2E00000, size 01200000 to 0x4056d000
Jan  1 01:20:25    311 local4.notice Emerald App: [0x280] CAppManager::CAppManager ; LightningBase/Src/AppManager.cpp; 305; 25660
Jan  1 01:20:25    312 local4.notice Emerald App: [0x280] Shutdown Timer set for 12000 [ms] timeout
Jan  1 01:20:25    313 local4.notice Emerald App: [0x280] USB Device Watchdog set for 12 [sec] timeout
Jan  1 01:20:25    314 local4.notice Emerald App: [0x280] AppManager signal handler installed 
Jan  1 01:20:25    315 local4.notice Emerald App: [0x6] AddListener: added listener 0x16ac0, number 1
Jun 15 13:05:42      0 syslog.info syslogd started: BusyBox v1.13.2---1
Jun 15 13:05:42      1 local4.notice Recovery Keep-Alives: boot_image=PLAY boot_source=NOR panic=0 power=COLD request=BATTERY shutdown=DIRTY raw=0003E25D
Jun 15 13:05:42      2 user.notice kernel: klogd started: BusyBox v1.13.2 (2010-03-16 15:24:13 PDT)
Jun 15 13:05:42      3 user.notice kernel: Linux version 2.6.31-leapfrog (lfu@lightning-release) (gcc version 4.1.1) #37 Fri Mar 26 16:44:07 PDT 2010
Jun 15 13:05:42      4 user.warn kernel: CPU: ARM926EJ-S [41069265] revision 5 (ARMv5TEJ), cr=00053177
Jun 15 13:05:42      5 user.warn kernel: CPU: VIVT data cache, VIVT instruction cache
Jun 15 13:05:42      6 user.warn kernel: Machine: ARM-LF1000
Jun 15 13:05:42      7 user.warn kernel: Memory policy: ECC disabled, Data cache writeback
Jun 15 13:05:42      8 user.debug kernel: On node 0 totalpages: 11776
Jun 15 13:05:42      9 user.debug kernel: free_area_init_node: node 0, pgdat c03492dc, node_mem_map c037e000
Jun 15 13:05:42     10 user.debug kernel:   Normal zone: 92 pages used for memmap
Jun 15 13:05:42     11 user.debug kernel:   Normal zone: 0 pages reserved
Jun 15 13:05:42     12 user.debug kernel:   Normal zone: 11684 pages, LIFO batch:1
Jun 15 13:05:42     13 user.info kernel: lf1000_oscvco_set.60 pll 0, not changed already set to 0x00DF2100
Jun 15 13:05:42     14 user.warn kernel: PLL0=393.218109 MHz   
Jun 15 13:05:42     15 user.info kernel: lf1000_oscvco_set.60 pll 1, not changed already set to 0x0024C402
Jun 15 13:05:42     16 user.warn kernel: PLL1=147.000 MHz   Built 1 zonelists in Zone order, mobility grouping on.  Total pages: 11684
Jun 15 13:05:42     17 user.notice kernel: Kernel command line: init=/sbin/init console=ttyS0,115200 mem=46M mlc_fb=0x82E00000,0x01200000 ram=0x80000000-0x83FFFFFF screen_module=ILI9322 ebs=0x20000,0x0 root=ubi0_0 rw rootfstype=ubifs ubi.mtd=RFS 
Jun 15 13:05:42     18 user.warn kernel: PID hash table entries: 256 (order: 8, 1024 bytes)
Jun 15 13:05:42     19 user.info kernel: Dentry cache hash table entries: 8192 (order: 3, 32768 bytes)
Jun 15 13:05:42     20 user.info kernel: Inode-cache hash table entries: 4096 (order: 2, 16384 bytes)
Jun 15 13:05:42     21 user.info kernel: Memory: 46MB = 46MB total
Jun 15 13:05:42     22 user.notice kernel: Memory: 43064KB available (3028K code, 323K data, 104K init, 0K highmem)
Jun 15 13:05:42     23 user.info kernel: NR_IRQS:42
Jun 15 13:05:42     24 user.warn kernel: TIM0=  4.593 MHz   TIM1=  4.593 MHz   TIM2=  4.593 MHz   TIM3=  4.593 MHz   TIM4=  4.593 MHz   
Jun 15 13:05:42     25 user.info kernel: console [ttyS0] enabled
Jun 15 13:05:42     26 user.info kernel: Calibrating delay loop (skipped) preset value.. 786.43 BogoMIPS (lpj=3932181)
Jun 15 13:05:42     27 user.warn kernel: Mount-cache hash table entries: 512
Jun 15 13:05:42     28 user.info kernel: CPU: Testing write buffer coherency: ok
Jun 15 13:05:42     29 user.info kernel: NET: Registered protocol family 16
Jun 15 13:05:42     30 user.warn kernel: bio: create slab <bio-0> at 0
Jun 15 13:05:42     31 user.info kernel: usbcore: registered new interface driver usbfs
Jun 15 13:05:42     32 user.info kernel: usbcore: registered new interface driver hub
Jun 15 13:05:42     33 user.info kernel: usbcore: registered new device driver usb
Jun 15 13:05:42     34 user.info kernel: NET: Registered protocol family 2
Jun 15 13:05:42     35 user.info kernel: IP route cache hash table entries: 1024 (order: 0, 4096 bytes)
Jun 15 13:05:42     36 user.info kernel: TCP established hash table entries: 2048 (order: 2, 16384 bytes)
Jun 15 13:05:42     37 user.info kernel: TCP bind hash table entries: 2048 (order: 1, 8192 bytes)
Jun 15 13:05:42     38 user.info kernel: TCP: Hash tables configured (established 2048 bind 2048)
Jun 15 13:05:42     39 user.info kernel: TCP reno registered
Jun 15 13:05:42     40 user.info kernel: NET: Registered protocol family 1
Jun 15 13:05:42     41 user.info kernel: arch/arm/mach-lf1000/gpio_main.c.check_for_touchscreen:1381 found touchscreen
Jun 15 13:05:42     42 user.info kernel: Reading Board ID =  2
Jun 15 13:05:42     43 user.info kernel: JFFS2 version 2.2. (NAND) (SUMMARY)  Â© 2001-2006 Red Hat, Inc.
Jun 15 13:05:42     44 user.info kernel: msgmni has been set to 84
Jun 15 13:05:42     45 user.info kernel: alg: No test for stdrng (krng)
Jun 15 13:05:42     46 user.info kernel: io scheduler noop registered
Jun 15 13:05:42     47 user.info kernel: io scheduler deadline registered (default)
Jun 15 13:05:42     48 user.info kernel: Serial: 8250/16550 driver $Revision: 1.90 $ 4 ports, IRQ sharing disabled
Jun 15 13:05:42     49 user.info kernel: serial8250: ttyS0 at MMIO 0x0 (irq = 10) is a 8250
Jun 15 13:05:42     50 user.info kernel: serial8250: ttyS1 at MMIO 0x0 (irq = 34) is a 8250
Jun 15 13:05:42     51 user.info kernel: serial8250: ttyS2 at MMIO 0x0 (irq = 35) is a 8250
Jun 15 13:05:42     52 user.info kernel: serial8250: ttyS3 at MMIO 0x0 (irq = 36) is a 8250
Jun 15 13:05:42     53 user.info kernel: brd: module loaded
Jun 15 13:05:42     54 user.info kernel: loop: module loaded
Jun 15 13:05:42     55 user.info kernel: ohci_hcd: USB 1.1 'Open' Host Controller (OHCI) Driver
Jun 15 13:05:42     56 user.warn kernel: usb_hcd_lf1000_probe^M
Jun 15 13:05:42     57 user.warn kernel: hcd->regs: xc30be000
Jun 15 13:05:42     58 user.debug kernel: drivers/usb/host/ohci-lf1000.clf1000_start_hc
Jun 15 13:05:42     59 user.debug kernel: drivers/usb/host/ohci-lf1000.clf1000_start_hc returns
Jun 15 13:05:42     60 user.warn kernel: before ohci_hcd_init()
Jun 15 13:05:42     61 user.warn kernel: after ohci_hcd_init()^M
Jun 15 13:05:42     62 user.info kernel: lf1000-ohci lf1000-ohci: LF1000 OHCI
Jun 15 13:05:42     63 user.info kernel: lf1000-ohci lf1000-ohci: new USB bus registered, assigned bus number 1
Jun 15 13:05:42     64 user.info kernel: lf1000-ohci lf1000-ohci: irq 28, io mem 0xc000d000
Jun 15 13:05:42     65 user.warn kernel: ohci->regs: xc30be000
Jun 15 13:05:42     66 user.warn kernel: &ohci->regs->control: xc30be004
Jun 15 13:05:42     67 user.warn kernel: ioread32(&ohci->regs->control): 0x0
Jun 15 13:05:42     68 user.warn kernel: after hcd->driver->start
Jun 15 13:05:42     69 user.info kernel: usb usb1: configuration #1 chosen from 1 choice
Jun 15 13:05:42     70 user.info kernel: hub 1-0:1.0: USB hub found
Jun 15 13:05:42     71 user.info kernel: hub 1-0:1.0: 2 ports detected
Jun 15 13:05:42     72 user.warn kernel: usb_add_hcd() returns 0
Jun 15 13:05:42     73 user.warn kernel: after usb_add_hcd()^M
Jun 15 13:05:42     74 user.warn kernel: usb_hcd_lf1000_probe returns^M
Jun 15 13:05:42     75 user.warn kernel: IRQ 31/lf1000-rtc: IRQF_DISABLED is not guaranteed on shared IRQs
Jun 15 13:05:42     76 user.debug kernel: lf1000-rtc: dev (254:0)
Jun 15 13:05:42     77 user.info kernel: lf1000-rtc lf1000-rtc: rtc core: registered lf1000-rtc as rtc0
Jun 15 13:05:42     78 user.info kernel: LF1000 Real Time Clock driver.
Jun 15 13:05:42     79 user.info kernel: i2c /dev entries driver
Jun 15 13:05:42     80 user.info kernel: Software Watchdog Timer: 0.07 initialized. soft_noboot=0 soft_margin=60 sec (nowayout= 0)
Jun 15 13:05:42     81 user.info kernel: usbcore: registered new interface driver usbhid
Jun 15 13:05:42     82 user.info kernel: usbhid: v2.6:USB HID core driver
Jun 15 13:05:42     83 user.info kernel: setAudioRate: expected rate 32000Hz, actual: 32000Hz
Jun 15 13:05:42     84 user.notice kernel: *** MLC mlc_fb_addr=82e00000 size=01200000 fb[0]=82e00000 ***
Jun 15 13:05:42     85 user.info kernel: lf1000-dpc driver
Jun 15 13:05:42     86 user.warn kernel: dpc: PWM clock rate is 9800000
Jun 15 13:05:42     87 user.debug kernel: idct: start=C000F800, end=C000FFC4
Jun 15 13:05:42     88 user.debug kernel: idct: mem=c30e8800
Jun 15 13:05:42     89 user.info kernel: input: LF1000 USB as /class/input/input0
Jun 15 13:05:42     90 user.info kernel: Cartridge hot swap supported 
Jun 15 13:05:42     91 user.info kernel: nand_get_flash_type(...): Manu_ID = 2c, Dev_ID = dc 
Jun 15 13:05:42     92 user.info kernel: NAND device: Manufacturer ID: 0x2c, Chip ID: 0xdc (Micron NAND 512MiB 3,3V 8-bit)
Jun 15 13:05:42     93 user.err kernel: I: chip->options & NAND_NO_SUBPAGE_WRITE = 0
Jun 15 13:05:42     94 user.err kernel: I: chip->options & NAND_CI_CELLTYPE_MSK = 0
Jun 15 13:05:42     95 user.err kernel: I: ecc.steps = 8
Jun 15 13:05:42     96 user.err kernel: I: mtd=c298d400 mtd->subpage_sft = 2
Jun 15 13:05:42     97 user.info kernel: Scanning device for bad blocks
Jun 15 13:05:42     98 user.warn kernel: Bad eraseblock 1642 at 0x00000cd40000
Jun 15 13:05:42     99 user.notice kernel: UBI: VID header offset:          512 (aligned 512)
Jun 15 13:05:42    100 user.notice kernel: UBI: data offset:                2048
Jun 15 13:05:42    101 user.notice kernel: UBI: attached mtd3 to ubi0
Jun 15 13:05:42    102 user.notice kernel: UBI: MTD device name:            "RFS"
Jun 15 13:05:42    103 user.notice kernel: UBI: MTD device size:            86 MiB
Jun 15 13:05:42    104 user.notice kernel: UBI: number of good PEBs:        688
Jun 15 13:05:42    105 user.notice kernel: UBI: number of bad PEBs:         0
Jun 15 13:05:42    106 user.notice kernel: UBI: max. allowed volumes:       128
Jun 15 13:05:42    107 user.notice kernel: UBI: wear-leveling threshold:    4096
Jun 15 13:05:42    108 user.notice kernel: UBI: number of internal volumes: 1
Jun 15 13:05:42    109 user.notice kernel: UBI: number of user volumes:     1
Jun 15 13:05:42    110 user.notice kernel: UBI: available PEBs:             0
Jun 15 13:05:42    111 user.notice kernel: UBI: total number of reserved PEBs: 688
Jun 15 13:05:42    112 user.notice kernel: UBI: number of PEBs reserved for bad PEB handling: 6
Jun 15 13:05:42    113 user.notice kernel: UBI: max/mean erase counter: 23/7
Jun 15 13:05:42    114 user.notice kernel: UBI: image sequence number: 0
Jun 15 13:05:42    115 user.notice kernel: UBI: background thread "ubi_bgt0d" started, PID 711
Jun 15 13:05:42    116 user.alert kernel: lf1000_power_probe.647
Jun 15 13:05:42    117 user.info kernel: input: Power Button as /class/input/input1
Jun 15 13:05:42    118 user.alert kernel: lf1000_power_probe.717 initial battery reading is :7
Jun 15 13:05:42    119 user.info kernel: input: LF1000 Keyboard as /class/input/input2
Jun 15 13:05:48    120 local4.notice Emerald Base: +++ 8.07 22 184 601 Bgn AppManager
Jun 15 13:05:48    121 auth.notice su: + none root:game
Jun 15 13:05:48    122 user.info kernel: drivers/lf1000/i2s/main.c.audio_open() dev->isOpen=1
Jun 15 13:05:48    123 user.info kernel: setAudioRate: expected rate 32000Hz, actual: 32000Hz
Jun 15 13:05:48    124 user.info kernel: getAudioRate: sample rate: 32000Hz, divisor: 48, CLKGEN0: 0x000002F0
Jun 15 13:05:48    125 local4.notice Emerald Base: Use ADC settings from NOR 33 2026
Jun 15 13:05:48    126 local4.notice Emerald Base: Starting Ethernet USB driver ...
Jun 15 13:05:49    127 user.info kernel: usb0: MAC 80:38:fd:04:f6:57
Jun 15 13:05:49    128 user.info kernel: usb0: HOST MAC 80:38:fd:84:f6:57
Jun 15 13:05:49    129 user.info kernel: g_ether gadget: Ethernet Gadget, version: Veterans Day 2009
Jun 15 13:05:49    130 user.info kernel: g_ether gadget: g_ether ready
Jun 15 13:05:49    131 local4.notice Emerald Base: Starting touch screen driver ...
Jun 15 13:05:49    132 user.info kernel: input: LF1000 touchscreen interface as /class/input/input3
Jun 15 13:05:49    133 local4.notice Emerald Base: setcal: Using USERCAL in /flags/pointercal -33242 -632 28392732 -633 -28679 23140057 65536
Jun 15 13:05:49    134 user.info kernel: drivers/input/touchscreen/lf1000_ts.c.set_a0:470 a[0]=28392732
Jun 15 13:05:49    135 user.info kernel: drivers/input/touchscreen/lf1000_ts.c.set_a1:491 a[1]=-33242
Jun 15 13:05:49    136 user.info kernel: drivers/input/touchscreen/lf1000_ts.c.set_a2:513 a[2]=-632
Jun 15 13:05:49    137 user.info kernel: drivers/input/touchscreen/lf1000_ts.c.set_a3:535 a[3]=23140057
Jun 15 13:05:49    138 user.info kernel: drivers/input/touchscreen/lf1000_ts.c.set_a4:556 a[4]=-633
Jun 15 13:05:49    139 user.info kernel: drivers/input/touchscreen/lf1000_ts.c.set_a5:577 a[5]=-28679
Jun 15 13:05:49    140 user.info kernel: drivers/input/touchscreen/lf1000_ts.c.set_a6:598 a[6]=65536
Jan  1 01:01:00    141 user.debug kernel: lf1000_rtc_ioctl(): cmd=4024700a, arg=beff3ba8.
Jan  1 01:01:00    142 user.debug kernel: lf1000_rtc_settime(): 2008-00-01 01:01:00
Jan  1 01:01:00    143 user.debug kernel: lf1000_rtc_ioctl(): cmd=00007004, arg=00000000.
Jan  1 01:01:00    144 user.info kernel: drivers/lf1000/i2s/main.c.audio_release() dev->isOpen=0
Jan  1 01:01:00    145 local4.notice Emerald Base: +++ 10.03 114 287 601 Bgn Attaching Bulk
Jan  1 01:01:00    146 user.notice kernel: UBI: attaching mtd4 to ubi1
Jan  1 01:01:00    147 user.notice kernel: UBI: physical eraseblock size:   131072 bytes (128 KiB)
Jan  1 01:01:00    148 user.notice kernel: UBI: logical eraseblock size:    129024 bytes
Jan  1 01:01:00    149 user.notice kernel: UBI: smallest flash I/O unit:    2048
Jan  1 01:01:00    150 user.notice kernel: UBI: sub-page size:              512
Jan  1 01:01:00    151 user.notice kernel: UBI: VID header offset:          512 (aligned 512)
Jan  1 01:01:00    152 user.notice kernel: UBI: data offset:                2048
Jan  1 01:01:01    153 local4.notice Emerald App: [0x6] Start ButtonPowerUSB Task ... !
Jan  1 01:01:01    154 local4.notice Emerald App: [0x6] Start Cartridge task ...!
Jan  1 01:01:01    155 user.notice kernel: UBI: attached mtd4 to ubi1
Jan  1 01:01:01    156 user.notice kernel: UBI: MTD device name:            "Bulk"
Jan  1 01:01:01    157 user.notice kernel: UBI: MTD device size:            416 MiB
Jan  1 01:01:01    158 user.notice kernel: UBI: number of good PEBs:        3327
Jan  1 01:01:01    159 user.notice kernel: UBI: number of bad PEBs:         1
Jan  1 01:01:01    160 user.notice kernel: UBI: max. allowed volumes:       128
Jan  1 01:01:01    161 user.notice kernel: UBI: wear-leveling threshold:    4096
Jan  1 01:01:01    162 user.notice kernel: UBI: number of internal volumes: 1
Jan  1 01:01:01    163 user.notice kernel: UBI: number of user volumes:     1
Jan  1 01:01:01    164 user.notice kernel: UBI: available PEBs:             0
Jan  1 01:01:01    165 user.notice kernel: UBI: total number of reserved PEBs: 3327
Jan  1 01:01:01    166 local4.notice Emerald Base: +++ 11.33 142 389 601 Bgn Mounting /LF/Bulk
Jan  1 01:01:01    167 user.notice kernel: UBIFS: recovery needed
Jan  1 01:01:01    168 user.notice kernel: UBIFS: recovery completed
Jan  1 01:01:01    169 user.notice kernel: UBIFS: mounted UBI device 1, volume 0, name "ubi_bulk"
Jan  1 01:01:01    170 user.notice kernel: UBIFS: file system size:   423069696 bytes (413154 KiB, 403 MiB, 3279 LEBs)
Jan  1 01:01:01    171 user.notice kernel: UBIFS: journal size:       9033728 bytes (8822 KiB, 8 MiB, 71 LEBs)
Jan  1 01:01:01    172 user.notice kernel: UBIFS: media format:       w4/r0 (latest is w4/r0)
Jan  1 01:01:01    173 user.notice kernel: UBIFS: default compressor: lzo
Jan  1 01:01:01    174 user.notice kernel: UBIFS: reserved for root:  0 bytes (0 KiB)
Jan  1 01:01:01    175 local4.notice Emerald App: [0x5] DisplayModule::InitModule: /dev/mlc base = 82E00000, size = 01200000
Jan  1 01:01:01    176 local4.notice Emerald App: [0x5] DisplayModule::InitModule: mapped base 82E00000, size 01200000 to 0x82e00000
Jan  1 01:01:01    177 local4.notice Emerald App: [0x5] DisplayModule::InitModule: mapped base A2E00000, size 01200000 to 0x4056d000
Jan  1 01:01:01    178 local4.notice Emerald App: [0x280] CAppManager::CAppManager ; LightningBase/Src/AppManager.cpp; 305; 30960
Jan  1 01:01:01    179 local4.notice Emerald App: [0x280] Shutdown Timer set for 12000 [ms] timeout
Jan  1 01:01:01    180 local4.notice Emerald App: [0x280] USB Device Watchdog set for 12 [sec] timeout
Jan  1 01:01:01    181 local4.notice Emerald App: [0x280] AppManager signal handler installed 
Jan  1 01:01:01    182 local4.notice Emerald App: [0x6] AddListener: added listener 0x16a30, number 1
Jan  1 01:01:01    183 local4.notice Emerald App: [0x280] Run Cold boot, resetting RTCAccuracy
Jan  1 01:01:01    184 local4.crit Emerald App: [0xf] fopenAtomic(/LF/Bulk/settings.cfg) returning 0x00018bd0
Jan  1 01:01:01    185 local4.crit Emerald App: [0xf] fcloseAtomic returning 0
Jan  1 01:01:02    186 local4.notice Emerald App: [0x1] EnableSpeaker: 1
Jan  1 01:01:02    187 user.info kernel: drivers/lf1000/i2s/main.c.audio_open() dev->isOpen=1
Jan  1 01:01:02    188 user.info kernel: setAudioRate: expected rate 32000Hz, actual: 32000Hz
Jan  1 01:01:02    189 user.info kernel: getAudioRate: sample rate: 32000Hz, divisor: 48, CLKGEN0: 0x000002F0
Jan  1 01:01:02    190 local4.notice Emerald App: [0x280] mCurrentTransition = kLoginApp !
Jan  1 01:01:02    191 local4.notice Emerald App: [0x0] EnumDeviceCallback: /sys/class/usb_device/usbdev1.1: 1D6B0001
Jan  1 01:01:02    192 local4.notice Emerald App: [0x280] PushApp Start: L3X/main.swf; LightningBase/Src/AppManager.cpp; 704; 30296
Jan  1 01:01:02    193 local4.notice Emerald App: [0x280] LoadNewApp path = /LF/Base/L3X/main.swf
Jan  1 01:01:02    194 local4.notice Emerald App: [0x280] LoadNewApp: before; /LF/Base/L3X/main.swf; 1176; 30276
Jan  1 01:01:02    195 user.info kernel: drivers/input/touchscreen/lf1000_ts.c.set_sample_rate_in_hz:624 sample_rate_in_jiffies=1
Jan  1 01:01:02    196 user.info kernel: drivers/input/touchscreen/lf1000_ts.c.set_debounce_in_samples_down:314 debounce_in_samples_down=4
Jan  1 01:01:02    197 user.info kernel: drivers/input/touchscreen/lf1000_ts.c.set_debounce_in_samples_up:350 debounce_in_samples_up=1
Jan  1 01:01:02    198 local4.notice Emerald App: [0x280] LoadNewApp: after ; /LF/Base/L3X/main.swf; 1248; 29332
Jan  1 01:01:02    199 local4.notice Emerald App: [0x280] PushApp Done: L3X/main.swf; LightningBase/Src/AppManager.cpp; 706; 29332
Jan  1 01:01:02    200 local4.notice Emerald App: [0x280] mCurrentTransition = kPushApp !
Jan  1 01:01:02    201 local4.notice Emerald App: [0x6] AddListener: added listener 0x17298, number 2
Jan  1 01:01:02    202 local4.notice Emerald App: [0x6] AddListener: added listener 0x172dc, number 3
Jan  1 01:01:02    203 local4.notice Emerald App: [0x5] DisplayModule::CreateHandle: 0x82e00000
Jan  1 01:01:04    204 local4.notice Emerald App: [0x6] ButtonPowerUSBTask: vbus=1
Jan  1 01:01:04    205 local4.crit Emerald App: [0x280] mUsbShutdownOccurred
Jan  1 01:01:04    206 local4.notice Emerald App: [0x280] mCurrentTransition = kReplaceAllWithApp !
Jan  1 01:01:04    207 local4.notice Emerald App: [0x280] CAppManager::ExitPopUnloadApp()
Jan  1 01:01:04    208 user.info kernel: g_ether gadget: high speed config #1: CDC Ethernet (ECM)
Jan  1 01:01:04    209 local4.notice Emerald App: [0x6] RemoveListener: removed listener 0x172dc, number 2
Jan  1 01:01:04    210 local4.notice Emerald App: [0x6] RemoveListener: removed listener 0x17298, number 1
Jan  1 01:01:04    211 local4.notice Emerald App: [0x5] DisplayModule::DestroyHandle: 0x82e00000
Jan  1 01:01:04    212 local4.notice Emerald App: [0x6] RemoveListener: could not remove listener 0x172dc, number 1
Jan  1 01:01:04    213 local4.notice Emerald App: [0x6] RemoveListener: could not remove listener 0x17298, number 1
Jan  1 01:01:04    214 user.info kernel: drivers/input/touchscreen/lf1000_ts.c.set_sample_rate_in_hz:624 sample_rate_in_jiffies=1
Jan  1 01:01:04    215 user.info kernel: drivers/input/touchscreen/lf1000_ts.c.set_debounce_in_samples_down:314 debounce_in_samples_down=4
Jan  1 01:01:04    216 user.info kernel: drivers/input/touchscreen/lf1000_ts.c.set_debounce_in_samples_up:350 debounce_in_samples_up=1
Jan  1 01:01:04    217 local4.notice Emerald App: [0x280] ExitPopUnloadApp: before; /LF/Base/L3X/; 1301; 27676
Jan  1 01:01:04    218 local4.notice Emerald App: [0x280] ExitPopUnloadApp: before UnloadModule /LF/Base/L3X/
Jan  1 01:01:04    219 local4.notice Emerald App: [0x280] ExitPopUnloadApp: module unloaded 202400
Jan  1 01:01:04    220 local4.notice Emerald App: [0x280] ExitPopUnloadApp: after ; /LF/Base/L3X/; 1307; 27760
Jan  1 01:01:04    221 local4.crit Emerald App: [0x280] ExitPopUnloadApp: OGL context still active after unloading
Jan  1 01:01:04    222 local4.crit Emerald App: [0x280] ExitPopUnloadApp: aborting all Atomic I/O with fabortAllAtomic
Jan  1 01:01:04    223 local4.crit Emerald App: [0xf] fabortAllAtomic: aborted 0 files
Jan  1 01:01:04    224 local4.crit Emerald App: [0x280] kUSBDeviceConnected: USB/DFTP connected (01)
Jan  1 01:01:04    225 local4.notice Emerald App: [0x6] AddListener: added listener 0x18b70, number 2
Jan  1 01:01:04    226 local4.notice Emerald App: [0x5] DisplayModule::CreateHandle: 0x82e00000
Jan  1 01:01:08    227 local4.alert Emerald App: [0x280] setting mPowerShutdownOccurred = true
Jan  1 01:01:08    228 local4.notice Emerald App: [0x8] CreateTimer tTimerHndl=0x314f8 callback=0x40540088 SIGRT34
Jan  1 01:01:08    229 local4.crit Emerald App: [0x280] mPowerShutdownOccurred
Jan  1 01:01:08    230 user.alert kernel: power_button_irq.468 Power button pressed
Jan  1 01:01:08    231 local4.notice Emerald App: [0x280] mCurrentTransition = kReplaceAllWithApp !
Jan  1 01:01:08    232 local4.notice Emerald App: [0x280] CAppManager::ExitPopUnloadApp()
Jan  1 01:01:08    233 local4.notice Emerald App: [0x6] RemoveListener: removed listener 0x18b70, number 1
Jan  1 01:01:08    234 local4.notice Emerald App: [0x6] RemoveListener: could not remove listener 0x18b70, number 1
Jan  1 01:01:08    235 local4.notice Emerald App: [0x0] Displaying the shutdown screen now.
Jan  1 01:01:08    236 user.info kernel: drivers/input/touchscreen/lf1000_ts.c.set_sample_rate_in_hz:624 sample_rate_in_jiffies=1
Jan  1 01:01:08    237 user.info kernel: drivers/input/touchscreen/lf1000_ts.c.set_debounce_in_samples_down:314 debounce_in_samples_down=4
Jan  1 01:01:08    238 user.info kernel: drivers/input/touchscreen/lf1000_ts.c.set_debounce_in_samples_up:350 debounce_in_samples_up=1
Jan  1 01:01:09    239 local4.alert Emerald App: [0x280] ::Run return mRestart:0
Jan  1 01:01:09    240 local4.notice Emerald App: [0x280] CAppManager::~CAppManager()
Jan  1 01:01:09    241 local4.notice Emerald App: [0x6] RemoveListener: removed listener 0x16a30, number 0
Jan  1 01:01:09    242 local4.notice Emerald App: [0x280] CAppManager::ExitPopUnloadApp()
Jan  1 01:01:09    243 user.info kernel: drivers/input/touchscreen/lf1000_ts.c.set_sample_rate_in_hz:624 sample_rate_in_jiffies=1
Jan  1 01:01:09    244 user.info kernel: drivers/input/touchscreen/lf1000_ts.c.set_debounce_in_samples_down:314 debounce_in_samples_down=4
Jan  1 01:01:09    245 user.info kernel: drivers/input/touchscreen/lf1000_ts.c.set_debounce_in_samples_up:350 debounce_in_samples_up=1
Jan  1 01:01:09    246 user.info kernel: drivers/lf1000/i2s/main.c.audio_release() dev->isOpen=0
Jan  1 01:01:09    247 local4.notice Emerald App: [0x6] RemoveListener: could not remove listener 0x18ec8, number 0
Jan  1 01:01:09    248 local4.notice Emerald App: [0x6] RemoveListener: could not remove listener 0x16a30, number 0
Jan  1 01:01:09    249 local4.notice Emerald App: [0x0] Calling Shutdown().
Jan  1 01:01:09    250 local4.notice Emerald App: [0x5] DisplayModule::InitModule: /dev/mlc base = 82E00000, size = 01200000
Jan  1 01:01:09    251 local4.notice Emerald App: [0x5] DisplayModule::InitModule: mapped base 82E00000, size 01200000 to 0x82e00000
