Jan  1 01:15:12    256 local4.notice Emerald App: [0x6] RemoveListener: could not remove listener 0x1ae3c, number 1
Jan  1 01:15:12    257 local4.notice Emerald App: [0x6] RemoveListener: could not remove listener 0x1adf8, number 1
Jan  1 01:15:12    258 local4.notice Emerald App: [0x280] ExitPopUnloadApp: before; /LF/Base/L3X/; 1301; 21376
Jan  1 01:15:12    259 local4.notice Emerald App: [0x280] ExitPopUnloadApp: before UnloadModule /LF/Base/L3X/
Jan  1 01:15:12    260 user.info kernel: drivers/input/touchscreen/lf1000_ts.c.set_sample_rate_in_hz:624 sample_rate_in_jiffies=1
Jan  1 01:15:12    261 user.info kernel: drivers/input/touchscreen/lf1000_ts.c.set_debounce_in_samples_down:314 debounce_in_samples_down=4
Jan  1 01:15:12    262 user.info kernel: drivers/input/touchscreen/lf1000_ts.c.set_debounce_in_samples_up:350 debounce_in_samples_up=1
Jan  1 01:15:12    263 local4.notice Emerald App: [0x280] ExitPopUnloadApp: module unloaded 865264
Jan  1 01:15:12    264 local4.notice Emerald App: [0x280] ExitPopUnloadApp: after ; /LF/Base/L3X/; 1307; 21460
Jan  1 01:15:12    265 local4.crit Emerald App: [0x280] ExitPopUnloadApp: OGL context still active after unloading
Jan  1 01:15:12    266 local4.crit Emerald App: [0x280] ExitPopUnloadApp: aborting all Atomic I/O with fabortAllAtomic
Jan  1 01:15:12    267 local4.crit Emerald App: [0xf] fabortAllAtomic: aborted 0 files
Jan  1 01:15:12    268 local4.notice Emerald App: [0x0] Displaying the shutdown screen now.
Jan  1 01:15:12    269 local4.notice Emerald App: [0x0] (had to make our own screen context)
Jan  1 01:15:12    270 local4.notice Emerald App: [0x5] DisplayModule::CreateHandle: 0x82e00000
Jan  1 01:15:12    271 local4.alert Emerald App: [0x280] ::Run return mRestart:0
Jan  1 01:15:12    272 local4.notice Emerald App: [0x280] CAppManager::~CAppManager()
Jan  1 01:15:12    273 local4.notice Emerald App: [0x6] RemoveListener: removed listener 0xd2c40, number 0
Jan  1 01:15:12    274 local4.notice Emerald App: [0x280] CAppManager::ExitPopUnloadApp()
Jan  1 01:15:12    275 user.info kernel: drivers/input/touchscreen/lf1000_ts.c.set_sample_rate_in_hz:624 sample_rate_in_jiffies=1
Jan  1 01:15:12    276 user.info kernel: drivers/input/touchscreen/lf1000_ts.c.set_debounce_in_samples_down:314 debounce_in_samples_down=4
Jan  1 01:15:12    277 user.info kernel: drivers/input/touchscreen/lf1000_ts.c.set_debounce_in_samples_up:350 debounce_in_samples_up=1
Jan  1 01:15:12    278 local4.notice Emerald App: [0x6] RemoveListener: could not remove listener 0xba3b8, number 0
Jan  1 01:15:12    279 user.info kernel: drivers/lf1000/i2s/main.c.audio_release() dev->isOpen=0
Jan  1 01:15:12    280 local4.notice Emerald App: [0x6] RemoveListener: could not remove listener 0xd2c40, number 0
Jan  1 01:15:12    281 local4.notice Emerald App: [0x0] Calling Shutdown().
Jan  1 01:15:12    282 local4.notice Emerald App: [0x5] DisplayModule::InitModule: /dev/mlc base = 82E00000, size = 01200000
Jan  1 01:15:12    283 local4.notice Emerald App: [0x8] CreateTimer tTimerHndl=0xeec90 callback=0x40540088 SIGRT35
Jan  1 01:15:12    284 local4.notice Emerald App: [0x5] DisplayModule::InitModule: mapped base 82E00000, size 01200000 to 0x82e00000
Jan  1 01:15:12    285 local4.notice Emerald App: [0x5] DisplayModule::InitModule: mapped base A2E00000, size 01200000 to 0x4056d000
Jan  1 01:15:12    286 user.alert kernel: power_button_monitor_task.429 Power button released
Jan  1 01:15:12    287 local4.notice Emerald App: [0x5] DisplayModule::CreateHandle: 0x4166d000
Jan  1 01:15:12    288 local4.notice Emerald App: [0x1] EnableSpeaker: 1
Jan  1 01:15:12    289 user.info kernel: drivers/lf1000/i2s/main.c.audio_open() dev->isOpen=1
Jan  1 01:15:12    290 user.info kernel: setAudioRate: expected rate 32000Hz, actual: 32000Hz
Jan  1 01:15:12    291 user.info kernel: getAudioRate: sample rate: 32000Hz, divisor: 48, CLKGEN0: 0x000002F0
Jan  1 01:15:12    292 local4.crit Emerald App: [0xd] VideoTask Started...
Jan  1 01:15:13    293 local4.crit Emerald App: [0xd] VideoTask Stopping...
Jan  1 01:15:13    294 local4.notice Emerald App: [0x6] RemoveListener: could not remove listener 0xbe020, number 0
Jan  1 01:15:13    295 user.info kernel: drivers/lf1000/i2s/main.c.audio_release() dev->isOpen=0
Jan  1 01:15:13    296 local4.notice Emerald App: [0x5] DisplayModule::DestroyHandle: 0x4166d000
Jan  1 01:15:13    297 local4.alert Emerald App: [0xe] PowerMPI::Shutdown poweroff
Jan  1 01:15:14    298 local2.notice sudo:     game : TTY=unknown ; PWD=/LF ; USER=root ; COMMAND=/sbin/poweroff
Jan  1 01:15:14    299 local4.notice /usr/bin/app: AppManager exit(0) count=1 uptime=41
Jan  1 01:15:14    300 daemon.warn avahi-daemon[877]: Disconnected from D-Bus, exiting.
Jan  1 01:15:14    301 local4.notice Emerald Base: Shutdown requested, exit AppManager launch loop
Jan  1 01:15:14    302 daemon.info avahi-daemon[877]: Got SIGQUIT, quitting.
Jan  1 01:15:14    303 local4.notice Emerald Base: Stopping vbus-monitor ...
Jan  1 01:15:14    304 daemon.info avahi-daemon[877]: Leaving mDNS multicast group on interface usb0.IPv4 with address 169.254.8.202.
Jan  1 01:15:14    305 local4.notice Emerald Base: Stopping /etc/init.d/networking ...
Jan  1 01:15:14    306 daemon.err avahi-autoipd(usb0)[868]: SIOCSIFFLAGS failed: Permission denied
Jan  1 01:15:14    307 local4.notice Emerald Base: Stopping Ethernet USB driver ...
Jan  1 01:15:14    308 daemon.info avahi-autoipd(usb0)[868]: Callout STOP, address 169.254.8.202 on interface (null)
Jan  1 01:15:14    309 daemon.err avahi-autoipd(usb0)[869]: if_indextoname() failed: No such device or address
Jan  1 01:15:15    310 local4.notice Emerald Base: Stopping system logging ... !
Jan  1 01:15:15    311 user.notice kernel: klogd: exiting
Jan  1 01:15:15    312 syslog.info syslogd exiting
Jan  1 01:15:39      0 syslog.info syslogd started: BusyBox v1.13.2---1
Jan  1 01:15:39      1 local4.notice Recovery Keep-Alives: boot_image=PLAY boot_source=NOR panic=0 power=WARM request=UNCLEAN shutdown=DIRTY raw=0003E266
Jan  1 01:15:39      2 user.notice kernel: klogd started: BusyBox v1.13.2 (2010-03-16 15:24:13 PDT)
Jan  1 01:15:39      3 user.notice kernel: Linux version 2.6.31-leapfrog (lfu@lightning-release) (gcc version 4.1.1) #37 Fri Mar 26 16:44:07 PDT 2010
Jan  1 01:15:39      4 user.warn kernel: CPU: ARM926EJ-S [41069265] revision 5 (ARMv5TEJ), cr=00053177
Jan  1 01:15:39      5 user.warn kernel: CPU: VIVT data cache, VIVT instruction cache
Jan  1 01:15:39      6 user.warn kernel: Machine: ARM-LF1000
Jan  1 01:15:39      7 user.warn kernel: Memory policy: ECC disabled, Data cache writeback
Jan  1 01:15:39      8 user.debug kernel: On node 0 totalpages: 11776
Jan  1 01:15:39      9 user.debug kernel: free_area_init_node: node 0, pgdat c03492dc, node_mem_map c037e000
Jan  1 01:15:39     10 user.debug kernel:   Normal zone: 92 pages used for memmap
Jan  1 01:15:39     11 user.debug kernel:   Normal zone: 0 pages reserved
Jan  1 01:15:39     12 user.debug kernel:   Normal zone: 11684 pages, LIFO batch:1
Jan  1 01:15:39     13 user.info kernel: lf1000_oscvco_set.60 pll 0, not changed already set to 0x00DF2100
Jan  1 01:15:39     14 user.warn kernel: PLL0=393.218109 MHz   
Jan  1 01:15:39     15 user.info kernel: lf1000_oscvco_set.60 pll 1, not changed already set to 0x0024C402
Jan  1 01:15:39     16 user.warn kernel: PLL1=147.000 MHz   Built 1 zonelists in Zone order, mobility grouping on.  Total pages: 11684
Jan  1 01:15:39     17 user.notice kernel: Kernel command line: init=/sbin/init console=ttyS0,115200 mem=46M mlc_fb=0x82E00000,0x01200000 ram=0x80000000-0x83FFFFFF screen_module=ILI9322 ebs=0x20000,0x0 root=ubi0_0 rw rootfstype=ubifs ubi.mtd=RFS 
Jan  1 01:15:39     18 user.warn kernel: PID hash table entries: 256 (order: 8, 1024 bytes)
Jan  1 01:15:39     19 user.info kernel: Reading Board ID =  2
Jan  1 01:15:39     20 user.info kernel: JFFS2 version 2.2. (NAND) (SUMMARY)  © 2001-2006 Red Hat, Inc.
Jan  1 01:15:39     21 user.info kernel: msgmni has been set to 84
Jan  1 01:15:39     22 user.info kernel: alg: No test for stdrng (krng)
Jan  1 01:15:39     23 user.info kernel: io scheduler noop registered
Jan  1 01:15:39     24 user.info kernel: io scheduler deadline registered (default)
Jan  1 01:15:39     25 user.info kernel: Serial: 8250/16550 driver $Revision: 1.90 $ 4 ports, IRQ sharing disabled
Jan  1 01:15:39     26 user.info kernel: serial8250: ttyS0 at MMIO 0x0 (irq = 10) is a 8250
Jan  1 01:15:39     27 user.info kernel: serial8250: ttyS1 at MMIO 0x0 (irq = 34) is a 8250
Jan  1 01:15:39     28 user.info kernel: serial8250: ttyS2 at MMIO 0x0 (irq = 35) is a 8250
Jan  1 01:15:39     29 user.info kernel: serial8250: ttyS3 at MMIO 0x0 (irq = 36) is a 8250
Jan  1 01:15:39     30 user.info kernel: brd: module loaded
Jan  1 01:15:39     31 user.info kernel: loop: module loaded
Jan  1 01:15:39     32 user.info kernel: ohci_hcd: USB 1.1 'Open' Host Controller (OHCI) Driver
Jan  1 01:15:39     33 user.warn kernel: usb_hcd_lf1000_probe^M
Jan  1 01:15:39     34 user.warn kernel: hcd->regs: xc30be000
Jan  1 01:15:39     35 user.debug kernel: drivers/usb/host/ohci-lf1000.clf1000_start_hc
Jan  1 01:15:39     36 local4.notice Emerald Base: +++ 2.02 15 175 11 Bgn AppManager
Jan  1 01:15:39     37 user.debug kernel: drivers/usb/host/ohci-lf1000.clf1000_start_hc returns
Jan  1 01:15:39     38 user.warn kernel: before ohci_hcd_init()
Jan  1 01:15:39     39 user.warn kernel: after ohci_hcd_init()^M
Jan  1 01:15:39     40 user.info kernel: lf1000-ohci lf1000-ohci: LF1000 OHCI
Jan  1 01:15:39     41 user.info kernel: lf1000-ohci lf1000-ohci: new USB bus registered, assigned bus number 1
Jan  1 01:15:39     42 user.info kernel: lf1000-ohci lf1000-ohci: irq 28, io mem 0xc000d000
Jan  1 01:15:39     43 user.warn kernel: ohci->regs: xc30be000
Jan  1 01:15:39     44 user.warn kernel: &ohci->regs->control: xc30be004
Jan  1 01:15:39     45 user.warn kernel: ioread32(&ohci->regs->control): 0x0
Jan  1 01:15:39     46 user.warn kernel: after hcd->driver->start
Jan  1 01:15:39     47 user.info kernel: usb usb1: configuration #1 chosen from 1 choice
Jan  1 01:15:39     48 user.info kernel: hub 1-0:1.0: USB hub found
Jan  1 01:15:39     49 user.info kernel: hub 1-0:1.0: 2 ports detected
Jan  1 01:15:39     50 user.warn kernel: usb_add_hcd() returns 0
Jan  1 01:15:39     51 auth.notice su: + none root:game
Jan  1 01:15:39     52 user.warn kernel: after usb_add_hcd()^M
Jan  1 01:15:39     53 user.warn kernel: usb_hcd_lf1000_probe returns^M
Jan  1 01:15:39     54 user.warn kernel: IRQ 31/lf1000-rtc: IRQF_DISABLED is not guaranteed on shared IRQs
Jan  1 01:15:39     55 user.debug kernel: lf1000-rtc: dev (254:0)
Jan  1 01:15:39     56 user.info kernel: lf1000-rtc lf1000-rtc: rtc core: registered lf1000-rtc as rtc0
Jan  1 01:15:39     57 user.info kernel: LF1000 Real Time Clock driver.
Jan  1 01:15:39     58 user.info kernel: i2c /dev entries driver
Jan  1 01:15:39     59 user.info kernel: Software Watchdog Timer: 0.07 initialized. soft_noboot=0 soft_margin=60 sec (nowayout= 0)
Jan  1 01:15:39     60 user.info kernel: usbcore: registered new interface driver usbhid
Jan  1 01:15:39     61 user.info kernel: usbhid: v2.6:USB HID core driver
Jan  1 01:15:39     62 user.info kernel: setAudioRate: expected rate 32000Hz, actual: 32000Hz
Jan  1 01:15:39     63 user.notice kernel: *** MLC mlc_fb_addr=82e00000 size=01200000 fb[0]=82e00000 ***
Jan  1 01:15:39     64 user.info kernel: lf1000-dpc driver
Jan  1 01:15:39     65 user.warn kernel: dpc: PWM clock rate is 9800000
Jan  1 01:15:39     66 user.debug kernel: idct: start=C000F800, end=C000FFC4
Jan  1 01:15:39     67 user.debug kernel: idct: mem=c30e8800
Jan  1 01:15:39     68 user.info kernel: input: LF1000 USB as /class/input/input0
Jan  1 01:15:39     69 user.info kernel: Cartridge hot swap supported 
Jan  1 01:15:39     70 user.info kernel: nand_get_flash_type(...): Manu_ID = 2c, Dev_ID = dc 
Jan  1 01:15:39     71 user.info kernel: NAND device: Manufacturer ID: 0x2c, Chip ID: 0xdc (Micron NAND 512MiB 3,3V 8-bit)
Jan  1 01:15:39     72 user.err kernel: I: chip->options & NAND_NO_SUBPAGE_WRITE = 0
Jan  1 01:15:39     73 user.err kernel: I: chip->options & NAND_CI_CELLTYPE_MSK = 0
Jan  1 01:15:39     74 user.err kernel: I: ecc.steps = 8
Jan  1 01:15:39     75 user.err kernel: I: mtd=c29ec400 mtd->subpage_sft = 2
Jan  1 01:15:39     76 user.info kernel: Scanning device for bad blocks
Jan  1 01:15:39     77 user.warn kernel: Bad eraseblock 1642 at 0x00000cd40000
Jan  1 01:15:39     78 user.info kernel: lf1000-mtd: totally igorning cartridge in boot
Jan  1 01:15:39     79 user.notice kernel: Creating 5 MTD partitions on "lf1000-base":
Jan  1 01:15:39     80 user.notice kernel: 0x000000000000-0x000000100000 : "Emerald_Boot"
Jan  1 01:15:39     81 user.notice kernel: 0x000000100000-0x000000200000 : "I18n_Screens"
Jan  1 01:15:39     82 user.notice kernel: 0x000000200000-0x000000a00000 : "Kernel"
Jan  1 01:15:39     83 user.notice kernel: 0x000000a00000-0x000006000000 : "RFS"
Jan  1 01:15:39     84 user.notice kernel: 0x000006000000-0x000020000000 : "Bulk"
Jan  1 01:15:39     85 user.notice kernel: Probing nor-flash at physical address 0x00000000 (8-bit bankwidth)
Jan  1 01:15:39     86 user.info kernel: Found: SST 39LF040
Jan  1 01:15:39     87 user.info kernel: nor-flash: Found 1 x8 devices at 0x0 in 8-bit bank
Jan  1 01:15:39     88 user.notice kernel: number of JEDEC chips: 1
Jan  1 01:15:39     89 user.notice kernel: cfi_cmdset_0002: Disabling erase-suspend-program due to code brokenness.
Jan  1 01:15:39     90 user.info kernel: lf1000_flash_probe().96
Jan  1 01:15:39     91 user.info kernel: lf1000_flash_probe().147
Jan  1 01:15:39     92 user.notice kernel: Creating 3 MTD partitions on "nor-flash":
Jan  1 01:15:39     93 user.notice kernel: 0x000000000000-0x00000007e000 : "NOR_Boot"
Jan  1 01:15:39     94 user.notice kernel: 0x00000007e000-0x00000007f000 : "MfgData0"
Jan  1 01:15:39     95 user.notice kernel: 0x00000007f000-0x000000080000 : "MfgData1"
Jan  1 01:15:39     96 user.notice kernel: UBI: attaching mtd3 to ubi0
Jan  1 01:15:39     97 user.notice kernel: UBI: physical eraseblock size:   131072 bytes (128 KiB)
Jan  1 01:15:39     98 user.notice kernel: UBI: logical eraseblock size:    129024 bytes
Jan  1 01:15:39     99 user.notice kernel: UBI: smallest flash I/O unit:    2048
Jan  1 01:15:39    100 user.notice kernel: UBI: sub-page size:              512
Jan  1 01:15:39    101 user.notice kernel: UBI: VID header offset:          512 (aligned 512)
Jan  1 01:15:39    102 user.notice kernel: UBI: data offset:                2048
Jan  1 01:15:39    103 user.notice kernel: UBI: attached mtd3 to ubi0
Jan  1 01:15:39    104 user.notice kernel: UBI: MTD device name:            "RFS"
Jan  1 01:15:39    105 user.notice kernel: UBI: MTD device size:            86 MiB
Jan  1 01:15:39    106 user.notice kernel: UBI: number of good PEBs:        688
Jan  1 01:15:39    107 user.notice kernel: UBI: number of bad PEBs:         0
Jan  1 01:15:39    108 user.notice kernel: UBI: max. allowed volumes:       128
Jan  1 01:15:39    109 user.notice kernel: UBI: wear-leveling threshold:    4096
Jan  1 01:15:39    110 user.notice kernel: UBI: number of internal volumes: 1
Jan  1 01:15:39    111 user.notice kernel: UBI: number of user volumes:     1
Jan  1 01:15:39    112 user.notice kernel: UBI: available PEBs:             0
Jan  1 01:15:39    113 user.notice kernel: UBI: total number of reserved PEBs: 688
Jan  1 01:15:39    114 user.notice kernel: UBI: number of PEBs reserved for bad PEB handling: 6
Jan  1 01:15:39    115 user.notice kernel: UBI: max/mean erase counter: 20/6
Jan  1 01:15:39    116 local4.notice Emerald Base: Use ADC settings from NOR 33 2026
Jan  1 01:15:39    117 local4.notice Emerald Base: Starting Ethernet USB driver ...
Jan  1 01:15:40    118 user.info kernel: usb0: MAC 80:38:fd:04:f6:57
Jan  1 01:15:40    119 user.info kernel: usb0: HOST MAC 80:38:fd:84:f6:57
Jan  1 01:15:40    120 user.info kernel: g_ether gadget: Ethernet Gadget, version: Veterans Day 2009
Jan  1 01:15:40    121 user.info kernel: g_ether gadget: g_ether ready
Jan  1 01:15:40    122 local4.notice Emerald Base: Starting touch screen driver ...
Jan  1 01:15:40    123 user.info kernel: input: LF1000 touchscreen interface as /class/input/input3
Jan  1 01:15:40    124 local4.notice Emerald Base: setcal: Using USERCAL in /flags/pointercal -33242 -632 28392732 -633 -28679 23140057 65536
Jan  1 01:15:40    125 user.info kernel: drivers/input/touchscreen/lf1000_ts.c.set_a0:470 a[0]=28392732
Jan  1 01:15:40    126 user.info kernel: drivers/input/touchscreen/lf1000_ts.c.set_a1:491 a[1]=-33242
Jan  1 01:15:40    127 user.info kernel: drivers/input/touchscreen/lf1000_ts.c.set_a2:513 a[2]=-632
Jan  1 01:15:40    128 user.info kernel: drivers/input/touchscreen/lf1000_ts.c.set_a3:535 a[3]=23140057
Jan  1 01:15:40    129 user.info kernel: drivers/input/touchscreen/lf1000_ts.c.set_a4:556 a[4]=-633
Jan  1 01:15:40    130 user.info kernel: drivers/input/touchscreen/lf1000_ts.c.set_a5:577 a[5]=-28679
Jan  1 01:15:40    131 user.info kernel: drivers/input/touchscreen/lf1000_ts.c.set_a6:598 a[6]=65536
Jan  1 01:15:41    132 local4.notice Emerald Base: +++ 3.94 103 279 11 Bgn Attaching Bulk
Jan  1 01:15:41    133 user.notice kernel: UBI: attaching mtd4 to ubi1
Jan  1 01:15:41    134 user.notice kernel: UBI: physical eraseblock size:   131072 bytes (128 KiB)
Jan  1 01:15:41    135 user.notice kernel: UBI: logical eraseblock size:    129024 bytes
Jan  1 01:15:41    136 user.notice kernel: UBI: smallest flash I/O unit:    2048
Jan  1 01:15:41    137 user.notice kernel: UBI: sub-page size:              512
Jan  1 01:15:41    138 user.notice kernel: UBI: VID header offset:          512 (aligned 512)
Jan  1 01:15:41    139 user.notice kernel: UBI: data offset:                2048
Jan  1 01:15:42    140 local4.notice Emerald App: [0x6] Start ButtonPowerUSB Task ... !
Jan  1 01:15:42    141 local4.notice Emerald App: [0x6] Start Cartridge task ...!
Jan  1 01:15:42    142 local4.notice Emerald App: [0x5] DisplayModule::InitModule: /dev/mlc base = 82E00000, size = 01200000
Jan  1 01:15:42    143 local4.notice Emerald App: [0x5] DisplayModule::InitModule: mapped base 82E00000, size 01200000 to 0x82e00000
Jan  1 01:15:42    144 local4.notice Emerald App: [0x5] DisplayModule::InitModule: mapped base A2E00000, size 01200000 to 0x4056d000
Jan  1 01:15:42    145 local4.notice Emerald App: [0x5] DisplayModule::CreateHandle: 0x4166d000
Jan  1 01:15:42    146 user.notice kernel: UBI: attached mtd4 to ubi1
Jan  1 01:15:42    147 user.notice kernel: UBI: MTD device name:            "Bulk"
Jan  1 01:15:42    148 user.notice kernel: UBI: MTD device size:            416 MiB
Jan  1 01:15:42    149 user.notice kernel: UBI: number of good PEBs:        3327
Jan  1 01:15:42    150 user.notice kernel: UBI: number of bad PEBs:         1
Jan  1 01:15:42    151 user.notice kernel: UBI: max. allowed volumes:       128
Jan  1 01:15:42    152 user.notice kernel: UBI: wear-leveling threshold:    4096
Jan  1 01:15:42    153 user.notice kernel: UBI: number of internal volumes: 1
Jan  1 01:15:42    154 user.notice kernel: UBI: number of user volumes:     1
Jan  1 01:15:42    155 user.notice kernel: UBI: available PEBs:             0
Jan  1 01:15:42    156 user.notice kernel: UBI: total number of reserved PEBs: 3327
Jan  1 01:15:42    157 local4.notice Emerald Base: +++ 5.29 141 376 11 Bgn Mounting /LF/Bulk
Jan  1 01:15:42    158 user.notice kernel: UBIFS: mounted UBI device 1, volume 0, name "ubi_bulk"
Jan  1 01:15:42    159 user.notice kernel: UBIFS: file system size:   423069696 bytes (413154 KiB, 403 MiB, 3279 LEBs)
Jan  1 01:15:42    160 user.notice kernel: UBIFS: journal size:       9033728 bytes (8822 KiB, 8 MiB, 71 LEBs)
Jan  1 01:15:42    161 user.notice kernel: UBIFS: media format:       w4/r0 (latest is w4/r0)
Jan  1 01:15:42    162 user.notice kernel: UBIFS: default compressor: lzo
Jan  1 01:15:42    163 user.notice kernel: UBIFS: reserved for root:  0 bytes (0 KiB)
Jan  1 01:15:42    164 local4.notice Emerald App: [0x1] EnableSpeaker: 1
Jan  1 01:15:42    165 user.info kernel: drivers/lf1000/i2s/main.c.audio_open() dev->isOpen=1
Jan  1 01:15:42    166 user.info kernel: setAudioRate: expected rate 32000Hz, actual: 32000Hz
Jan  1 01:15:42    167 user.info kernel: getAudioRate: sample rate: 32000Hz, divisor: 48, CLKGEN0: 0x000002F0
Jan  1 01:15:42    168 local4.crit Emerald App: [0xd] VideoTask Started...
Jan  1 01:15:43    169 local4.notice Emerald App: [0x280] CAppManager::CAppManager ; LightningBase/Src/AppManager.cpp; 305; 29844
Jan  1 01:15:43    170 local4.notice Emerald App: [0x280] Shutdown Timer set for 12000 [ms] timeout
Jan  1 01:15:43    171 local4.notice Emerald App: [0x280] USB Device Watchdog set for 12 [sec] timeout
Jan  1 01:15:43    172 local4.notice Emerald App: [0x280] AppManager signal handler installed 
Jan  1 01:15:43    173 local4.notice Emerald App: [0x5] DisplayModule::CreateHandle: 0x82e00000
Jan  1 01:15:43    174 local4.notice Emerald App: [0x5] DisplayModule::DestroyHandle: 0x82e00000
Jan  1 01:15:43    175 local4.notice Emerald App: [0x6] AddListener: added listener 0xd2c40, number 1
Jan  1 01:15:43    176 local4.notice Emerald App: [0x280] Run: removing guest data at power on
Jan  1 01:15:43    177 local4.notice Emerald App: [0x280] mCurrentTransition = kLoginApp !
Jan  1 01:15:43    178 local4.notice Emerald App: [0x0] EnumDeviceCallback: /sys/class/usb_device/usbdev1.1: 1D6B0001
Jan  1 01:15:43    179 local4.notice Emerald App: [0x280] PushApp Start: L3X/main.swf; LightningBase/Src/AppManager.cpp; 704; 29580
Jan  1 01:15:43    180 local4.notice Emerald App: [0x280] LoadNewApp path = /LF/Base/L3X/main.swf
Jan  1 01:15:43    181 local4.notice Emerald App: [0x280] LoadNewApp: before; /LF/Base/L3X/main.swf; 1176; 29560
Jan  1 01:15:43    182 user.info kernel: drivers/input/touchscreen/lf1000_ts.c.set_sample_rate_in_hz:624 sample_rate_in_jiffies=1
Jan  1 01:15:43    183 user.info kernel: drivers/input/touchscreen/lf1000_ts.c.set_debounce_in_samples_down:314 debounce_in_samples_down=4
Jan  1 01:15:43    184 user.info kernel: drivers/input/touchscreen/lf1000_ts.c.set_debounce_in_samples_up:350 debounce_in_samples_up=1
Jan  1 01:15:44    185 local4.notice Emerald App: [0x280] LoadNewApp: after ; /LF/Base/L3X/main.swf; 1248; 28160
Jan  1 01:15:44    186 local4.notice Emerald App: [0x280] PushApp Done: L3X/main.swf; LightningBase/Src/AppManager.cpp; 706; 28156
Jan  1 01:15:44    187 local4.notice Emerald App: [0x280] mCurrentTransition = kPushApp !
Jan  1 01:15:44    188 local4.notice Emerald App: [0x6] AddListener: added listener 0x1ade8, number 2
Jan  1 01:15:44    189 local4.notice Emerald App: [0x6] AddListener: added listener 0x1ae2c, number 3
Jan  1 01:15:44    190 local4.notice Emerald App: [0x5] DisplayModule::CreateHandle: 0x82e00000
Jan  1 01:15:45    191 local4.crit Emerald App: [0xd] VideoTask Stopping...
Jan  1 01:15:45    192 local4.notice Emerald App: [0x5] DisplayModule::DestroyHandle: 0x4166d000
Jan  1 01:15:46    193 local4.notice Emerald App: [0x200] SystemPlugin::SetTouchscreenSampleRate( 50 ): true
Jan  1 01:15:46    194 local4.notice Emerald App: [0x200] AppManagerPlugin::isBaseAppRelaunch, FALSE
Jan  1 01:15:46    195 local4.notice Emerald App: [0x200] SystemPlugin::IsLFPlatform(): true
Jan  1 01:15:46    196 local4.notice Emerald App: [0x200] SystemPlugin::SetDidjLegacyFlag( 0 )
Jan  1 01:15:46    197 local4.notice Emerald App: [0x200] AppManagerPlugin::isBaseAppRelaunch, FALSE
Jan  1 01:15:50    198 local4.notice Emerald App: [0x13] CartManager started !
Jan  1 01:15:50    199 local4.notice Emerald Base: Starting /etc/init.d/networking ...
Jan  1 01:15:50    200 local4.notice Emerald Base: /etc/init.d/networking: default: dynamic IP
Jan  1 01:15:50    201 daemon.info avahi-autoipd(usb0)[867]: Found user 'avahi-autoipd' (UID 1104) and group 'avahi-autoipd' (GID 1104).
Jan  1 01:15:50    202 daemon.info avahi-autoipd(usb0)[867]: Successfully called chroot().
Jan  1 01:15:50    203 daemon.info avahi-autoipd(usb0)[867]: Successfully dropped root privileges.
Jan  1 01:15:50    204 daemon.info avahi-autoipd(usb0)[867]: Starting with address 169.254.8.202
Jan  1 01:15:51    205 daemon.info avahi-daemon[876]: Found user 'avahi' (UID 1102) and group 'avahi' (GID 1102).
Jan  1 01:15:51    206 daemon.info avahi-daemon[876]: Successfully dropped root privileges.
Jan  1 01:15:51    207 daemon.info avahi-daemon[876]: avahi-daemon 0.6.24 starting up.
Jan  1 01:15:51    208 daemon.warn avahi-daemon[876]: WARNING: No NSS support for mDNS detected, consider installing nss-mdns!
Jan  1 01:15:51    209 daemon.warn avahi-daemon[876]: Failed to open /etc/resolv.conf: No such file or directory
Jan  1 01:15:51    210 daemon.info avahi-daemon[876]: Loading service file /etc/avahi/services/ftp.service.
Jan  1 01:15:51    211 daemon.info avahi-daemon[876]: Loading service file /etc/avahi/services/sftp-ssh.service.
Jan  1 01:15:51    212 daemon.info avahi-daemon[876]: Loading service file /etc/avahi/services/ssh.service.
Jan  1 01:15:51    213 daemon.info avahi-daemon[876]: Network interface enumeration completed.
Jan  1 01:15:51    214 daemon.info avahi-daemon[876]: Registering HINFO record with values 'ARMV5TEJL'/'LINUX'.
Jan  1 01:15:51    215 daemon.info avahi-daemon[876]: Server startup complete. Host name is Explorer-0614170001021004F657.local. Local service cookie is 4251644701.
Jan  1 01:15:51    216 daemon.info avahi-daemon[876]: Service "Explorer-0614170001021004F657" (/etc/avahi/services/ssh.service) successfully established.
Jan  1 01:15:51    217 daemon.info avahi-daemon[876]: Service "SFTP File Transfer on Explorer-0614170001021004F657" (/etc/avahi/services/sftp-ssh.service) successfully established.
Jan  1 01:15:51    218 daemon.info avahi-daemon[876]: Service "FTP Transfer on Explorer-0614170001021004F657" (/etc/avahi/services/ftp.service) successfully established.
Jan  1 01:15:51    219 local4.notice Emerald Base: Starting vbus-monitor ...
Jan  1 01:15:51    220 local4.notice vbus-actions: VBUS went low; stop DFTP
Jan  1 01:15:51    221 local4.notice Emerald Base: Stopping DFTP ...
Jan  1 01:15:52    222 auth.info sshd[904]: Server listening on 0.0.0.0 port 22.
Jan  1 01:15:54    223 local4.notice Emerald Base: hostname:         'Explorer-0614170001021004F657'
Jan  1 01:15:54    224 local4.notice Emerald Base: Board ID:         '2'
Jan  1 01:15:54    225 local4.notice Emerald Base: NOR BootVersion:  '1.0.8.6905'
Jan  1 01:15:54    226 local4.notice Emerald Base: NOR SerialNumber: '0614170001021004F657'
Jan  1 01:15:55    227 local4.notice Emerald Base: NAND BootVersion: '1.0.8.6905'
Jan  1 01:15:55    228 local4.notice Emerald Base: Firmware Release Version: 1.0.8-6905
Jan  1 01:15:55    229 local4.notice Emerald Base: Base bin Version: "1.0.8.5070"^M
Jan  1 01:15:55    230 local4.notice Emerald Base: Base lib Version: "1.0.8.5190"^M
Jan  1 01:15:55    231 local4.notice Emerald Base: Base L3X Version: "1.0.8.5154"^M
Jan  1 01:15:55    232 local4.notice Emerald Base: Base Brio Version: "1.0.8.6905"^M
Jan  1 01:15:57    233 daemon.info avahi-autoipd(usb0)[867]: Callout BIND, address 169.254.8.202 on interface usb0
Jan  1 01:15:57    234 daemon.info avahi-daemon[876]: Joining mDNS multicast group on interface usb0.IPv4 with address 169.254.8.202.
Jan  1 01:15:57    235 daemon.info avahi-daemon[876]: New relevant interface usb0.IPv4 for mDNS.
Jan  1 01:15:57    236 daemon.info avahi-daemon[876]: Registering new address record for 169.254.8.202 on usb0.IPv4.
Jan  1 01:16:01    237 daemon.info avahi-autoipd(usb0)[867]: Successfully claimed IP address 169.254.8.202
Jan  1 01:16:57    238 local4.alert Emerald App: [0x280] setting mPowerShutdownOccurred = true
Jan  1 01:16:57    239 user.alert kernel: power_button_irq.468 Power button pressed
Jan  1 01:16:57    240 local4.notice Emerald App: [0x8] CreateTimer tTimerHndl=0x16cf60 callback=0x40540088 SIGRT34
Jan  1 01:16:57    241 local4.crit Emerald App: [0x280] mPowerShutdownOccurred
Jan  1 01:16:57    242 local4.notice Emerald App: [0x280] mCurrentTransition = kReplaceAllWithApp !
Jan  1 01:16:57    243 local4.notice Emerald App: [0x280] CAppManager::ExitPopUnloadApp()
Jan  1 01:16:57    244 local4.notice Emerald App: [0x6] RemoveListener: removed listener 0x1ae2c, number 2
Jan  1 01:16:57    245 local4.notice Emerald App: [0x6] RemoveListener: removed listener 0x1ade8, number 1
Jan  1 01:16:57    246 local4.notice Emerald App: [0x5] DisplayModule::DestroyHandle: 0x82e00000
Jan  1 01:16:57    247 local4.notice Emerald App: [0x6] RemoveListener: could not remove listener 0x1ae2c, number 1
Jan  1 01:16:57    248 local4.notice Emerald App: [0x6] RemoveListener: could not remove listener 0x1ade8, number 1
Jan  1 01:16:57    249 local4.notice Emerald App: [0x280] ExitPopUnloadApp: before; /LF/Base/L3X/; 1301; 21284
Jan  1 01:16:57    250 local4.notice Emerald App: [0x280] ExitPopUnloadApp: before UnloadModule /LF/Base/L3X/
Jan  1 01:16:57    251 user.info kernel: drivers/input/touchscreen/lf1000_ts.c.set_sample_rate_in_hz:624 sample_rate_in_jiffies=1
Jan  1 01:16:57    252 user.info kernel: drivers/input/touchscreen/lf1000_ts.c.set_debounce_in_samples_down:314 debounce_in_samples_down=4
Jan  1 01:16:57    253 user.info kernel: drivers/input/touchscreen/lf1000_ts.c.set_debounce_in_samples_up:350 debounce_in_samples_up=1
Jan  1 01:16:57    254 local4.notice Emerald App: [0x280] ExitPopUnloadApp: module unloaded 866144
Jan  1 01:16:57    255 local4.notice Emerald App: [0x280] ExitPopUnloadApp: after ; /LF/Base/L3X/; 1307; 21372
Jan  1 01:16:57    256 local4.crit Emerald App: [0x280] ExitPopUnloadApp: OGL context still active after unloading
Jan  1 01:16:57    257 local4.crit Emerald App: [0x280] ExitPopUnloadApp: aborting all Atomic I/O with fabortAllAtomic
Jan  1 01:16:57    258 local4.crit Emerald App: [0xf] fabortAllAtomic: aborted 0 files
Jan  1 01:16:57    259 local4.notice Emerald App: [0x0] Displaying the shutdown screen now.
Jan  1 01:16:57    260 local4.notice Emerald App: [0x0] (had to make our own screen context)
Jan  1 01:16:57    261 local4.notice Emerald App: [0x5] DisplayModule::CreateHandle: 0x82e00000
Jan  1 01:16:57    262 local4.alert Emerald App: [0x280] ::Run return mRestart:0
Jan  1 01:16:57    263 local4.notice Emerald App: [0x280] CAppManager::~CAppManager()
Jan  1 01:16:57    264 local4.notice Emerald App: [0x6] RemoveListener: removed listener 0xd2c40, number 0
Jan  1 01:16:57    265 local4.notice Emerald App: [0x280] CAppManager::ExitPopUnloadApp()
Jan  1 01:16:57    266 user.info kernel: drivers/input/touchscreen/lf1000_ts.c.set_sample_rate_in_hz:624 sample_rate_in_jiffies=1
Jan  1 01:16:57    267 user.info kernel: drivers/input/touchscreen/lf1000_ts.c.set_debounce_in_samples_down:314 debounce_in_samples_down=4
Jan  1 01:16:57    268 user.info kernel: drivers/input/touchscreen/lf1000_ts.c.set_debounce_in_samples_up:350 debounce_in_samples_up=1
Jan  1 01:16:57    269 local4.notice Emerald App: [0x6] RemoveListener: could not remove listener 0xba3b8, number 0
Jan  1 01:16:57    270 user.info kernel: drivers/lf1000/i2s/main.c.audio_release() dev->isOpen=0
Jan  1 01:16:57    271 local4.notice Emerald App: [0x6] RemoveListener: could not remove listener 0xd2c40, number 0
Jan  1 01:16:57    272 local4.notice Emerald App: [0x0] Calling Shutdown().
Jan  1 01:16:57    273 local4.notice Emerald App: [0x5] DisplayModule::InitModule: /dev/mlc base = 82E00000, size = 01200000
Jan  1 01:16:57    274 local4.notice Emerald App: [0x5] DisplayModule::InitModule: mapped base 82E00000, size 01200000 to 0x82e00000
Jan  1 01:16:57    275 local4.notice Emerald App: [0x5] DisplayModule::InitModule: mapped base A2E00000, size 01200000 to 0x4056d000
Jan  1 01:16:57    276 local4.notice Emerald App: [0x5] DisplayModule::CreateHandle: 0x4166d000
Jan  1 01:16:57    277 local4.notice Emerald App: [0x1] EnableSpeaker: 1
Jan  1 01:16:57    278 user.info kernel: drivers/lf1000/i2s/main.c.audio_open() dev->isOpen=1
Jan  1 01:16:57    279 user.info kernel: setAudioRate: expected rate 32000Hz, actual: 32000Hz
Jan  1 01:16:57    280 user.info kernel: getAudioRate: sample rate: 32000Hz, divisor: 48, CLKGEN0: 0x000002F0
Jan  1 01:16:58    281 local4.crit Emerald App: [0xd] VideoTask Started...
Jan  1 01:16:58    282 local4.notice Emerald App: [0x8] CreateTimer tTimerHndl=0x118e18 callback=0x40540088 SIGRT35
Jan  1 01:16:58    283 user.alert kernel: power_button_monitor_task.429 Power button released
Jan  1 01:16:59    284 local4.crit Emerald App: [0xd] VideoTask Stopping...
Jan  1 01:16:59    285 local4.notice Emerald App: [0x6] RemoveListener: could not remove listener 0x845c8, number 0
Jan  1 01:16:59    286 user.info kernel: drivers/lf1000/i2s/main.c.audio_release() dev->isOpen=0
Jan  1 01:16:59    287 local4.notice Emerald App: [0x5] DisplayModule::DestroyHandle: 0x4166d000
Jan  1 01:16:59    288 local4.alert Emerald App: [0xe] PowerMPI::Shutdown poweroff
Jan  1 01:16:59    289 local2.notice sudo:     game : TTY=unknown ; PWD=/LF ; USER=root ; COMMAND=/sbin/poweroff
Jan  1 01:16:59    290 local4.notice /usr/bin/app: AppManager exit(0) count=1 uptime=82
Jan  1 01:16:59    291 local4.notice Emerald Base: Shutdown requested, exit AppManager launch loop
Jan  1 01:16:59    292 daemon.warn avahi-daemon[876]: Disconnected from D-Bus, exiting.
Jan  1 01:16:59    293 daemon.info avahi-daemon[876]: Got SIGQUIT, quitting.
Jan  1 01:16:59    294 daemon.info avahi-daemon[876]: Leaving mDNS multicast group on interface usb0.IPv4 with address 169.254.8.202.
Jan  1 01:16:59    295 local4.notice Emerald Base: Stopping vbus-monitor ...
Jan  1 01:16:59    296 local4.notice Emerald Base: Stopping /etc/init.d/networking ...
Jan  1 01:17:00    297 daemon.err avahi-autoipd(usb0)[867]: SIOCSIFFLAGS failed: Permission denied
Jan  1 01:17:00    298 daemon.info avahi-autoipd(usb0)[867]: Callout STOP, address 169.254.8.202 on interface usb0
Jan  1 01:17:00    299 local4.notice Emerald Base: Stopping Ethernet USB driver ...
Jan  1 01:17:00    300 daemon.info avahi-autoipd(usb0)[868]: client: ip: cannot find device "usb0"
Jan  1 01:17:00    301 daemon.warn avahi-autoipd(usb0)[868]: Script execution failed with return value 1
Jan  1 01:17:00    302 local4.notice Emerald Base: Stopping system logging ... !
Jan  1 01:17:00    303 user.notice kernel: klogd: exiting
Jan  1 01:17:00    304 syslog.info syslogd exiting
Jun 15 12:44:29      0 syslog.info syslogd started: BusyBox v1.13.2---1
Jun 15 12:44:29      1 local4.notice Recovery Keep-Alives: boot_image=PLAY boot_source=NOR panic=0 power=COLD request=BATTERY shutdown=DIRTY raw=0003E25D
Jun 15 12:44:29      2 user.notice kernel: klogd started: BusyBox v1.13.2 (2010-03-16 15:24:13 PDT)
Jun 15 12:44:29      3 user.notice kernel: Linux version 2.6.31-leapfrog (lfu@lightning-release) (gcc version 4.1.1) #37 Fri Mar 26 16:44:07 PDT 2010
Jun 15 12:44:29      4 user.warn kernel: CPU: ARM926EJ-S [41069265] revision 5 (ARMv5TEJ), cr=00053177
Jun 15 12:44:29      5 user.warn kernel: CPU: VIVT data cache, VIVT instruction cache
Jun 15 12:44:29      6 user.warn kernel: Machine: ARM-LF1000
Jun 15 12:44:29      7 user.warn kernel: Memory policy: ECC disabled, Data cache writeback
Jun 15 12:44:29      8 user.debug kernel: On node 0 totalpages: 11776
Jun 15 12:44:29      9 user.debug kernel: free_area_init_node: node 0, pgdat c03492dc, node_mem_map c037e000
Jun 15 12:44:29     10 user.debug kernel:   Normal zone: 92 pages used for memmap
Jun 15 12:44:29     11 user.debug kernel:   Normal zone: 0 pages reserved
Jun 15 12:44:29     12 user.debug kernel:   Normal zone: 11684 pages, LIFO batch:1
Jun 15 12:44:29     13 user.info kernel: lf1000_oscvco_set.60 pll 0, not changed already set to 0x00DF2100
Jun 15 12:44:29     14 user.warn kernel: PLL0=393.218109 MHz   
Jun 15 12:44:29     15 user.info kernel: lf1000_oscvco_set.60 pll 1, not changed already set to 0x0024C402
Jun 15 12:44:29     16 user.warn kernel: PLL1=147.000 MHz   Built 1 zonelists in Zone order, mobility grouping on.  Total pages: 11684
Jun 15 12:44:29     17 user.notice kernel: Kernel command line: init=/sbin/init console=ttyS0,115200 mem=46M mlc_fb=0x82E00000,0x01200000 ram=0x80000000-0x83FFFFFF screen_module=ILI9322 ebs=0x20000,0x0 root=ubi0_0 rw rootfstype=ubifs ubi.mtd=RFS 
Jun 15 12:44:29     18 user.warn kernel: PID hash table entries: 256 (order: 8, 1024 bytes)
Jun 15 12:44:29     19 user.info kernel: Dentry cache hash table entries: 8192 (order: 3, 32768 bytes)
Jun 15 12:44:29     20 user.info kernel: Inode-cache hash table entries: 4096 (order: 2, 16384 bytes)
Jun 15 12:44:29     21 user.info kernel: Memory: 46MB = 46MB total
Jun 15 12:44:29     22 user.notice kernel: Memory: 43064KB available (3028K code, 323K data, 104K init, 0K highmem)
Jun 15 12:44:29     23 user.info kernel: NR_IRQS:42
Jun 15 12:44:29     24 user.warn kernel: TIM0=  4.593 MHz   TIM1=  4.593 MHz   TIM2=  4.593 MHz   TIM3=  4.593 MHz   TIM4=  4.593 MHz   
Jun 15 12:44:29     25 user.info kernel: console [ttyS0] enabled
Jun 15 12:44:29     26 user.info kernel: Calibrating delay loop (skipped) preset value.. 786.43 BogoMIPS (lpj=3932181)
Jun 15 12:44:29     27 user.warn kernel: Mount-cache hash table entries: 512
Jun 15 12:44:29     28 user.info kernel: CPU: Testing write buffer coherency: ok
Jun 15 12:44:29     29 user.info kernel: NET: Registered protocol family 16
Jun 15 12:44:29     30 user.warn kernel: bio: create slab <bio-0> at 0
Jun 15 12:44:29     31 user.info kernel: usbcore: registered new interface driver usbfs
Jun 15 12:44:29     32 user.info kernel: usbcore: registered new interface driver hub
Jun 15 12:44:29     33 user.info kernel: usbcore: registered new device driver usb
Jun 15 12:44:29     34 user.info kernel: NET: Registered protocol family 2
Jun 15 12:44:29     35 user.info kernel: IP route cache hash table entries: 1024 (order: 0, 4096 bytes)
Jun 15 12:44:29     36 user.info kernel: TCP established hash table entries: 2048 (order: 2, 16384 bytes)
Jun 15 12:44:29     37 user.info kernel: TCP bind hash table entries: 2048 (order: 1, 8192 bytes)
Jun 15 12:44:29     38 user.info kernel: TCP: Hash tables configured (established 2048 bind 2048)
Jun 15 12:44:29     39 user.info kernel: TCP reno registered
Jun 15 12:44:29     40 user.info kernel: NET: Registered protocol family 1
Jun 15 12:44:29     41 user.info kernel: arch/arm/mach-lf1000/gpio_main.c.check_for_touchscreen:1381 found touchscreen
Jun 15 12:44:29     42 user.info kernel: Reading Board ID =  2
Jun 15 12:44:29     43 user.info kernel: JFFS2 version 2.2. (NAND) (SUMMARY)  © 2001-2006 Red Hat, Inc.
Jun 15 12:44:29     44 user.info kernel: msgmni has been set to 84
Jun 15 12:44:29     45 user.info kernel: alg: No test for stdrng (krng)
Jun 15 12:44:29     46 user.info kernel: io scheduler noop registered
Jun 15 12:44:29     47 user.info kernel: io scheduler deadline registered (default)
Jun 15 12:44:29     48 user.info kernel: Serial: 8250/16550 driver $Revision: 1.90 $ 4 ports, IRQ sharing disabled
Jun 15 12:44:29     49 user.info kernel: serial8250: ttyS0 at MMIO 0x0 (irq = 10) is a 8250
Jun 15 12:44:29     50 user.info kernel: serial8250: ttyS1 at MMIO 0x0 (irq = 34) is a 8250
Jun 15 12:44:29     51 user.info kernel: serial8250: ttyS2 at MMIO 0x0 (irq = 35) is a 8250
Jun 15 12:44:29     52 user.info kernel: serial8250: ttyS3 at MMIO 0x0 (irq = 36) is a 8250
Jun 15 12:44:29     53 user.info kernel: brd: module loaded
Jun 15 12:44:29     54 user.info kernel: loop: module loaded
Jun 15 12:44:29     55 user.info kernel: ohci_hcd: USB 1.1 'Open' Host Controller (OHCI) Driver
Jun 15 12:44:29     56 user.warn kernel: usb_hcd_lf1000_probe^M
Jun 15 12:44:29     57 user.warn kernel: hcd->regs: xc30be000
Jun 15 12:44:29     58 user.debug kernel: drivers/usb/host/ohci-lf1000.clf1000_start_hc
Jun 15 12:44:29     59 user.debug kernel: drivers/usb/host/ohci-lf1000.clf1000_start_hc returns
Jun 15 12:44:29     60 user.warn kernel: before ohci_hcd_init()
Jun 15 12:44:29     61 user.warn kernel: after ohci_hcd_init()^M
Jun 15 12:44:29     62 user.info kernel: lf1000-ohci lf1000-ohci: LF1000 OHCI
Jun 15 12:44:29     63 user.info kernel: lf1000-ohci lf1000-ohci: new USB bus registered, assigned bus number 1
Jun 15 12:44:29     64 user.info kernel: lf1000-ohci lf1000-ohci: irq 28, io mem 0xc000d000
Jun 15 12:44:29     65 user.warn kernel: ohci->regs: xc30be000
Jun 15 12:44:29     66 user.warn kernel: &ohci->regs->control: xc30be004
Jun 15 12:44:29     67 user.warn kernel: ioread32(&ohci->regs->control): 0x0
Jun 15 12:44:29     68 user.warn kernel: after hcd->driver->start
Jun 15 12:44:29     69 user.info kernel: usb usb1: configuration #1 chosen from 1 choice
Jun 15 12:44:29     70 user.info kernel: hub 1-0:1.0: USB hub found
Jun 15 12:44:29     71 user.info kernel: hub 1-0:1.0: 2 ports detected
Jun 15 12:44:29     72 user.warn kernel: usb_add_hcd() returns 0
Jun 15 12:44:29     73 user.warn kernel: after usb_add_hcd()^M
Jun 15 12:44:29     74 user.warn kernel: usb_hcd_lf1000_probe returns^M
Jun 15 12:44:29     75 user.warn kernel: IRQ 31/lf1000-rtc: IRQF_DISABLED is not guaranteed on shared IRQs
Jun 15 12:44:29     76 user.debug kernel: lf1000-rtc: dev (254:0)
Jun 15 12:44:29     77 user.info kernel: lf1000-rtc lf1000-rtc: rtc core: registered lf1000-rtc as rtc0
Jun 15 12:44:29     78 user.info kernel: LF1000 Real Time Clock driver.
Jun 15 12:44:29     79 user.info kernel: i2c /dev entries driver
Jun 15 12:44:29     80 user.info kernel: Software Watchdog Timer: 0.07 initialized. soft_noboot=0 soft_margin=60 sec (nowayout= 0)
Jun 15 12:44:29     81 user.info kernel: usbcore: registered new interface driver usbhid
Jun 15 12:44:29     82 user.info kernel: usbhid: v2.6:USB HID core driver
Jun 15 12:44:29     83 user.info kernel: setAudioRate: expected rate 32000Hz, actual: 32000Hz
Jun 15 12:44:29     84 user.notice kernel: *** MLC mlc_fb_addr=82e00000 size=01200000 fb[0]=82e00000 ***
Jun 15 12:44:29     85 user.info kernel: lf1000-dpc driver
Jun 15 12:44:29     86 user.warn kernel: dpc: PWM clock rate is 9800000
Jun 15 12:44:29     87 user.debug kernel: idct: start=C000F800, end=C000FFC4
Jun 15 12:44:29     88 user.debug kernel: idct: mem=c30e8800
Jun 15 12:44:29     89 user.info kernel: input: LF1000 USB as /class/input/input0
Jun 15 12:44:29     90 user.info kernel: Cartridge hot swap supported 
Jun 15 12:44:29     91 user.info kernel: nand_get_flash_type(...): Manu_ID = 2c, Dev_ID = dc 
Jun 15 12:44:29     92 user.info kernel: NAND device: Manufacturer ID: 0x2c, Chip ID: 0xdc (Micron NAND 512MiB 3,3V 8-bit)
Jun 15 12:44:29     93 user.err kernel: I: chip->options & NAND_NO_SUBPAGE_WRITE = 0
Jun 15 12:44:29     94 user.err kernel: I: chip->options & NAND_CI_CELLTYPE_MSK = 0
Jun 15 12:44:29     95 user.err kernel: I: ecc.steps = 8
Jun 15 12:44:29     96 user.err kernel: I: mtd=c29f4400 mtd->subpage_sft = 2
Jun 15 12:44:29     97 user.info kernel: Scanning device for bad blocks
Jun 15 12:44:29     98 user.warn kernel: Bad eraseblock 1642 at 0x00000cd40000
Jun 15 12:44:29     99 user.notice kernel: UBI: VID header offset:          512 (aligned 512)
Jun 15 12:44:29    100 user.notice kernel: UBI: data offset:                2048
Jun 15 12:44:29    101 user.notice kernel: UBI: attached mtd3 to ubi0
Jun 15 12:44:29    102 user.notice kernel: UBI: MTD device name:            "RFS"
Jun 15 12:44:29    103 user.notice kernel: UBI: MTD device size:            86 MiB
Jun 15 12:44:29    104 user.notice kernel: UBI: number of good PEBs:        688
Jun 15 12:44:29    105 user.notice kernel: UBI: number of bad PEBs:         0
Jun 15 12:44:29    106 user.notice kernel: UBI: max. allowed volumes:       128
Jun 15 12:44:29    107 user.notice kernel: UBI: wear-leveling threshold:    4096
Jun 15 12:44:29    108 user.notice kernel: UBI: number of internal volumes: 1
Jun 15 12:44:29    109 user.notice kernel: UBI: number of user volumes:     1
Jun 15 12:44:29    110 user.notice kernel: UBI: available PEBs:             0
Jun 15 12:44:29    111 user.notice kernel: UBI: total number of reserved PEBs: 688
Jun 15 12:44:29    112 user.notice kernel: UBI: number of PEBs reserved for bad PEB handling: 6
Jun 15 12:44:29    113 user.notice kernel: UBI: max/mean erase counter: 20/6
Jun 15 12:44:29    114 user.notice kernel: UBI: image sequence number: 0
Jun 15 12:44:29    115 user.notice kernel: UBI: background thread "ubi_bgt0d" started, PID 711
Jun 15 12:44:29    116 user.alert kernel: lf1000_power_probe.647
Jun 15 12:44:29    117 user.info kernel: input: Power Button as /class/input/input1
Jun 15 12:44:29    118 user.alert kernel: lf1000_power_probe.717 initial battery reading is :4794
Jun 15 12:44:29    119 user.info kernel: input: LF1000 Keyboard as /class/input/input2
Jun 15 12:44:29    120 user.info kernel: TCP cubic registered
Jun 15 12:44:29    121 user.info kernel: NET: Registered protocol family 17
Jun 15 12:44:29    122 user.debug kernel: lf1000_rtc_readtime(): 1996-06-15 12:44:28
Jun 15 12:44:29    123 user.info kernel: lf1000-rtc lf1000-rtc: setting system clock to 1996-06-15 12:44:28 UTC (834842668)
Jun 15 12:44:29    124 user.notice kernel: UBIFS: mounted UBI device 0, volume 0, name "ubi_rfs"
Jun 15 12:44:29    125 user.notice kernel: UBIFS: file system size:   86059008 bytes (84042 KiB, 82 MiB, 667 LEBs)
Jun 15 12:44:29    126 user.notice kernel: UBIFS: journal size:       9033728 bytes (8822 KiB, 8 MiB, 71 LEBs)
Jun 15 12:44:29    127 user.notice kernel: UBIFS: media format:       w4/r0 (latest is w4/r0)
Jun 15 12:44:29    128 user.notice kernel: UBIFS: default compressor: lzo
Jun 15 12:44:29    129 user.notice kernel: UBIFS: reserved for root:  0 bytes (0 KiB)
Jun 15 12:44:29    130 user.warn kernel: VFS: Mounted root (ubifs filesystem) on device 0:13.
Jun 15 12:44:29    131 user.info kernel: Freeing init memory: 104K
Jun 15 12:44:35    132 local4.notice Emerald Base: +++ 8.02 24 177 601 Bgn AppManager
Jun 15 12:44:35    133 auth.notice su: + none root:game
Jun 15 12:44:35    134 local4.notice Emerald Base: Use ADC settings from NOR 33 2026
Jun 15 12:44:35    135 local4.notice Emerald Base: Starting Ethernet USB driver ...
Jun 15 12:44:36    136 user.info kernel: usb0: MAC 80:38:fd:04:f6:57
Jun 15 12:44:36    137 user.info kernel: usb0: HOST MAC 80:38:fd:84:f6:57
Jun 15 12:44:36    138 user.info kernel: g_ether gadget: Ethernet Gadget, version: Veterans Day 2009
Jun 15 12:44:36    139 user.info kernel: g_ether gadget: g_ether ready
Jun 15 12:44:36    140 local4.notice Emerald Base: Starting touch screen driver ...
Jun 15 12:44:36    141 user.info kernel: input: LF1000 touchscreen interface as /class/input/input3
Jun 15 12:44:36    142 local4.notice Emerald Base: setcal: Using USERCAL in /flags/pointercal -33242 -632 28392732 -633 -28679 23140057 65536
Jun 15 12:44:36    143 user.info kernel: drivers/input/touchscreen/lf1000_ts.c.set_a0:470 a[0]=28392732
Jun 15 12:44:36    144 user.info kernel: drivers/input/touchscreen/lf1000_ts.c.set_a1:491 a[1]=-33242
Jun 15 12:44:36    145 user.info kernel: drivers/input/touchscreen/lf1000_ts.c.set_a2:513 a[2]=-632
Jun 15 12:44:36    146 user.info kernel: drivers/input/touchscreen/lf1000_ts.c.set_a3:535 a[3]=23140057
Jun 15 12:44:36    147 user.info kernel: drivers/input/touchscreen/lf1000_ts.c.set_a4:556 a[4]=-633
Jun 15 12:44:36    148 user.info kernel: drivers/input/touchscreen/lf1000_ts.c.set_a5:577 a[5]=-28679
Jun 15 12:44:36    149 user.info kernel: drivers/input/touchscreen/lf1000_ts.c.set_a6:598 a[6]=65536
Jan  1 01:01:00    150 user.debug kernel: lf1000_rtc_ioctl(): cmd=4024700a, arg=beeb7ba8.
Jan  1 01:01:00    151 user.debug kernel: lf1000_rtc_settime(): 2008-00-01 01:01:00
Jan  1 01:01:00    152 user.debug kernel: lf1000_rtc_ioctl(): cmd=00007004, arg=00000000.
Jan  1 01:01:00    153 local4.notice Emerald Base: +++ 9.96 115 280 601 Bgn Attaching Bulk
Jan  1 01:01:00    154 user.notice kernel: UBI: attaching mtd4 to ubi1
Jan  1 01:01:00    155 user.notice kernel: UBI: physical eraseblock size:   131072 bytes (128 KiB)
Jan  1 01:01:00    156 user.notice kernel: UBI: logical eraseblock size:    129024 bytes
Jan  1 01:01:00    157 user.notice kernel: UBI: smallest flash I/O unit:    2048
Jan  1 01:01:00    158 user.notice kernel: UBI: sub-page size:              512
Jan  1 01:01:00    159 user.notice kernel: UBI: VID header offset:          512 (aligned 512)
Jan  1 01:01:00    160 user.notice kernel: UBI: data offset:                2048
Jan  1 01:01:01    161 local4.notice Emerald App: [0x6] Start ButtonPowerUSB Task ... !
Jan  1 01:01:01    162 local4.notice Emerald App: [0x6] Start Cartridge task ...!
Jan  1 01:01:01    163 local4.notice Emerald App: [0x5] DisplayModule::InitModule: /dev/mlc base = 82E00000, size = 01200000
Jan  1 01:01:01    164 local4.notice Emerald App: [0x5] DisplayModule::InitModule: mapped base 82E00000, size 01200000 to 0x82e00000
Jan  1 01:01:01    165 local4.notice Emerald App: [0x5] DisplayModule::InitModule: mapped base A2E00000, size 01200000 to 0x4056d000
Jan  1 01:01:01    166 local4.notice Emerald App: [0x5] DisplayModule::CreateHandle: 0x4166d000
Jan  1 01:01:01    167 user.notice kernel: UBI: attached mtd4 to ubi1
Jan  1 01:01:01    168 user.notice kernel: UBI: MTD device name:            "Bulk"
Jan  1 01:01:01    169 user.notice kernel: UBI: MTD device size:            416 MiB
Jan  1 01:01:01    170 user.notice kernel: UBI: number of good PEBs:        3327
Jan  1 01:01:01    171 user.notice kernel: UBI: number of bad PEBs:         1
Jan  1 01:01:01    172 user.notice kernel: UBI: max. allowed volumes:       128
Jan  1 01:01:01    173 user.notice kernel: UBI: wear-leveling threshold:    4096
Jan  1 01:01:01    174 user.notice kernel: UBI: number of internal volumes: 1
Jan  1 01:01:01    175 user.notice kernel: UBI: number of user volumes:     1
Jan  1 01:01:01    176 user.notice kernel: UBI: available PEBs:             0
Jan  1 01:01:01    177 user.notice kernel: UBI: total number of reserved PEBs: 3327
Jan  1 01:01:01    178 local4.notice Emerald Base: +++ 11.32 153 378 601 Bgn Mounting /LF/Bulk
Jan  1 01:01:02    179 user.notice kernel: UBIFS: mounted UBI device 1, volume 0, name "ubi_bulk"
Jan  1 01:01:02    180 user.notice kernel: UBIFS: file system size:   423069696 bytes (413154 KiB, 403 MiB, 3279 LEBs)
Jan  1 01:01:02    181 user.notice kernel: UBIFS: journal size:       9033728 bytes (8822 KiB, 8 MiB, 71 LEBs)
Jan  1 01:01:02    182 user.notice kernel: UBIFS: media format:       w4/r0 (latest is w4/r0)
Jan  1 01:01:02    183 user.notice kernel: UBIFS: default compressor: lzo
Jan  1 01:01:02    184 user.notice kernel: UBIFS: reserved for root:  0 bytes (0 KiB)
Jan  1 01:01:02    185 local4.notice Emerald App: [0x1] EnableSpeaker: 1
Jan  1 01:01:02    186 user.info kernel: drivers/lf1000/i2s/main.c.audio_open() dev->isOpen=1
Jan  1 01:01:02    187 user.info kernel: setAudioRate: expected rate 32000Hz, actual: 32000Hz
Jan  1 01:01:02    188 user.info kernel: getAudioRate: sample rate: 32000Hz, divisor: 48, CLKGEN0: 0x000002F0
Jan  1 01:01:02    189 local4.crit Emerald App: [0xd] VideoTask Started...
Jan  1 01:01:02    190 local4.notice Emerald App: [0x280] CAppManager::CAppManager ; LightningBase/Src/AppManager.cpp; 305; 29964
Jan  1 01:01:02    191 local4.notice Emerald App: [0x280] Shutdown Timer set for 12000 [ms] timeout
Jan  1 01:01:02    192 local4.notice Emerald App: [0x280] USB Device Watchdog set for 12 [sec] timeout
Jan  1 01:01:02    193 local4.notice Emerald App: [0x280] AppManager signal handler installed 
Jan  1 01:01:02    194 local4.notice Emerald App: [0x6] AddListener: added listener 0xd2c38, number 1
Jan  1 01:01:02    195 local4.notice Emerald App: [0x5] DisplayModule::CreateHandle: 0x82e00000
Jan  1 01:01:02    196 local4.notice Emerald App: [0x5] DisplayModule::DestroyHandle: 0x82e00000
Jan  1 01:01:02    197 local4.notice Emerald App: [0x280] Run: removing guest data at power on
Jan  1 01:01:02    198 local4.notice Emerald App: [0x280] Run Cold boot, resetting RTCAccuracy
Jan  1 01:01:02    199 local4.crit Emerald App: [0xf] fopenAtomic(/LF/Bulk/settings.cfg) returning 0x000e4058
Jan  1 01:01:02    200 local4.crit Emerald App: [0xf] fcloseAtomic returning 0
Jan  1 01:01:02    201 local4.notice Emerald App: [0x280] mCurrentTransition = kLoginApp !
Jan  1 01:01:02    202 local4.notice Emerald App: [0x0] EnumDeviceCallback: /sys/class/usb_device/usbdev1.1: 1D6B0001
Jan  1 01:01:02    203 local4.notice Emerald App: [0x280] PushApp Start: L3X/main.swf; LightningBase/Src/AppManager.cpp; 704; 29580
Jan  1 01:01:02    204 local4.notice Emerald App: [0x280] LoadNewApp path = /LF/Base/L3X/main.swf
Jan  1 01:01:02    205 user.info kernel: drivers/input/touchscreen/lf1000_ts.c.set_sample_rate_in_hz:624 sample_rate_in_jiffies=1
Jan  1 01:01:02    206 local4.notice Emerald App: [0x280] LoadNewApp: before; /LF/Base/L3X/main.swf; 1176; 29560
Jan  1 01:01:02    207 user.info kernel: drivers/input/touchscreen/lf1000_ts.c.set_debounce_in_samples_down:314 debounce_in_samples_down=4
Jan  1 01:01:02    208 user.info kernel: drivers/input/touchscreen/lf1000_ts.c.set_debounce_in_samples_up:350 debounce_in_samples_up=1
Jan  1 01:01:03    209 local4.notice Emerald App: [0x280] LoadNewApp: after ; /LF/Base/L3X/main.swf; 1248; 28136
Jan  1 01:01:03    210 local4.notice Emerald App: [0x280] PushApp Done: L3X/main.swf; LightningBase/Src/AppManager.cpp; 706; 28136
Jan  1 01:01:03    211 local4.notice Emerald App: [0x280] mCurrentTransition = kPushApp !
Jan  1 01:01:03    212 local4.notice Emerald App: [0x6] AddListener: added listener 0x1ade0, number 2
Jan  1 01:01:03    213 local4.notice Emerald App: [0x6] AddListener: added listener 0x1ae24, number 3
Jan  1 01:01:03    214 local4.notice Emerald App: [0x5] DisplayModule::CreateHandle: 0x82e00000
Jan  1 01:01:05    215 local4.crit Emerald App: [0xd] VideoTask Stopping...
Jan  1 01:01:05    216 local4.notice Emerald App: [0x5] DisplayModule::DestroyHandle: 0x4166d000
Jan  1 01:01:06    217 local4.notice Emerald App: [0x200] SystemPlugin::SetTouchscreenSampleRate( 50 ): true
Jan  1 01:01:06    218 local4.notice Emerald App: [0x200] AppManagerPlugin::isBaseAppRelaunch, FALSE
Jan  1 01:01:06    219 local4.notice Emerald App: [0x200] SystemPlugin::IsLFPlatform(): true
Jan  1 01:01:06    220 local4.notice Emerald App: [0x200] SystemPlugin::SetDidjLegacyFlag( 0 )
Jan  1 01:01:06    221 local4.notice Emerald App: [0x200] AppManagerPlugin::isBaseAppRelaunch, FALSE
Jan  1 01:01:09    222 local4.notice Emerald App: [0x13] CartManager started !
Jan  1 01:01:09    223 local4.notice Emerald Base: Starting /etc/init.d/networking ...
Jan  1 01:01:09    224 local4.notice Emerald Base: /etc/init.d/networking: default: dynamic IP
Jan  1 01:01:10    225 daemon.info avahi-autoipd(usb0)[869]: Found user 'avahi-autoipd' (UID 1104) and group 'avahi-autoipd' (GID 1104).
Jan  1 01:01:10    226 daemon.info avahi-autoipd(usb0)[869]: Successfully called chroot().
Jan  1 01:01:10    227 daemon.info avahi-autoipd(usb0)[869]: Successfully dropped root privileges.
Jan  1 01:01:10    228 daemon.info avahi-autoipd(usb0)[869]: Starting with address 169.254.8.202
Jan  1 01:01:10    229 daemon.info avahi-daemon[878]: Found user 'avahi' (UID 1102) and group 'avahi' (GID 1102).
Jan  1 01:01:10    230 daemon.info avahi-daemon[878]: Successfully dropped root privileges.
Jan  1 01:01:10    231 daemon.info avahi-daemon[878]: avahi-daemon 0.6.24 starting up.
Jan  1 01:01:10    232 daemon.warn avahi-daemon[878]: WARNING: No NSS support for mDNS detected, consider installing nss-mdns!
Jan  1 01:01:10    233 daemon.warn avahi-daemon[878]: Failed to open /etc/resolv.conf: No such file or directory
Jan  1 01:01:10    234 daemon.info avahi-daemon[878]: Loading service file /etc/avahi/services/ftp.service.
Jan  1 01:01:10    235 daemon.info avahi-daemon[878]: Loading service file /etc/avahi/services/sftp-ssh.service.
Jan  1 01:01:10    236 daemon.info avahi-daemon[878]: Loading service file /etc/avahi/services/ssh.service.
Jan  1 01:01:10    237 daemon.info avahi-daemon[878]: Network interface enumeration completed.
Jan  1 01:01:10    238 daemon.info avahi-daemon[878]: Registering HINFO record with values 'ARMV5TEJL'/'LINUX'.
Jan  1 01:01:10    239 daemon.info avahi-daemon[878]: Server startup complete. Host name is Explorer-0614170001021004F657.local. Local service cookie is 4008977952.
Jan  1 01:01:10    240 daemon.info avahi-daemon[878]: Service "Explorer-0614170001021004F657" (/etc/avahi/services/ssh.service) successfully established.
Jan  1 01:01:10    241 daemon.info avahi-daemon[878]: Service "SFTP File Transfer on Explorer-0614170001021004F657" (/etc/avahi/services/sftp-ssh.service) successfully established.
Jan  1 01:01:10    242 daemon.info avahi-daemon[878]: Service "FTP Transfer on Explorer-0614170001021004F657" (/etc/avahi/services/ftp.service) successfully established.
Jan  1 01:01:10    243 local4.notice Emerald Base: Starting vbus-monitor ...
Jan  1 01:01:10    244 local4.notice vbus-actions: VBUS went low; stop DFTP
Jan  1 01:01:11    245 local4.notice Emerald Base: Stopping DFTP ...
Jan  1 01:01:11    246 auth.info sshd[906]: Server listening on 0.0.0.0 port 22.
Jan  1 01:01:13    247 local4.notice Emerald Base: hostname:         'Explorer-0614170001021004F657'
Jan  1 01:01:13    248 local4.notice Emerald Base: Board ID:         '2'
Jan  1 01:01:14    249 local4.notice Emerald Base: NOR BootVersion:  '1.0.8.6905'
Jan  1 01:01:14    250 local4.notice Emerald Base: NOR SerialNumber: '0614170001021004F657'
Jan  1 01:01:14    251 local4.notice Emerald Base: NAND BootVersion: '1.0.8.6905'
Jan  1 01:01:14    252 local4.notice Emerald Base: Firmware Release Version: 1.0.8-6905
Jan  1 01:01:14    253 local4.notice Emerald Base: Base bin Version: "1.0.8.5070"^M
Jan  1 01:01:14    254 local4.notice Emerald Base: Base lib Version: "1.0.8.5190"^M
Jan  1 01:01:14    255 local4.notice Emerald Base: Base L3X Version: "1.0.8.5154"^M
Jan  1 01:01:14    256 local4.notice Emerald Base: Base Brio Version: "1.0.8.6905"^M
Jan  1 01:01:15    257 daemon.info avahi-autoipd(usb0)[869]: Callout BIND, address 169.254.8.202 on interface usb0
Jan  1 01:01:15    258 daemon.info avahi-daemon[878]: Joining mDNS multicast group on interface usb0.IPv4 with address 169.254.8.202.
Jan  1 01:01:15    259 daemon.info avahi-daemon[878]: New relevant interface usb0.IPv4 for mDNS.
Jan  1 01:01:15    260 daemon.info avahi-daemon[878]: Registering new address record for 169.254.8.202 on usb0.IPv4.
Jan  1 01:01:19    261 daemon.info avahi-autoipd(usb0)[869]: Successfully claimed IP address 169.254.8.202
Jan  1 01:02:51      0 syslog.info syslogd started: BusyBox v1.13.2---1
Jan  1 01:02:51      1 local4.notice Recovery Keep-Alives: boot_image=PLAY boot_source=NOR panic=0 power=COLD request=BATTERY shutdown=DIRTY raw=0003E25D
Jan  1 01:02:51      2 user.notice kernel: klogd started: BusyBox v1.13.2 (2010-03-16 15:24:13 PDT)
Jan  1 01:02:51      3 user.notice kernel: Linux version 2.6.31-leapfrog (lfu@lightning-release) (gcc version 4.1.1) #37 Fri Mar 26 16:44:07 PDT 2010
Jan  1 01:02:51      4 user.warn kernel: CPU: ARM926EJ-S [41069265] revision 5 (ARMv5TEJ), cr=00053177
Jan  1 01:02:51      5 user.warn kernel: CPU: VIVT data cache, VIVT instruction cache
Jan  1 01:02:51      6 user.warn kernel: Machine: ARM-LF1000
Jan  1 01:02:51      7 user.warn kernel: Memory policy: ECC disabled, Data cache writeback
Jan  1 01:02:51      8 user.debug kernel: On node 0 totalpages: 11776
Jan  1 01:02:51      9 user.debug kernel: free_area_init_node: node 0, pgdat c03492dc, node_mem_map c037e000
Jan  1 01:02:51     10 user.debug kernel:   Normal zone: 92 pages used for memmap
Jan  1 01:02:51     11 user.debug kernel:   Normal zone: 0 pages reserved
Jan  1 01:02:51     12 user.debug kernel:   Normal zone: 11684 pages, LIFO batch:1
Jan  1 01:02:51     13 user.info kernel: lf1000_oscvco_set.60 pll 0, not changed already set to 0x00DF2100
Jan  1 01:02:51     14 user.warn kernel: PLL0=393.218109 MHz   
Jan  1 01:02:51     15 user.info kernel: lf1000_oscvco_set.60 pll 1, not changed already set to 0x0024C402
Jan  1 01:02:51     16 user.warn kernel: PLL1=147.000 MHz   Built 1 zonelists in Zone order, mobility grouping on.  Total pages: 11684
Jan  1 01:02:51     17 user.notice kernel: Kernel command line: init=/sbin/init console=ttyS0,115200 mem=46M mlc_fb=0x82E00000,0x01200000 ram=0x80000000-0x83FFFFFF screen_module=ILI9322 ebs=0x20000,0x0 root=ubi0_0 rw rootfstype=ubifs ubi.mtd=RFS 
Jan  1 01:02:51     18 user.warn kernel: PID hash table entries: 256 (order: 8, 1024 bytes)
Jan  1 01:02:51     19 user.info kernel: Dentry cache hash table entries: 8192 (order: 3, 32768 bytes)
Jan  1 01:02:51     20 user.info kernel: Inode-cache hash table entries: 4096 (order: 2, 16384 bytes)
Jan  1 01:02:51     21 user.info kernel: Memory: 46MB = 46MB total
Jan  1 01:02:51     22 user.notice kernel: Memory: 43064KB available (3028K code, 323K data, 104K init, 0K highmem)
Jan  1 01:02:51     23 user.info kernel: NR_IRQS:42
Jan  1 01:02:51     24 user.warn kernel: TIM0=  4.593 MHz   TIM1=  4.593 MHz   TIM2=  4.593 MHz   TIM3=  4.593 MHz   TIM4=  4.593 MHz   
Jan  1 01:02:51     25 user.info kernel: console [ttyS0] enabled
Jan  1 01:02:51     26 user.info kernel: Calibrating delay loop (skipped) preset value.. 786.43 BogoMIPS (lpj=3932181)
Jan  1 01:02:51     27 user.warn kernel: Mount-cache hash table entries: 512
Jan  1 01:02:51     28 user.info kernel: CPU: Testing write buffer coherency: ok
Jan  1 01:02:51     29 user.info kernel: NET: Registered protocol family 16
Jan  1 01:02:51     30 user.warn kernel: bio: create slab <bio-0> at 0
Jan  1 01:02:51     31 user.info kernel: usbcore: registered new interface driver usbfs
Jan  1 01:02:51     32 user.info kernel: usbcore: registered new interface driver hub
Jan  1 01:02:51     33 user.info kernel: usbcore: registered new device driver usb
Jan  1 01:02:51     34 user.info kernel: NET: Registered protocol family 2
Jan  1 01:02:51     35 user.info kernel: IP route cache hash table entries: 1024 (order: 0, 4096 bytes)
Jan  1 01:02:51     36 user.info kernel: TCP established hash table entries: 2048 (order: 2, 16384 bytes)
Jan  1 01:02:51     37 user.info kernel: TCP bind hash table entries: 2048 (order: 1, 8192 bytes)
Jan  1 01:02:51     38 user.info kernel: TCP: Hash tables configured (established 2048 bind 2048)
Jan  1 01:02:51     39 user.info kernel: TCP reno registered
Jan  1 01:02:51     40 user.info kernel: NET: Registered protocol family 1
Jan  1 01:02:51     41 user.info kernel: arch/arm/mach-lf1000/gpio_main.c.check_for_touchscreen:1381 found touchscreen
Jan  1 01:02:51     42 user.info kernel: Reading Board ID =  2
Jan  1 01:02:51     43 user.info kernel: JFFS2 version 2.2. (NAND) (SUMMARY)  © 2001-2006 Red Hat, Inc.
Jan  1 01:02:51     44 user.info kernel: msgmni has been set to 84
Jan  1 01:02:51     45 user.info kernel: alg: No test for stdrng (krng)
Jan  1 01:02:51     46 user.info kernel: io scheduler noop registered
Jan  1 01:02:51     47 user.info kernel: io scheduler deadline registered (default)
Jan  1 01:02:51     48 user.info kernel: Serial: 8250/16550 driver $Revision: 1.90 $ 4 ports, IRQ sharing disabled
Jan  1 01:02:51     49 user.info kernel: serial8250: ttyS0 at MMIO 0x0 (irq = 10) is a 8250
Jan  1 01:02:51     50 user.info kernel: serial8250: ttyS1 at MMIO 0x0 (irq = 34) is a 8250
Jan  1 01:02:51     51 user.info kernel: serial8250: ttyS2 at MMIO 0x0 (irq = 35) is a 8250
Jan  1 01:02:51     52 user.info kernel: serial8250: ttyS3 at MMIO 0x0 (irq = 36) is a 8250
Jan  1 01:02:51     53 user.info kernel: brd: module loaded
Jan  1 01:02:51     54 user.info kernel: loop: module loaded
Jan  1 01:02:51     55 user.info kernel: ohci_hcd: USB 1.1 'Open' Host Controller (OHCI) Driver
Jan  1 01:02:51     56 user.warn kernel: usb_hcd_lf1000_probe^M
Jan  1 01:02:51     57 user.warn kernel: hcd->regs: xc30be000
Jan  1 01:02:51     58 user.debug kernel: drivers/usb/host/ohci-lf1000.clf1000_start_hc
Jan  1 01:02:51     59 user.debug kernel: drivers/usb/host/ohci-lf1000.clf1000_start_hc returns
Jan  1 01:02:51     60 user.warn kernel: before ohci_hcd_init()
Jan  1 01:02:51     61 user.warn kernel: after ohci_hcd_init()^M
Jan  1 01:02:51     62 user.info kernel: lf1000-ohci lf1000-ohci: LF1000 OHCI
Jan  1 01:02:51     63 user.info kernel: lf1000-ohci lf1000-ohci: new USB bus registered, assigned bus number 1
Jan  1 01:02:51     64 user.info kernel: lf1000-ohci lf1000-ohci: irq 28, io mem 0xc000d000
Jan  1 01:02:51     65 user.warn kernel: ohci->regs: xc30be000
Jan  1 01:02:51     66 user.warn kernel: &ohci->regs->control: xc30be004
Jan  1 01:02:51     67 user.warn kernel: ioread32(&ohci->regs->control): 0x0
Jan  1 01:02:51     68 user.warn kernel: after hcd->driver->start
Jan  1 01:02:51     69 user.info kernel: usb usb1: configuration #1 chosen from 1 choice
Jan  1 01:02:51     70 user.info kernel: hub 1-0:1.0: USB hub found
Jan  1 01:02:51     71 user.info kernel: hub 1-0:1.0: 2 ports detected
Jan  1 01:02:51     72 user.warn kernel: usb_add_hcd() returns 0
Jan  1 01:02:51     73 user.warn kernel: after usb_add_hcd()^M
Jan  1 01:02:51     74 user.warn kernel: usb_hcd_lf1000_probe returns^M
Jan  1 01:02:51     75 user.info kernel: Scanning device for bad blocks
Jan  1 01:02:51     76 user.warn kernel: Bad eraseblock 1642 at 0x00000cd40000
Jan  1 01:02:51     77 user.info kernel: lf1000-mtd: totally igorning cartridge in boot
Jan  1 01:02:51     78 user.notice kernel: Creating 5 MTD partitions on "lf1000-base":
Jan  1 01:02:51     79 user.notice kernel: 0x000000000000-0x000000100000 : "Emerald_Boot"
Jan  1 01:02:51     80 user.notice kernel: 0x000000100000-0x000000200000 : "I18n_Screens"
Jan  1 01:02:51     81 user.notice kernel: 0x000000200000-0x000000a00000 : "Kernel"
Jan  1 01:02:51     82 user.notice kernel: 0x000000a00000-0x000006000000 : "RFS"
Jan  1 01:02:51     83 user.notice kernel: 0x000006000000-0x000020000000 : "Bulk"
Jan  1 01:02:51     84 user.notice kernel: Probing nor-flash at physical address 0x00000000 (8-bit bankwidth)
Jan  1 01:02:51     85 user.info kernel: Found: SST 39LF040
Jan  1 01:02:51     86 user.info kernel: nor-flash: Found 1 x8 devices at 0x0 in 8-bit bank
Jan  1 01:02:51     87 user.notice kernel: number of JEDEC chips: 1
Jan  1 01:02:51     88 user.notice kernel: cfi_cmdset_0002: Disabling erase-suspend-program due to code brokenness.
Jan  1 01:02:51     89 user.info kernel: lf1000_flash_probe().96
Jan  1 01:02:51     90 user.info kernel: lf1000_flash_probe().147
Jan  1 01:02:51     91 user.notice kernel: Creating 3 MTD partitions on "nor-flash":
Jan  1 01:02:51     92 user.notice kernel: 0x000000000000-0x00000007e000 : "NOR_Boot"
Jan  1 01:02:51     93 user.notice kernel: 0x00000007e000-0x00000007f000 : "MfgData0"
Jan  1 01:02:51     94 user.notice kernel: 0x00000007f000-0x000000080000 : "MfgData1"
Jan  1 01:02:51     95 user.notice kernel: UBI: attaching mtd3 to ubi0
Jan  1 01:02:51     96 user.notice kernel: UBI: physical eraseblock size:   131072 bytes (128 KiB)
Jan  1 01:02:51     97 user.notice kernel: UBI: logical eraseblock size:    129024 bytes
Jan  1 01:02:51     98 user.notice kernel: UBI: smallest flash I/O unit:    2048
Jan  1 01:02:51     99 user.notice kernel: UBI: sub-page size:              512
Jan  1 01:02:51    100 user.notice kernel: UBI: VID header offset:          512 (aligned 512)
Jan  1 01:02:51    101 user.notice kernel: UBI: data offset:                2048
Jan  1 01:02:51    102 user.notice kernel: UBI: attached mtd3 to ubi0
Jan  1 01:02:51    103 user.notice kernel: UBI: MTD device name:            "RFS"
Jan  1 01:02:51    104 user.notice kernel: UBI: MTD device size:            86 MiB
Jan  1 01:02:51    105 user.notice kernel: UBI: number of good PEBs:        688
Jan  1 01:02:51    106 user.notice kernel: UBI: number of bad PEBs:         0
Jan  1 01:02:51    107 user.notice kernel: UBI: max. allowed volumes:       128
Jan  1 01:02:51    108 user.notice kernel: UBI: wear-leveling threshold:    4096
Jan  1 01:02:51    109 user.notice kernel: UBI: number of internal volumes: 1
Jan  1 01:02:51    110 user.notice kernel: UBI: number of user volumes:     1
Jan  1 01:02:51    111 user.notice kernel: UBI: available PEBs:             0
Jan  1 01:02:51    112 user.notice kernel: UBI: total number of reserved PEBs: 688
Jan  1 01:02:51    113 user.notice kernel: UBI: number of PEBs reserved for bad PEB handling: 6
Jan  1 01:02:51    114 user.notice kernel: UBI: max/mean erase counter: 20/6
Jan  1 01:02:51    115 user.notice kernel: UBI: image sequence number: 0
Jan  1 01:02:51    116 user.notice kernel: UBI: background thread "ubi_bgt0d" started, PID 711
Jan  1 01:02:51    117 user.alert kernel: lf1000_power_probe.647
Jan  1 01:02:51    118 user.info kernel: input: Power Button as /class/input/input1
Jan  1 01:02:51    119 user.alert kernel: lf1000_power_probe.717 initial battery reading is :4857
Jan  1 01:02:51    120 user.info kernel: input: LF1000 Keyboard as /class/input/input2
Jan  1 01:02:51    121 user.info kernel: TCP cubic registered
Jan  1 01:02:51    122 user.info kernel: NET: Registered protocol family 17
Jan  1 01:02:51    123 user.debug kernel: lf1000_rtc_readtime(): 2008-01-01 01:02:50
Jan  1 01:02:51    124 user.info kernel: lf1000-rtc lf1000-rtc: setting system clock to 2008-01-01 01:02:50 UTC (1199149370)
Jan  1 01:02:51    125 user.notice kernel: UBIFS: recovery needed
Jan  1 01:02:51    126 user.notice kernel: UBIFS: recovery completed
Jan  1 01:02:51    127 user.notice kernel: UBIFS: mounted UBI device 0, volume 0, name "ubi_rfs"
Jan  1 01:02:51    128 user.notice kernel: UBIFS: file system size:   86059008 bytes (84042 KiB, 82 MiB, 667 LEBs)
Jan  1 01:02:51    129 user.notice kernel: UBIFS: journal size:       9033728 bytes (8822 KiB, 8 MiB, 71 LEBs)
Jan  1 01:02:51    130 user.notice kernel: UBIFS: media format:       w4/r0 (latest is w4/r0)
Jan  1 01:02:51    131 user.notice kernel: UBIFS: default compressor: lzo
Jan  1 01:02:51    132 user.notice kernel: UBIFS: reserved for root:  0 bytes (0 KiB)
Jan  1 01:02:51    133 user.warn kernel: VFS: Mounted root (ubifs filesystem) on device 0:13.
Jan  1 01:02:51    134 user.info kernel: Freeing init memory: 104K
Jan  1 01:02:57    135 local4.notice Emerald Base: +++ 8.04 23 180 601 Bgn AppManager
Jan  1 01:02:57    136 auth.notice su: + none root:game
Jan  1 01:02:57    137 local4.notice Emerald Base: Use ADC settings from NOR 33 2026
Jan  1 01:02:57    138 local4.notice Emerald Base: Starting Ethernet USB driver ...
Jan  1 01:02:58    139 user.info kernel: usb0: MAC 80:38:fd:04:f6:57
Jan  1 01:02:58    140 user.info kernel: usb0: HOST MAC 80:38:fd:84:f6:57
Jan  1 01:02:58    141 user.info kernel: g_ether gadget: Ethernet Gadget, version: Veterans Day 2009
Jan  1 01:02:58    142 user.info kernel: g_ether gadget: g_ether ready
Jan  1 01:02:58    143 local4.notice Emerald Base: Starting touch screen driver ...
Jan  1 01:02:58    144 user.info kernel: input: LF1000 touchscreen interface as /class/input/input3
Jan  1 01:02:58    145 local4.notice Emerald Base: setcal: Using USERCAL in /flags/pointercal -33242 -632 28392732 -633 -28679 23140057 65536
Jan  1 01:02:58    146 user.info kernel: drivers/input/touchscreen/lf1000_ts.c.set_a0:470 a[0]=28392732
Jan  1 01:02:58    147 user.info kernel: drivers/input/touchscreen/lf1000_ts.c.set_a1:491 a[1]=-33242
Jan  1 01:02:58    148 user.info kernel: drivers/input/touchscreen/lf1000_ts.c.set_a2:513 a[2]=-632
Jan  1 01:02:58    149 user.info kernel: drivers/input/touchscreen/lf1000_ts.c.set_a3:535 a[3]=23140057
Jan  1 01:02:58    150 user.info kernel: drivers/input/touchscreen/lf1000_ts.c.set_a4:556 a[4]=-633
Jan  1 01:02:58    151 user.info kernel: drivers/input/touchscreen/lf1000_ts.c.set_a5:577 a[5]=-28679
Jan  1 01:02:58    152 user.info kernel: drivers/input/touchscreen/lf1000_ts.c.set_a6:598 a[6]=65536
Jan  1 01:02:59    153 local4.notice Emerald Base: +++ 9.98 117 280 601 Bgn Attaching Bulk
Jan  1 01:02:59    154 user.notice kernel: UBI: attaching mtd4 to ubi1
Jan  1 01:02:59    155 user.notice kernel: UBI: physical eraseblock size:   131072 bytes (128 KiB)
Jan  1 01:02:59    156 user.notice kernel: UBI: logical eraseblock size:    129024 bytes
Jan  1 01:02:59    157 user.notice kernel: UBI: smallest flash I/O unit:    2048
Jan  1 01:02:59    158 user.notice kernel: UBI: sub-page size:              512
Jan  1 01:02:59    159 user.notice kernel: UBI: VID header offset:          512 (aligned 512)
Jan  1 01:02:59    160 user.notice kernel: UBI: data offset:                2048
Jan  1 01:02:59    161 local4.notice Emerald App: [0x6] Start ButtonPowerUSB Task ... !
Jan  1 01:02:59    162 local4.notice Emerald App: [0x6] Start Cartridge task ...!
Jan  1 01:03:00    163 local4.notice Emerald App: [0x5] DisplayModule::InitModule: /dev/mlc base = 82E00000, size = 01200000
Jan  1 01:03:00    164 local4.notice Emerald App: [0x5] DisplayModule::InitModule: mapped base 82E00000, size 01200000 to 0x82e00000
Jan  1 01:03:00    165 local4.notice Emerald App: [0x5] DisplayModule::InitModule: mapped base A2E00000, size 01200000 to 0x4056d000
Jan  1 01:03:00    166 local4.notice Emerald App: [0x5] DisplayModule::CreateHandle: 0x4166d000
Jan  1 01:03:00    167 user.notice kernel: UBI: attached mtd4 to ubi1
Jan  1 01:03:00    168 user.notice kernel: UBI: MTD device name:            "Bulk"
Jan  1 01:03:00    169 user.notice kernel: UBI: MTD device size:            416 MiB
Jan  1 01:03:00    170 user.notice kernel: UBI: number of good PEBs:        3327
Jan  1 01:03:00    171 user.notice kernel: UBI: number of bad PEBs:         1
Jan  1 01:03:00    172 user.notice kernel: UBI: max. allowed volumes:       128
Jan  1 01:03:00    173 user.notice kernel: UBI: wear-leveling threshold:    4096
Jan  1 01:03:00    174 user.notice kernel: UBI: number of internal volumes: 1
Jan  1 01:03:00    175 user.notice kernel: UBI: number of user volumes:     1
Jan  1 01:03:00    176 user.notice kernel: UBI: available PEBs:             0
Jan  1 01:03:00    177 user.notice kernel: UBI: total number of reserved PEBs: 3327
Jan  1 01:03:00    178 local4.notice Emerald Base: +++ 11.37 156 380 601 Bgn Mounting /LF/Bulk
Jan  1 01:03:00    179 user.notice kernel: UBIFS: recovery needed
Jan  1 01:03:00    180 user.notice kernel: UBIFS: recovery completed
Jan  1 01:03:00    181 user.notice kernel: UBIFS: mounted UBI device 1, volume 0, name "ubi_bulk"
Jan  1 01:03:00    182 user.notice kernel: UBIFS: file system size:   423069696 bytes (413154 KiB, 403 MiB, 3279 LEBs)
Jan  1 01:03:00    183 user.notice kernel: UBIFS: journal size:       9033728 bytes (8822 KiB, 8 MiB, 71 LEBs)
Jan  1 01:03:00    184 user.notice kernel: UBIFS: media format:       w4/r0 (latest is w4/r0)
Jan  1 01:03:00    185 user.notice kernel: UBIFS: default compressor: lzo
Jan  1 01:03:00    186 user.notice kernel: UBIFS: reserved for root:  0 bytes (0 KiB)
Jan  1 01:03:00    187 local4.notice Emerald App: [0x1] EnableSpeaker: 1
Jan  1 01:03:00    188 user.info kernel: drivers/lf1000/i2s/main.c.audio_open() dev->isOpen=1
Jan  1 01:03:00    189 user.info kernel: setAudioRate: expected rate 32000Hz, actual: 32000Hz
Jan  1 01:03:00    190 user.info kernel: getAudioRate: sample rate: 32000Hz, divisor: 48, CLKGEN0: 0x000002F0
Jan  1 01:03:00    191 local4.crit Emerald App: [0xd] VideoTask Started...
Jan  1 01:03:01    192 local4.notice Emerald App: [0x280] CAppManager::CAppManager ; LightningBase/Src/AppManager.cpp; 305; 30020
Jan  1 01:03:01    193 local4.notice Emerald App: [0x280] Shutdown Timer set for 12000 [ms] timeout
Jan  1 01:03:01    194 local4.notice Emerald App: [0x280] USB Device Watchdog set for 12 [sec] timeout
Jan  1 01:03:01    195 local4.notice Emerald App: [0x280] AppManager signal handler installed 
Jan  1 01:03:01    196 local4.notice Emerald App: [0x6] AddListener: added listener 0xd2c28, number 1
Jan  1 01:03:01    197 local4.notice Emerald App: [0x5] DisplayModule::CreateHandle: 0x82e00000
Jan  1 01:03:01    198 local4.notice Emerald App: [0x5] DisplayModule::DestroyHandle: 0x82e00000
Jan  1 01:03:01    199 local4.notice Emerald App: [0x280] Run: removing guest data at power on
Jan  1 01:03:01    200 local4.notice Emerald App: [0x280] Run Cold boot, resetting RTCAccuracy
Jan  1 01:03:01    201 local4.crit Emerald App: [0xf] fopenAtomic(/LF/Bulk/settings.cfg) returning 0x000d4460
Jan  1 01:03:01    202 local4.crit Emerald App: [0xf] fcloseAtomic returning 0
Jan  1 01:03:01    203 local4.notice Emerald App: [0x280] mCurrentTransition = kLoginApp !
Jan  1 01:03:01    204 local4.notice Emerald App: [0x0] EnumDeviceCallback: /sys/class/usb_device/usbdev1.1: 1D6B0001
Jan  1 01:03:01    205 local4.notice Emerald App: [0x280] PushApp Start: L3X/main.swf; LightningBase/Src/AppManager.cpp; 704; 29600
Jan  1 01:03:01    206 local4.notice Emerald App: [0x280] LoadNewApp path = /LF/Base/L3X/main.swf
Jan  1 01:03:01    207 local4.notice Emerald App: [0x280] LoadNewApp: before; /LF/Base/L3X/main.swf; 1176; 29588
Jan  1 01:03:01    208 user.info kernel: drivers/input/touchscreen/lf1000_ts.c.set_sample_rate_in_hz:624 sample_rate_in_jiffies=1
Jan  1 01:03:01    209 user.info kernel: drivers/input/touchscreen/lf1000_ts.c.set_debounce_in_samples_down:314 debounce_in_samples_down=4
Jan  1 01:03:01    210 user.info kernel: drivers/input/touchscreen/lf1000_ts.c.set_debounce_in_samples_up:350 debounce_in_samples_up=1
Jan  1 01:03:02    211 local4.notice Emerald App: [0x280] LoadNewApp: after ; /LF/Base/L3X/main.swf; 1248; 28180
Jan  1 01:03:02    212 local4.notice Emerald App: [0x280] PushApp Done: L3X/main.swf; LightningBase/Src/AppManager.cpp; 706; 28180
Jan  1 01:03:02    213 local4.notice Emerald App: [0x280] mCurrentTransition = kPushApp !
Jan  1 01:03:02    214 local4.notice Emerald App: [0x6] AddListener: added listener 0x1add0, number 2
Jan  1 01:03:02    215 local4.notice Emerald App: [0x6] AddListener: added listener 0x1ae14, number 3
Jan  1 01:03:02    216 local4.notice Emerald App: [0x5] DisplayModule::CreateHandle: 0x82e00000
Jan  1 01:03:03    217 local4.crit Emerald App: [0xd] VideoTask Stopping...
Jan  1 01:03:03    218 local4.notice Emerald App: [0x5] DisplayModule::DestroyHandle: 0x4166d000
Jan  1 01:03:04    219 local4.notice Emerald App: [0x200] SystemPlugin::SetTouchscreenSampleRate( 50 ): true
Jan  1 01:03:04    220 local4.notice Emerald App: [0x200] AppManagerPlugin::isBaseAppRelaunch, FALSE
Jan  1 01:03:04    221 local4.notice Emerald App: [0x200] SystemPlugin::IsLFPlatform(): true
Jan  1 01:03:04    222 local4.notice Emerald App: [0x200] SystemPlugin::SetDidjLegacyFlag( 0 )
Jan  1 01:03:04    223 local4.notice Emerald App: [0x200] AppManagerPlugin::isBaseAppRelaunch, FALSE
Jan  1 01:03:08    224 local4.notice Emerald App: [0x13] CartManager started !
Jan  1 01:03:08    225 local4.notice Emerald Base: Starting /etc/init.d/networking ...
Jan  1 01:03:08    226 local4.notice Emerald Base: /etc/init.d/networking: default: dynamic IP
Jan  1 01:03:08    227 daemon.info avahi-autoipd(usb0)[868]: Found user 'avahi-autoipd' (UID 1104) and group 'avahi-autoipd' (GID 1104).
Jan  1 01:03:08    228 daemon.info avahi-autoipd(usb0)[868]: Successfully called chroot().
Jan  1 01:03:08    229 daemon.info avahi-autoipd(usb0)[868]: Successfully dropped root privileges.
Jan  1 01:03:08    230 daemon.info avahi-autoipd(usb0)[868]: Starting with address 169.254.8.202
Jan  1 01:03:09    231 daemon.info avahi-daemon[877]: Found user 'avahi' (UID 1102) and group 'avahi' (GID 1102).
Jan  1 01:03:09    232 daemon.info avahi-daemon[877]: Successfully dropped root privileges.
Jan  1 01:03:09    233 daemon.info avahi-daemon[877]: avahi-daemon 0.6.24 starting up.
Jan  1 01:03:09    234 daemon.warn avahi-daemon[877]: WARNING: No NSS support for mDNS detected, consider installing nss-mdns!
Jan  1 01:03:09    235 daemon.warn avahi-daemon[877]: Failed to open /etc/resolv.conf: No such file or directory
Jan  1 01:03:09    236 daemon.info avahi-daemon[877]: Loading service file /etc/avahi/services/ftp.service.
Jan  1 01:03:09    237 daemon.info avahi-daemon[877]: Loading service file /etc/avahi/services/sftp-ssh.service.
Jan  1 01:03:09    238 daemon.info avahi-daemon[877]: Loading service file /etc/avahi/services/ssh.service.
Jan  1 01:03:09    239 daemon.info avahi-daemon[877]: Network interface enumeration completed.
Jan  1 01:03:09    240 daemon.info avahi-daemon[877]: Registering HINFO record with values 'ARMV5TEJL'/'LINUX'.
Jan  1 01:03:09    241 daemon.info avahi-daemon[877]: Server startup complete. Host name is Explorer-0614170001021004F657.local. Local service cookie is 2771001584.
Jan  1 01:03:09    242 daemon.info avahi-daemon[877]: Service "Explorer-0614170001021004F657" (/etc/avahi/services/ssh.service) successfully established.
Jan  1 01:03:09    243 daemon.info avahi-daemon[877]: Service "SFTP File Transfer on Explorer-0614170001021004F657" (/etc/avahi/services/sftp-ssh.service) successfully established.
Jan  1 01:03:09    244 daemon.info avahi-daemon[877]: Service "FTP Transfer on Explorer-0614170001021004F657" (/etc/avahi/services/ftp.service) successfully established.
Jan  1 01:03:09    245 local4.notice Emerald Base: Starting vbus-monitor ...
Jan  1 01:03:09    246 local4.notice vbus-actions: VBUS went low; stop DFTP
Jan  1 01:03:09    247 local4.notice Emerald Base: Stopping DFTP ...
Jan  1 01:03:10    248 auth.info sshd[905]: Server listening on 0.0.0.0 port 22.
Jan  1 01:03:12    249 local4.notice Emerald Base: hostname:         'Explorer-0614170001021004F657'
Jan  1 01:03:12    250 local4.notice Emerald Base: Board ID:         '2'
Jan  1 01:03:12    251 local4.notice Emerald Base: NOR BootVersion:  '1.0.8.6905'
Jan  1 01:03:12    252 local4.notice Emerald Base: NOR SerialNumber: '0614170001021004F657'
Jan  1 01:03:13    253 local4.notice Emerald Base: NAND BootVersion: '1.0.8.6905'
Jan  1 01:03:13    254 local4.notice Emerald Base: Firmware Release Version: 1.0.8-6905
Jan  1 01:03:13    255 local4.notice Emerald Base: Base bin Version: "1.0.8.5070"^M
Jan  1 01:03:13    256 local4.notice Emerald Base: Base lib Version: "1.0.8.5190"^M
Jan  1 01:03:13    257 local4.notice Emerald Base: Base L3X Version: "1.0.8.5154"^M
Jan  1 01:03:13    258 local4.notice Emerald Base: Base Brio Version: "1.0.8.6905"^M
Jan  1 01:03:15    259 daemon.info avahi-autoipd(usb0)[868]: Callout BIND, address 169.254.8.202 on interface usb0
Jan  1 01:03:15    260 daemon.info avahi-daemon[877]: Joining mDNS multicast group on interface usb0.IPv4 with address 169.254.8.202.
Jan  1 01:03:15    261 daemon.info avahi-daemon[877]: New relevant interface usb0.IPv4 for mDNS.
Jan  1 01:03:15    262 daemon.info avahi-daemon[877]: Registering new address record for 169.254.8.202 on usb0.IPv4.
Jan  1 01:03:19    263 daemon.info avahi-autoipd(usb0)[868]: Successfully claimed IP address 169.254.8.202
Jan  1 01:03:46    264 user.info kernel: set_cpu_freq_in_hz.396 frequency=425500000
Jan  1 01:03:46    265 user.info kernel: getAudioRate: sample rate: 32000Hz, divisor: 48, CLKGEN0: 0x000002F0
Jan  1 01:03:46    266 user.info kernel: lf1000_oscvco_set.50  changing pll 0, old=0x00DF2100, new=0x00DB5300
Jan  1 01:03:46    267 user.info kernel: setAudioRate: expected rate 32000Hz, actual: 31963Hz
Jan  1 01:03:56    268 local4.crit Emerald App: [0xf] fopenAtomic(/LF/Bulk/settings.cfg) returning 0x00162d68
Jan  1 01:03:56    269 local4.crit Emerald App: [0xf] fcloseAtomic returning 0
Jan  1 01:03:56    270 local4.notice Emerald App: [0x200] SystemPlugin::setCurrentPlayerID( 0 )
Jan  1 01:03:56    271 local4.crit Emerald App: [0xf] fopenAtomic(/LF/Bulk/Data/Local/0/./profile.dsc) returning 0x00164150
Jan  1 01:03:56    272 local4.crit Emerald App: [0xf] fcloseAtomic returning 0
Jan  1 01:03:56    273 local4.notice Emerald App: [0x201] Setting Current Profile to 0
Jan  1 01:04:00    274 local4.notice Emerald App: [0x200] SystemPlugin::SetTouchscreenSampleRate( 50 ): true
Jan  1 01:04:00    275 local4.notice Emerald App: [0x200] SystemPlugin::GetPetResourcesPath(): /LF/Base/PetResources/
Jan  1 01:04:06    276 local4.alert Emerald App: [0x280] setting mPowerShutdownOccurred = true
Jan  1 01:04:06    277 local4.notice Emerald App: [0x8] CreateTimer tTimerHndl=0x1b0f70 callback=0x40540088 SIGRT34
Jan  1 01:04:06    278 user.alert kernel: power_button_irq.468 Power button pressed
Jan  1 01:04:06    279 local4.crit Emerald App: [0x280] mPowerShutdownOccurred
Jan  1 01:04:06    280 local4.notice Emerald App: [0x280] mCurrentTransition = kReplaceAllWithApp !
Jan  1 01:04:06    281 local4.notice Emerald App: [0x280] CAppManager::ExitPopUnloadApp()
Jan  1 01:04:07    282 local4.alert Emerald App: [0x280] setting mPowerShutdownOccurred = true
Jan  1 01:04:07    283 local4.notice Emerald App: [0x8] CreateTimer tTimerHndl=0xef0b8 callback=0x40540088 SIGRT35
Jan  1 01:04:07    284 user.alert kernel: power_button_monitor_task.429 Power button released
Jan  1 01:04:07    285 local4.notice Emerald App: [0x6] RemoveListener: removed listener 0x1ae14, number 2
Jan  1 01:04:07    286 local4.notice Emerald App: [0x6] RemoveListener: removed listener 0x1add0, number 1
Jan  1 01:04:07    287 local4.notice Emerald App: [0x5] DisplayModule::DestroyHandle: 0x82e00000
Jan  1 01:04:07    288 local4.notice Emerald App: [0x6] RemoveListener: could not remove listener 0x1ae14, number 1
Jan  1 01:04:07    289 local4.notice Emerald App: [0x6] RemoveListener: could not remove listener 0x1add0, number 1
Jan  1 01:04:07    290 local4.notice Emerald App: [0x280] ExitPopUnloadApp: before; /LF/Base/L3X/; 1301; 19812
Jan  1 01:04:07    291 user.info kernel: drivers/input/touchscreen/lf1000_ts.c.set_sample_rate_in_hz:624 sample_rate_in_jiffies=1
Jan  1 01:04:07    292 user.info kernel: drivers/input/touchscreen/lf1000_ts.c.set_debounce_in_samples_down:314 debounce_in_samples_down=4
Jan  1 01:04:07    293 user.info kernel: drivers/input/touchscreen/lf1000_ts.c.set_debounce_in_samples_up:350 debounce_in_samples_up=1
Jan  1 01:04:07    294 local4.notice Emerald App: [0x280] ExitPopUnloadApp: before UnloadModule /LF/Base/L3X/
Jan  1 01:04:07    295 local4.notice Emerald App: [0x280] ExitPopUnloadApp: module unloaded 866488
Jan  1 01:04:07    296 local4.notice Emerald App: [0x280] ExitPopUnloadApp: after ; /LF/Base/L3X/; 1307; 19900
Jan  1 01:04:07    297 local4.crit Emerald App: [0x280] ExitPopUnloadApp: OGL context still active after unloading
Jan  1 01:04:07    298 local4.crit Emerald App: [0x280] ExitPopUnloadApp: aborting all Atomic I/O with fabortAllAtomic
Jan  1 01:04:07    299 local4.crit Emerald App: [0xf] fabortAllAtomic: aborted 0 files
Jan  1 01:04:07    300 local4.notice Emerald App: [0x0] Displaying the shutdown screen now.
Jan  1 01:04:07    301 local4.notice Emerald App: [0x0] (had to make our own screen context)
Jan  1 01:04:07    302 local4.notice Emerald App: [0x5] DisplayModule::CreateHandle: 0x82e00000
Jan  1 01:04:07    303 local4.alert Emerald App: [0x280] ::Run return mRestart:0
Jan  1 01:04:07    304 local4.notice Emerald App: [0x280] CAppManager::~CAppManager()
Jan  1 01:04:07    305 local4.notice Emerald App: [0x6] RemoveListener: removed listener 0xd2c28, number 0
Jan  1 01:04:07    306 local4.notice Emerald App: [0x280] CAppManager::ExitPopUnloadApp()
Jan  1 01:04:07    307 user.info kernel: drivers/input/touchscreen/lf1000_ts.c.set_sample_rate_in_hz:624 sample_rate_in_jiffies=1
Jan  1 01:04:07    308 user.info kernel: drivers/input/touchscreen/lf1000_ts.c.set_debounce_in_samples_down:314 debounce_in_samples_down=4
Jan  1 01:04:07    309 user.info kernel: drivers/input/touchscreen/lf1000_ts.c.set_debounce_in_samples_up:350 debounce_in_samples_up=1
Jan  1 01:04:07    310 local4.notice Emerald App: [0x6] RemoveListener: could not remove listener 0xba3a0, number 0
Jan  1 01:04:07    311 user.info kernel: drivers/lf1000/i2s/main.c.audio_release() dev->isOpen=0
Jan  1 01:04:07    312 local4.notice Emerald App: [0x6] RemoveListener: could not remove listener 0xd2c28, number 0
Jan  1 01:04:07    313 local4.notice Emerald App: [0x0] Calling Shutdown().
Jan  1 01:04:07    314 local4.notice Emerald App: [0x5] DisplayModule::InitModule: /dev/mlc base = 82E00000, size = 01200000
Jan  1 01:04:07    315 local4.notice Emerald App: [0x5] DisplayModule::InitModule: mapped base 82E00000, size 01200000 to 0x82e00000
Jan  1 01:04:07    316 local4.notice Emerald App: [0x5] DisplayModule::InitModule: mapped base A2E00000, size 01200000 to 0x4056d000
Jan  1 01:04:07    317 local4.notice Emerald App: [0x5] DisplayModule::CreateHandle: 0x4166d000
Jan  1 01:04:07    318 local4.notice Emerald App: [0x1] EnableSpeaker: 1
Jan  1 01:04:07    319 user.info kernel: drivers/lf1000/i2s/main.c.audio_open() dev->isOpen=1
Jan  1 01:04:07    320 user.info kernel: setAudioRate: expected rate 32000Hz, actual: 31963Hz
Jan  1 01:04:07    321 user.info kernel: getAudioRate: sample rate: 31963Hz, divisor: 52, CLKGEN0: 0x00000330
Jan  1 01:04:07    322 local4.crit Emerald App: [0xd] VideoTask Started...
Jan  1 01:04:08    323 local4.crit Emerald App: [0xd] VideoTask Stopping...
Jan  1 01:04:08    324 local4.notice Emerald App: [0x6] RemoveListener: could not remove listener 0x8f420, number 0
Jan  1 01:04:08    325 user.info kernel: drivers/lf1000/i2s/main.c.audio_release() dev->isOpen=0
Jan  1 01:04:09    326 local4.notice Emerald App: [0x5] DisplayModule::DestroyHandle: 0x4166d000
Jan  1 01:04:09    327 local4.alert Emerald App: [0xe] PowerMPI::Shutdown poweroff
Jan  1 01:04:09    328 local2.notice sudo:     game : TTY=unknown ; PWD=/LF ; USER=root ; COMMAND=/sbin/poweroff
Jan  1 01:04:09    329 local4.notice /usr/bin/app: AppManager exit(0) count=1 uptime=79
Jan  1 01:04:09    330 local4.notice Emerald Base: Shutdown requested, exit AppManager launch loop
Jan  1 01:04:09    331 daemon.warn avahi-daemon[877]: Disconnected from D-Bus, exiting.
Jan  1 01:04:09    332 daemon.info avahi-daemon[877]: Got SIGQUIT, quitting.
Jan  1 01:04:09    333 local4.notice Emerald Base: Stopping vbus-monitor ...
Jan  1 01:04:09    334 daemon.info avahi-daemon[877]: Leaving mDNS multicast group on interface usb0.IPv4 with address 169.254.8.202.
Jan  1 01:04:09    335 local4.notice Emerald Base: Stopping /etc/init.d/networking ...
Jan  1 01:04:09    336 daemon.err avahi-autoipd(usb0)[868]: SIOCSIFFLAGS failed: Permission denied
Jan  1 01:04:09    337 daemon.info avahi-autoipd(usb0)[868]: Callout STOP, address 169.254.8.202 on interface usb0
Jan  1 01:04:09    338 local4.notice Emerald Base: Stopping Ethernet USB driver ...
Jan  1 01:04:09    339 daemon.info avahi-autoipd(usb0)[869]: client: ip: cannot find device "usb0"
Jan  1 01:04:09    340 daemon.warn avahi-autoipd(usb0)[869]: Script execution failed with return value 1
Jan  1 01:04:10    341 local4.notice Emerald Base: Stopping system logging ... !
Jan  1 01:04:10    342 user.notice kernel: klogd: exiting
Jan  1 01:04:10    343 syslog.info syslogd exiting
Apr 27 23:41:19      0 syslog.info syslogd started: BusyBox v1.13.2---1
Apr 27 23:41:44      0 syslog.info syslogd started: BusyBox v1.13.2---1
Apr 27 23:41:44      1 local4.notice Recovery Keep-Alives: boot_image=PLAY boot_source=NOR panic=0 power=COLD request=BATTERY shutdown=DIRTY raw=0003E25D
Apr 27 23:41:44      2 user.notice kernel: klogd started: BusyBox v1.13.2 (2010-03-16 15:24:13 PDT)
Apr 27 23:41:44      3 user.notice kernel: Linux version 2.6.31-leapfrog (lfu@lightning-release) (gcc version 4.1.1) #37 Fri Mar 26 16:44:07 PDT 2010
Apr 27 23:41:44      4 user.warn kernel: CPU: ARM926EJ-S [41069265] revision 5 (ARMv5TEJ), cr=00053177
Apr 27 23:41:44      5 user.warn kernel: CPU: VIVT data cache, VIVT instruction cache
Apr 27 23:41:44      6 user.warn kernel: Machine: ARM-LF1000
Apr 27 23:41:44      7 user.warn kernel: Memory policy: ECC disabled, Data cache writeback
Apr 27 23:41:44      8 user.debug kernel: On node 0 totalpages: 11776
Apr 27 23:41:44      9 user.debug kernel: free_area_init_node: node 0, pgdat c03492dc, node_mem_map c037e000
Apr 27 23:41:44     10 user.debug kernel:   Normal zone: 92 pages used for memmap
Apr 27 23:41:44     11 user.debug kernel:   Normal zone: 0 pages reserved
Apr 27 23:41:44     12 user.debug kernel:   Normal zone: 11684 pages, LIFO batch:1
Apr 27 23:41:44     13 user.info kernel: lf1000_oscvco_set.60 pll 0, not changed already set to 0x00DF2100
Apr 27 23:41:44     14 user.warn kernel: PLL0=393.218109 MHz   
Apr 27 23:41:44     15 user.info kernel: lf1000_oscvco_set.60 pll 1, not changed already set to 0x0024C402
Apr 27 23:41:44     16 user.warn kernel: PLL1=147.000 MHz   Built 1 zonelists in Zone order, mobility grouping on.  Total pages: 11684
Apr 27 23:41:44     17 user.notice kernel: Kernel command line: init=/sbin/init console=ttyS0,115200 mem=46M mlc_fb=0x82E00000,0x01200000 ram=0x80000000-0x83FFFFFF screen_module=ILI9322 ebs=0x20000,0x0 root=ubi0_0 rw rootfstype=ubifs ubi.mtd=RFS 
Apr 27 23:41:44     18 user.warn kernel: PID hash table entries: 256 (order: 8, 1024 bytes)
Apr 27 23:41:44     19 user.info kernel: Dentry cache hash table entries: 8192 (order: 3, 32768 bytes)
Apr 27 23:41:44     20 user.info kernel: Inode-cache hash table entries: 4096 (order: 2, 16384 bytes)
Apr 27 23:41:44     21 user.info kernel: JFFS2 version 2.2. (NAND) (SUMMARY)  © 2001-2006 Red Hat, Inc.
Apr 27 23:41:44     22 user.info kernel: msgmni has been set to 84
Apr 27 23:41:44     23 user.info kernel: alg: No test for stdrng (krng)
Apr 27 23:41:44     24 user.info kernel: io scheduler noop registered
Apr 27 23:41:44     25 user.info kernel: io scheduler deadline registered (default)
Apr 27 23:41:44     26 user.info kernel: Serial: 8250/16550 driver $Revision: 1.90 $ 4 ports, IRQ sharing disabled
Apr 27 23:41:44     27 user.info kernel: serial8250: ttyS0 at MMIO 0x0 (irq = 10) is a 8250
Apr 27 23:41:44     28 user.info kernel: serial8250: ttyS1 at MMIO 0x0 (irq = 34) is a 8250
Apr 27 23:41:44     29 user.info kernel: serial8250: ttyS2 at MMIO 0x0 (irq = 35) is a 8250
Apr 27 23:41:44     30 user.info kernel: serial8250: ttyS3 at MMIO 0x0 (irq = 36) is a 8250
Apr 27 23:41:44     31 user.info kernel: brd: module loaded
Apr 27 23:41:44     32 user.info kernel: loop: module loaded
Apr 27 23:41:44     33 user.info kernel: ohci_hcd: USB 1.1 'Open' Host Controller (OHCI) Driver
Apr 27 23:41:44     34 user.warn kernel: usb_hcd_lf1000_probe^M
Apr 27 23:41:44     35 user.warn kernel: hcd->regs: xc30be000
Apr 27 23:41:44     36 user.debug kernel: drivers/usb/host/ohci-lf1000.clf1000_start_hc
Apr 27 23:41:44     37 user.debug kernel: drivers/usb/host/ohci-lf1000.clf1000_start_hc returns
Apr 27 23:41:44     38 user.warn kernel: before ohci_hcd_init()
Apr 27 23:41:44     39 user.warn kernel: after ohci_hcd_init()^M
Apr 27 23:41:44     40 user.info kernel: lf1000-ohci lf1000-ohci: LF1000 OHCI
Apr 27 23:41:44     41 user.info kernel: lf1000-ohci lf1000-ohci: new USB bus registered, assigned bus number 1
Apr 27 23:41:44     42 user.info kernel: lf1000-dpc driver
Apr 27 23:41:44     43 user.warn kernel: dpc: PWM clock rate is 9800000
Apr 27 23:41:44     44 user.debug kernel: idct: start=C000F800, end=C000FFC4
Apr 27 23:41:44     45 user.debug kernel: idct: mem=c30e8800
Apr 27 23:41:44     46 user.info kernel: input: LF1000 USB as /class/input/input0
Apr 27 23:41:44     47 user.info kernel: Cartridge hot swap supported 
Apr 27 23:41:44     48 user.info kernel: nand_get_flash_type(...): Manu_ID = 2c, Dev_ID = dc 
Apr 27 23:41:44     49 user.info kernel: NAND device: Manufacturer ID: 0x2c, Chip ID: 0xdc (Micron NAND 512MiB 3,3V 8-bit)
Apr 27 23:41:44     50 user.err kernel: I: chip->options & NAND_NO_SUBPAGE_WRITE = 0
Apr 27 23:41:44     51 user.err kernel: I: chip->options & NAND_CI_CELLTYPE_MSK = 0
Apr 27 23:41:44     52 user.err kernel: I: ecc.steps = 8
Apr 27 23:41:44     53 user.err kernel: I: mtd=c2995400 mtd->subpage_sft = 2
Apr 27 23:41:44     54 user.info kernel: Scanning device for bad blocks
Apr 27 23:41:44     55 user.warn kernel: Bad eraseblock 1642 at 0x00000cd40000
Apr 27 23:41:44     56 user.info kernel: lf1000-mtd: totally igorning cartridge in boot
Apr 27 23:41:44     57 user.notice kernel: Creating 5 MTD partitions on "lf1000-base":
Apr 27 23:41:44     58 user.notice kernel: 0x000000000000-0x000000100000 : "Emerald_Boot"
Apr 27 23:41:44     59 user.notice kernel: 0x000000100000-0x000000200000 : "I18n_Screens"
Apr 27 23:41:44     60 user.notice kernel: 0x000000200000-0x000000a00000 : "Kernel"
Apr 27 23:41:44     61 user.notice kernel: 0x000000a00000-0x000006000000 : "RFS"
Apr 27 23:41:44     62 user.notice kernel: 0x000006000000-0x000020000000 : "Bulk"
Apr 27 23:41:44     63 user.notice kernel: Probing nor-flash at physical address 0x00000000 (8-bit bankwidth)
Apr 27 23:41:44     64 user.info kernel: Found: SST 39LF040
Apr 27 23:41:44     65 user.info kernel: nor-flash: Found 1 x8 devices at 0x0 in 8-bit bank
Apr 27 23:41:44     66 user.notice kernel: number of JEDEC chips: 1
Apr 27 23:41:44     67 user.notice kernel: cfi_cmdset_0002: Disabling erase-suspend-program due to code brokenness.
Apr 27 23:41:44     68 user.info kernel: lf1000_flash_probe().96
Apr 27 23:41:44     69 user.info kernel: lf1000_flash_probe().147
Apr 27 23:41:44     70 user.notice kernel: Creating 3 MTD partitions on "nor-flash":
Apr 27 23:41:44     71 user.notice kernel: 0x000000000000-0x00000007e000 : "NOR_Boot"
Apr 27 23:41:44     72 user.notice kernel: 0x00000007e000-0x00000007f000 : "MfgData0"
Apr 27 23:41:44     73 user.notice kernel: 0x00000007f000-0x000000080000 : "MfgData1"
Apr 27 23:41:44     74 user.notice kernel: UBI: attaching mtd3 to ubi0
Apr 27 23:41:44     75 user.notice kernel: UBI: physical eraseblock size:   131072 bytes (128 KiB)
Apr 27 23:41:44     76 user.notice kernel: UBI: logical eraseblock size:    129024 bytes
Apr 27 23:41:44     77 user.notice kernel: UBI: smallest flash I/O unit:    2048
Apr 27 23:41:44     78 user.notice kernel: UBI: sub-page size:              512
Apr 27 23:41:44     79 user.notice kernel: UBI: VID header offset:          512 (aligned 512)
Apr 27 23:41:44     80 user.notice kernel: UBI: data offset:                2048
Apr 27 23:41:44     81 user.notice kernel: UBI: attached mtd3 to ubi0
Apr 27 23:41:44     82 user.notice kernel: UBI: MTD device name:            "RFS"
Apr 27 23:41:44     83 user.notice kernel: UBI: MTD device size:            86 MiB
Apr 27 23:41:44     84 user.notice kernel: UBI: number of good PEBs:        688
Apr 27 23:41:44     85 user.notice kernel: UBI: number of bad PEBs:         0
Apr 27 23:41:44     86 user.notice kernel: UBIFS: media format:       w4/r0 (latest is w4/r0)
Apr 27 23:41:44     87 user.notice kernel: UBIFS: default compressor: lzo
Apr 27 23:41:44     88 user.notice kernel: UBIFS: reserved for root:  0 bytes (0 KiB)
Apr 27 23:41:44     89 user.warn kernel: VFS: Mounted root (ubifs filesystem) on device 0:13.
Apr 27 23:41:44     90 user.info kernel: Freeing init memory: 104K
Apr 27 23:41:50     91 local4.notice Emerald Base: +++ 8.10 17 190 602 Bgn AppManager
Apr 27 23:41:50     92 auth.notice su: + none root:game
Apr 27 23:41:50     93 local4.notice Emerald Base: Use ADC settings from NOR 33 2026
Apr 27 23:41:50     94 local4.notice Emerald Base: Starting Ethernet USB driver ...
Apr 27 23:41:51     95 user.info kernel: usb0: MAC 80:38:fd:04:f6:57
Apr 27 23:41:51     96 user.info kernel: usb0: HOST MAC 80:38:fd:84:f6:57
Apr 27 23:41:51     97 user.info kernel: g_ether gadget: Ethernet Gadget, version: Veterans Day 2009
Apr 27 23:41:51     98 user.info kernel: g_ether gadget: g_ether ready
Apr 27 23:41:51     99 local4.notice Emerald Base: Starting touch screen driver ...
